******************************************************************************
                  TI ARM Linker PC v20.2.1                     
******************************************************************************
>> Linked Mon Jan 25 02:42:27 2021

OUTPUT FILE NAME:   <project.out>
ENTRY POINT SYMBOL: "_c_int00"  address: 0000fbb5


MEMORY CONFIGURATION

         name            origin    length      used     unused   attr    fill
----------------------  --------  ---------  --------  --------  ----  --------
  FLASH                 00000000   00100000  000171b2  000e8e4e  R  X
  SRAM                  20000000   00040000  0001c588  00023a78  RW X


SEGMENT ALLOCATION MAP

run origin  load origin   length   init length attrs members
----------  ----------- ---------- ----------- ----- -------
00000000    00000000    000171b8   000171b8    r-x
  00000000    00000000    0000003c   0000003c    r-- .resetVecs
  00000040    00000040    00014752   00014752    r-x .text
  00014794    00014794    0000256c   0000256c    r-- .const
  00016d00    00016d00    000004b8   000004b8    r-- .cinit
20000000    20000000    00000360   00000000    rw-
  20000000    20000000    00000360   00000000    rw- .vecs
20000380    20000380    0001c228   00000000    rw-
  20000380    20000380    0001ae14   00000000    rw- .bss
  2001b194    2001b194    00000c14   00000000    rw- .data
  2001bda8    2001bda8    00000800   00000000    rw- .stack


SECTION ALLOCATION MAP

 output                                  attributes/
section   page    origin      length       input sections
--------  ----  ----------  ----------   ----------------
.text      0    00000040    00014752     
                  00000040    00000c68     stk.aem4f : tcpin.oem4f (.text:TcpInput)
                  00000ca8    00000a4e     rtsv7M4_T_le_v4SPD16_eabi.lib : _printfi.c.obj (.text:__TI_printfi)
                  000016f6    00000002     hal_userled_stub.aem4f : llled.oem4f (.text:LED_TOGGLE)
                  000016f8    000008b8     stk.aem4f : tcpout.oem4f (.text:TcpOutput)
                  00001fb0    00000430     sysbios.aem4f : BIOS.obj (.text:ti_sysbios_family_arm_m3_Hwi_excDumpRegs__I)
                  000023e0    00000408     stk.aem4f : ipout.oem4f (.text:IPTxPacket)
                  000027e8    00000400     main.obj (.text:serverSocketTask)
                  00002be8    00000384     stk.aem4f : ipin.oem4f (.text:IPRxPacket)
                  00002f6c    0000034c     ti.targets.arm.rtsarm.aem4f : System.oem4f (.text:xdc_runtime_System_doPrint__I)
                  000032b8    000002a0     rtsv7M4_T_le_v4SPD16_eabi.lib : mktime.c.obj (.text:__mktime32)
                  00003558    00000284     stk.aem4f : sock.oem4f (.text:SockSet)
                  000037dc    00000270     rtsv7M4_T_le_v4SPD16_eabi.lib : _printfi.c.obj (.text:_pconv_a)
                  00003a4c    0000024c     stk.aem4f : ipfrag.oem4f (.text:IPReasm)
                  00003c98    0000023c               : icmpin.oem4f (.text:ICMPInput)
                  00003ed4    00000238               : udp.oem4f (.text:UdpInput)
                  0000410c    00000204     Boot.aem4f : Boot_sysctl.oem4f (.text:ti_catalog_arm_cortexm4_tiva_ce_Boot_sysCtlClockFreqSetI__I)
                  00004310    000001f4     stk.aem4f : sock.oem4f (.text:SockRecv)
                  00004504    00000004               : bind.oem4f (.text:BindGetIF)
                  00004508    000001f4     sysbios.aem4f : BIOS.obj (.text:ti_sysbios_family_arm_m3_Hwi_excHandlerMax__I)
                  000046fc    000001d0     rtsv7M4_T_le_v4SPD16_eabi.lib : _printfi.c.obj (.text:_pconv_g)
                  000048cc    000001b8     drivers_tivaware.aem4f : EMACSnow.oem4f (.text:EMACSnow_NIMUInit)
                  00004a84    000001b6     rtsv7M4_T_le_v4SPD16_eabi.lib : fd_add_t2.asm.obj (.text)
                  00004c3a    00000002     stk.aem4f : nat.oem4f (.text:NatMsg)
                  00004c3c    000001b0               : lliout.oem4f (.text:LLITxIpPacket)
                  00004dec    000001ac               : lliin.oem4f (.text:LLIRxPacket)
                  00004f98    000001a0     main.obj (.text:task1Function)
                  00005138    0000019c     os.aem4f : mem.oem4f (.text:mmAlloc)
                  000052d4    00000198     stk.aem4f : igmp.oem4f (.text:IGMPInput)
                  0000546c    00000190               : sock.oem4f (.text:SockNew)
                  000055fc    00000174     netctrl_min_ipv4.aem4f : netctrl.oem4f (.text:NC_NetStart)
                  00005770    00000174     sysbios.aem4f : BIOS.obj (.text:ti_sysbios_family_arm_m3_Hwi_excBusFault__I)
                  000058e4    00000170     stk.aem4f : rtc.oem4f (.text:RTCReport)
                  00005a54    0000016a               : sb.oem4f (.text:SBRead)
                  00005bbe    00000002     os.aem4f : task.oem4f (.text:_TaskInit)
                  00005bc0    00000164     sysbios.aem4f : BIOS.obj (.text:ti_sysbios_family_arm_m3_Hwi_excUsageFault__I)
                  00005d24    00000160     stk.aem4f : sock.oem4f (.text:SockConnect)
                  00005e84    00000160     main.obj (.text:recvTimefromNtpServer)
                  00005fe4    00000158     nettool_ipv4.aem4f : dhcpmain.oem4f (.text:DHCPOpen)
                  0000613c    00000150     drivers_tivaware.aem4f : GPIOTiva.oem4f (.text:GPIO_setConfig)
                  0000628c    00000004     stk.aem4f : bind.oem4f (.text:BindGetNext)
                  00006290    00000148     sysbios.aem4f : BIOS.obj (.text:ti_sysbios_family_arm_m3_Hwi_excMemFault__I)
                  000063d8    00000148                   : BIOS.obj (.text:ti_sysbios_knl_Event_pend__E)
                  00006520    00000148                   : BIOS.obj (.text:ti_sysbios_knl_Task_Instance_finalize__E)
                  00006668    00000144     stk.aem4f : bind.oem4f (.text:BindNew)
                  000067ac    00000140               : tcp.oem4f (.text:TcpTimeoutCheck)
                  000068ec    0000013c     nettool_ipv4.aem4f : config.oem4f (.text:CfgAddEntry)
                  00006a28    0000013c     stk.aem4f : sockint.oem4f (.text:SockNotify)
                  00006b64    0000013c               : sock.oem4f (.text:SockSend)
                  00006ca0    0000013c     rtsv7M4_T_le_v4SPD16_eabi.lib : _printfi.c.obj (.text:_pconv_e)
                  00006ddc    00000136                                   : fd_div_t2.asm.obj (.text)
                  00006f12    00000002     os.aem4f : task.oem4f (.text:_TaskShutdown)
                  00006f14    00000134     stk.aem4f : icmp.oem4f (.text:ICMPGenPacket)
                  00007048    00000134     rtsv7M4_T_le_v4SPD16_eabi.lib : localtim.c.obj (.text:__localtime32)
                  0000717c    00000130     driverlib.lib : gpio.obj (.text:GPIOPadConfigSet)
                  000072ac    0000012c     EK_TM4C1294XL.obj (.text:EK_TM4C1294XL_initEMAC)
                  000073d8    00000128     sysbios.aem4f : BIOS.obj (.text:ti_sysbios_knl_Semaphore_pend__E)
                  00007500    00000124     stk.aem4f : sockpcb.oem4f (.text:SockPcbResolve)
                  00007624    00000124               : udp.oem4f (.text:UdpOutput)
                  00007748    00000124     rtsv7M4_T_le_v4SPD16_eabi.lib : _printfi.c.obj (.text:fcvt)
                  0000786c    00000120     httpget_pem4f.oem4f (.text:ti_ndk_config_Global_stackThread)
                  0000798c    00000118     stk.aem4f : tcpout.oem4f (.text:TcpGenPacket)
                  00007aa4    00000118     ti.targets.arm.rtsarm.aem4f : Error.oem4f (.text:xdc_runtime_Error_policyDefault__E)
                  00007bbc    00000114     stk.aem4f : nimu.oem4f (.text:NIMUIoctl)
                  00007cd0    00000114     rtsv7M4_T_le_v4SPD16_eabi.lib : fputs.c.obj (.text:fputs)
                  00007de4    00000110     stk.aem4f : node.oem4f (.text:NodeTreeFree)
                  00007ef4    00000110               : raw.oem4f (.text:RawInput)
                  00008004    00000110     rtsv7M4_T_le_v4SPD16_eabi.lib : s_scalbn.c.obj (.text:scalbn)
                  00008114    0000010c     stk.aem4f : rtable.oem4f (.text:RtFind)
                  00008220    0000010a               : route.oem4f (.text:RtCreate)
                  0000832a    00000002     hal_ser_stub.aem4f : llserstb.oem4f (.text:_llSerialServiceCheck)
                  0000832c    00000108     drivers_tivaware.aem4f : EMACSnow.oem4f (.text:EMACSnow_emacStart)
                  00008434    00000004     os.aem4f : ossys.oem4f (.text:NDK_vsprintf)
                  00008438    00000108     sysbios.aem4f : BIOS.obj (.text:ti_sysbios_family_arm_lm4_Timer_start__E)
                  00008540    00000104     os.aem4f : task.oem4f (.text:llEnter)
                  00008644    00000102     nettool_ipv4.aem4f : dhcppkt.oem4f (.text:dhcpPacketProcess)
                  00008746    00000102                        : inetaddr.oem4f (.text:inet_aton)
                  00008848    00000100     stk.aem4f : igmp.oem4f (.text:IGMPSendReply)
                  00008948    00000100     ti.targets.arm.rtsarm.aem4f : Core-mem.oem4f (.text:xdc_runtime_Core_createObject__I)
                  00008a48    000000fc     netctrl_min_ipv4.aem4f : netctrl.oem4f (.text:NetScheduler)
                  00008b44    000000fc     rtsv7M4_T_le_v4SPD16_eabi.lib : fd_mul_t2.asm.obj (.text)
                  00008c40    000000f8     stk.aem4f : pipe.oem4f (.text:PipeRecv)
                  00008d38    000000f8     ti.targets.arm.rtsarm.aem4f : Startup.oem4f (.text:xdc_runtime_Startup_startMods__I)
                  00008e30    000000f8     httpget_pem4f.oem4f (.text:xdc_runtime_System_printfExtend__I)
                  00008f28    000000f4     os.aem4f : task.oem4f (.text:TaskGetEnv)
                  0000901c    000000f4     sysbios.aem4f : m3_Hwi_asm.obj (.text:ti_sysbios_family_arm_m3_Hwi_dispatch__I)
                  00009110    000000f4                   : BIOS.obj (.text:ti_sysbios_knl_Task_Instance_init__E)
                  00009204    000000f0     stk.aem4f : lliout.oem4f (.text:LLIGenArpPacket)
                  000092f4    000000f0               : sock.oem4f (.text:SockClose)
                  000093e4    000000e8     os.aem4f : task.oem4f (.text:TaskSetEnv)
                  000094cc    00000004     stk.aem4f : node.oem4f (.text:NodeSetRt)
                  000094d0    000000e4     sysbios.aem4f : BIOS.obj (.text:ti_sysbios_knl_Task_postInit__I)
                  000095b4    000000e0     stk.aem4f : tcptime.oem4f (.text:TcpTimeoutRexmt)
                  00009694    000000dc               : sb.oem4f (.text:SBWrite)
                  00009770    000000dc     nettool_ipv4.aem4f : dhcpsock.oem4f (.text:dhcpSocketOpen)
                  0000984c    000000dc                        : dhcpsm.oem4f (.text:dhcpState)
                  00009928    000000dc     rtsv7M4_T_le_v4SPD16_eabi.lib : setvbuf.c.obj (.text:setvbuf)
                  00009a04    000000d8     stk.aem4f : node.oem4f (.text:NodeAdd)
                  00009adc    000000d8               : tcpprot.oem4f (.text:TcpPrSetOption)
                  00009bb4    000000d4     drivers_tivaware.aem4f : EMACSnow.oem4f (.text:EMACSnow_handleRx)
                  00009c88    000000d4     stk.aem4f : sockpcb.oem4f (.text:SockPcbBind)
                  00009d5c    000000d4     main.obj (.text:placement)
                  00009e30    000000d4     sysbios.aem4f : BIOS.obj (.text:ti_sysbios_heaps_HeapMem_alloc__E)
                  00009f04    000000d1     stk.aem4f : nimu.oem4f (.text:NIMUReceivePacket)
                  00009fd5    00000001     --HOLE-- [fill = 0]
                  00009fd6    00000002     hal_ser_stub.aem4f : llserstb.oem4f (.text:_llSerialShutdown)
                  00009fd8    000000cc     stk.aem4f : icmp.oem4f (.text:ICMPSendRtAdv)
                  0000a0a4    000000cc     nettool_ipv4.aem4f : dhcpbild.oem4f (.text:dhcpBuildHeader)
                  0000a170    000000cc                        : dhcpsm.oem4f (.text:dhcpIPAdd)
                  0000a23c    000000cc                        : dhcppkt.oem4f (.text:dhcpVerifyMessage)
                  0000a308    000000cc     ti.targets.arm.rtsarm.aem4f : Core-smem.oem4f (.text:xdc_runtime_Core_constructObject__I)
                  0000a3d4    000000c8     stk.aem4f : rawethsock.oem4f (.text:RawEthSockNew)
                  0000a49c    000000c8     netctrl_min_ipv4.aem4f : netsrv.oem4f (.text:SPIpNet)
                  0000a564    000000c8     main.obj (.text:netIPAddrHook)
                  0000a62c    000000c4     drivers_tivaware.aem4f : EMACSnow.oem4f (.text:EMACSnow_InitDMADescriptors)
                  0000a6f0    000000c4     stk.aem4f : igmp.oem4f (.text:IGMPJoinHostGroup)
                  0000a7b4    000000c4     nettool_ipv4.aem4f : dhcpsm.oem4f (.text:StateBound)
                  0000a878    000000c0     sysbios.aem4f : BIOS.obj (.text:ti_sysbios_knl_Task_sleep__E)
                  0000a938    000000bc     stk.aem4f : sockpcb.oem4f (.text:SockPcbFind)
                  0000a9f4    000000bc               : vlan.oem4f (.text:VLANDeinit)
                  0000aab0    000000bc     sysbios.aem4f : BIOS.obj (.text:ti_sysbios_family_arm_m3_Hwi_excDebugMon__I)
                  0000ab6c    00000004     stk.aem4f : rawethsock_prot.oem4f (.text:RawEthSockPrAttach)
                  0000ab70    000000bc     sysbios.aem4f : BIOS.obj (.text:ti_sysbios_family_arm_m3_Hwi_excHardFault__I)
                  0000ac2c    00000004     stk.aem4f : rawethsock_prot.oem4f (.text:RawEthSockPrDetach)
                  0000ac30    000000bc     sysbios.aem4f : BIOS.obj (.text:ti_sysbios_knl_Task_exit__E)
                  0000acec    000000b8     EK_TM4C1294XL.obj (.text:EK_TM4C1294XL_initGeneral)
                  0000ada4    000000b8     stk.aem4f : icmpin.oem4f (.text:ICMPRevSrcRoute)
                  0000ae5c    000000b8               : lli.oem4f (.text:_LLITimeoutCheck)
                  0000af14    000000b4               : tcptime.oem4f (.text:TcpTimeoutKeep)
                  0000afc8    000000b4     sysbios.aem4f : BIOS.obj (.text:ti_sysbios_knl_Task_checkStacks__E)
                  0000b07c    000000b1     rtsv7M4_T_le_v4SPD16_eabi.lib : _printfi.c.obj (.text:_ltostr)
                  0000b12d    00000001     --HOLE-- [fill = 0]
                  0000b12e    000000b0     stk.aem4f : rawethsock.oem4f (.text:RawEthSockSet)
                  0000b1de    00000002     hal_userled_stub.aem4f : llled.oem4f (.text:_llUserLedInit)
                  0000b1e0    000000ac     stk.aem4f : rtable.oem4f (.text:RtTimeoutCheck)
                  0000b28c    00000004     os.aem4f : semaphore.oem4f (.text:SemPend)
                  0000b290    000000ac     sysbios.aem4f : BIOS.obj (.text:ti_sysbios_family_arm_lm4_Timer_enableTiva__I)
                  0000b33c    000000a8     stk.aem4f : sockint.oem4f (.text:SockCreatePacket)
                  0000b3e4    00000004     os.aem4f : semaphore.oem4f (.text:SemPost)
                  0000b3e8    000000a4     sysbios.aem4f : BIOS.obj (.text:ti_sysbios_knl_Task_setPri__E)
                  0000b48c    000000a2     main.obj (.text:main)
                  0000b52e    00000002     hal_userled_stub.aem4f : llled.oem4f (.text:_llUserLedShutdown)
                  0000b530    000000a0     stk.aem4f : ip.oem4f (.text:IPGetRoute)
                  0000b5d0    000000a0     auto_init.aem4f : auto_init.oem4f (.text)
                  0000b670    000000a0     ti.targets.arm.rtsarm.aem4f : Text.oem4f (.text:xdc_runtime_Text_putMod__E)
                  0000b710    0000009e     stk.aem4f : nimu.oem4f (.text:NIMUAddEthernetHeader)
                  0000b7ae    0000009e     nettool_ipv4.aem4f : dhcpbild.oem4f (.text:dhcpBuildRequest)
                  0000b84c    0000009c     stk.aem4f : exec.oem4f (.text:ExecOpen)
                  0000b8e8    0000009c     rtsv7M4_T_le_v4SPD16_eabi.lib : memcpy_t2.asm.obj (.text)
                  0000b984    0000009a     ti.targets.arm.rtsarm.aem4f : Text.oem4f (.text:xdc_runtime_Text_putSite__E)
                  0000ba1e    00000002     rtsv7M4_T_le_v4SPD16_eabi.lib : _lock.c.obj (.text:_nop)
                  0000ba20    00000098     netctrl_min_ipv4.aem4f : netctrl.oem4f (.text:NC_SystemOpen)
                  0000bab8    00000098                            : netsrv.oem4f (.text:ServiceScan)
                  0000bb50    00000098     Boot.aem4f : Boot.oem4f (.text:ti_catalog_arm_cortexm4_tiva_ce_Boot_sysCtlClockFreqSet__E)
                  0000bbe8    00000098     sysbios.aem4f : BIOS.obj (.text:ti_sysbios_knl_Task_schedule__I)
                  0000bc80    00000096     rtsv7M4_T_le_v4SPD16_eabi.lib : ull_div_t2.asm.obj (.text)
                  0000bd16    00000002     hal_ser_stub.aem4f : llserstb.oem4f (.text:llSerialService)
                  0000bd18    00000094     nettool_ipv4.aem4f : config.oem4f (.text:CfgRemoveEntry)
                  0000bdac    00000004     os.aem4f : semaphore.oem4f (.text:SemReset)
                  0000bdb0    00000094     sysbios.aem4f : BIOS.obj (.text:ti_sysbios_family_arm_m3_Hwi_Instance_init__E)
                  0000be44    00000004     os.aem4f : task.oem4f (.text:TaskSelf)
                  0000be48    00000094     sysbios.aem4f : BIOS.obj (.text:ti_sysbios_family_arm_m3_Hwi_initNVIC__E)
                  0000bedc    00000090     nettool_ipv4.aem4f : config.oem4f (.text:CfgExecute)
                  0000bf6c    00000090     stk.aem4f : igmp.oem4f (.text:IGMPMsg)
                  0000bffc    00000090     os.aem4f : mem.oem4f (.text:mmBulkAlloc)
                  0000c08c    00000004              : task.oem4f (.text:TaskSetPri)
                  0000c090    00000090     sysbios.aem4f : BIOS.obj (.text:ti_sysbios_knl_Task_Module_startup__E)
                  0000c120    00000090                   : BIOS.obj (.text:ti_sysbios_knl_Task_startCore__E)
                  0000c1b0    0000008d     main.obj (.text:clientSocketTask)
                  0000c23d    00000001     --HOLE-- [fill = 0]
                  0000c23e    00000002     rtsv7M4_T_le_v4SPD16_eabi.lib : div0.asm.obj (.text)
                  0000c240    0000008c     drivers_tivaware.aem4f : GPIOTiva.oem4f (.text:GPIO_init)
                  0000c2cc    0000008c     stk.aem4f : ip.oem4f (.text:IPMsg)
                  0000c358    0000008c     os.aem4f : mem.oem4f (.text:_mmInit)
                  0000c3e4    0000008c     rtsv7M4_T_le_v4SPD16_eabi.lib : fputc.c.obj (.text:fputc)
                  0000c470    0000008c     os.aem4f : mem.oem4f (.text:mmInitPage)
                  0000c4fc    0000008c     sysbios.aem4f : m3_TaskSupport_asm.obj (.text:ti_sysbios_family_arm_m3_TaskSupport_buildTaskStack)
                  0000c588    0000008c                   : BIOS.obj (.text:ti_sysbios_knl_Event_post__E)
                  0000c614    0000008a     netctrl_min_ipv4.aem4f : netsrv.oem4f (.text:SPRoute)
                  0000c69e    00000002     httpget_pem4f.oem4f (.text:ti_ndk_config_Global_NetworkClose)
                  0000c6a0    00000088     netctrl_min_ipv4.aem4f : netsrv.oem4f (.text:ServiceSpawn)
                  0000c728    00000088     stk.aem4f : sockpcb.oem4f (.text:SockPcbCtlError)
                  0000c7b0    00000088     sysbios.aem4f : BIOS.obj (.text:ti_sysbios_knl_Mailbox_post__E)
                  0000c838    00000087     httpget_pem4f.oem4f (.text:ti_ndk_config_Global_NetworkIPAddr)
                  0000c8bf    00000001     --HOLE-- [fill = 0]
                  0000c8c0    00000086     nettool_ipv4.aem4f : dhcpsm.oem4f (.text:StateRequesting)
                  0000c946    00000086     rtsv7M4_T_le_v4SPD16_eabi.lib : fd_cmp_t2.asm.obj (.text:__aeabi_cdcmple)
                  0000c9cc    00000086                                   : fd_cmp_t2.asm.obj (.text:__aeabi_cdrcmple)
                  0000ca52    00000002     httpget_pem4f.oem4f (.text:ti_ndk_config_Global_NetworkOpen)
                  0000ca54    00000084     nettool_ipv4.aem4f : config.oem4f (.text:CfgGetEntry)
                  0000cad8    00000084     drivers_tivaware.aem4f : EMACSnow.oem4f (.text:EMACSnow_processPhyInterrupt)
                  0000cb5c    00000084     stk.aem4f : tcpprot.oem4f (.text:TcpPrAttach)
                  0000cbe0    00000084     os.aem4f : mem.oem4f (.text:mmBulkFree)
                  0000cc64    00000084              : mem.oem4f (.text:mmFree)
                  0000cce8    00000084     sysbios.aem4f : BIOS.obj (.text:ti_sysbios_family_arm_m3_Hwi_postInit__I)
                  0000cd6c    00000082     nettool_ipv4.aem4f : dhcpsm.oem4f (.text:StateRenewRebind)
                  0000cdee    00000002     httpget_pem4f.oem4f (.text:ti_sysbios_BIOS_nullFunc__I)
                  0000cdf0    00000080     drivers_tivaware.aem4f : EMACSnow.oem4f (.text:EMACSnow_emacStop)
                  0000ce70    00000080                            : EMACSnow.oem4f (.text:EMACSnow_processPendingTx)
                  0000cef0    00000080     stk.aem4f : lli.oem4f (.text:LLINew)
                  0000cf70    00000080     netctrl_min_ipv4.aem4f : netsrv.oem4f (.text:NS_BootTask)
                  0000cff0    00000080     stk.aem4f : pbm.oem4f (.text:PBM_alloc)
                  0000d070    00000080               : raw.oem4f (.text:RawOutput)
                  0000d0f0    0000007e               : fileuser.oem4f (.text:fdClose)
                  0000d16e    00000002     httpget_pem4f.oem4f (.text:xdc_runtime_Startup_reset__I)
                  0000d170    0000007c     nettool_ipv4.aem4f : config.oem4f (.text:CfgGetNextEntry)
                  0000d1ec    0000007c     drivers_tivaware.aem4f : EMACSnow.oem4f (.text:EMACSnow_hwiIntFxn)
                  0000d268    0000007c     stk.aem4f : igmp.oem4f (.text:IGMPDoMCast)
                  0000d2e4    0000007c               : igmp.oem4f (.text:IGMPJoin)
                  0000d360    0000007c               : socket.oem4f (.text:NDK_setsockopt)
                  0000d3dc    0000007c               : nimu.oem4f (.text:NIMURegister)
                  0000d458    0000007c               : pbm.oem4f (.text:PBM_free)
                  0000d4d4    0000007c     nettool_ipv4.aem4f : inetaddr.oem4f (.text:inet_pton)
                  0000d550    0000007c     sysbios.aem4f : BIOS.obj (.text:ti_sysbios_heaps_HeapMem_free__E)
                  0000d5cc    0000007a     stk.aem4f : sock.oem4f (.text:SockAccept)
                  0000d646    0000007a     rtsv7M4_T_le_v4SPD16_eabi.lib : memset_t2.asm.obj (.text)
                  0000d6c0    00000078     driverlib.lib : emac.obj (.text:EMACInit)
                  0000d738    00000078     stk.aem4f : socket.oem4f (.text:NDK_sendto)
                  0000d7b0    00000078               : tcptime.oem4f (.text:TcpXmitTimer)
                  0000d828    00000078               : fileuser.oem4f (.text:fdOpenSession)
                  0000d8a0    00000078     os.aem4f : task.oem4f (.text:llExit)
                  0000d918    00000076     stk.aem4f : pipe.oem4f (.text:PipeSend)
                  0000d98e    00000002     --HOLE-- [fill = 0]
                  0000d990    00000075               : tcptime.oem4f (.text:TcpTimeoutSackRexmt)
                  0000da05    00000003     --HOLE-- [fill = 0]
                  0000da08    00000074               : igmp.oem4f (.text:IGMPLeaveHostGroup)
                  0000da7c    00000074               : nimu.oem4f (.text:NIMUShutdown)
                  0000daf0    00000074               : raweth.oem4f (.text:RawEthRxPacket)
                  0000db64    00000074               : sockpcb.oem4f (.text:SockPcbConnect)
                  0000dbd8    00000074     rtsv7M4_T_le_v4SPD16_eabi.lib : fclose.c.obj (.text:__TI_closefile)
                  0000dc4c    00000004     hal_ser_stub.aem4f : llserstb.oem4f (.text:_llSerialInit)
                  0000dc50    00000074     sysbios.aem4f : BIOS.obj (.text:ti_sysbios_knl_Mailbox_pend__E)
                  0000dcc4    00000072     os.aem4f : semaphore.oem4f (.text:SemCreateBinary)
                  0000dd36    00000070     stk.aem4f : socket.oem4f (.text:NDK_accept)
                  0000dda6    00000070               : socket.oem4f (.text:NDK_send)
                  0000de16    00000002     --HOLE-- [fill = 0]
                  0000de18    00000070               : rtable.oem4f (.text:RtFlush)
                  0000de88    00000070     netctrl_min_ipv4.aem4f : netsrv.oem4f (.text:SPConfig)
                  0000def8    00000070     stk.aem4f : sock.oem4f (.text:SockShutdown)
                  0000df68    00000070     nettool_ipv4.aem4f : dhcptags.oem4f (.text:dhcpDecodeType)
                  0000dfd8    00000070     sysbios.aem4f : BIOS.obj (.text:ti_sysbios_knl_Clock_workFunc__E)
                  0000e048    0000006e     stk.aem4f : socket.oem4f (.text:NDK_recv)
                  0000e0b6    00000002     --HOLE-- [fill = 0]
                  0000e0b8    0000006e               : rtable.oem4f (.text:RtWalkNext)
                  0000e126    0000006e               : sockpcb.oem4f (.text:SockPcbFindRaw)
                  0000e194    0000006e     rtsv7M4_T_le_v4SPD16_eabi.lib : _printfi.c.obj (.text:_mcpy)
                  0000e202    0000006e                                   : ll_div_t2.asm.obj (.text)
                  0000e270    0000006d     stk.aem4f : node.oem4f (.text:NodeNew)
                  0000e2dd    00000003     --HOLE-- [fill = 0]
                  0000e2e0    0000006d     ti.targets.arm.rtsarm.aem4f : System.oem4f (.text:xdc_runtime_System_formatNum__I)
                  0000e34d    00000003     --HOLE-- [fill = 0]
                  0000e350    0000006c     os.aem4f : ossys.oem4f (.text:DbgPrintf)
                  0000e3bc    0000006c     rtsv7M4_T_le_v4SPD16_eabi.lib : hostrename.c.obj (.text:HOSTrename)
                  0000e428    0000006c     stk.aem4f : node.oem4f (.text:NodeTreeNew)
                  0000e494    0000006c               : raweth.oem4f (.text:RawEthTxPacket)
                  0000e500    0000006c               : udp.oem4f (.text:UdpChecksum)
                  0000e56c    0000006c     main.obj (.text:getTimeStr)
                  0000e5d8    0000006c     httpget_pem4f.oem4f (.text:ti_ndk_config_ip_init)
                  0000e644    00000004     rtsv7M4_T_le_v4SPD16_eabi.lib : printf.c.obj (.text:_outc)
                  0000e648    0000006c     sysbios.aem4f : BIOS.obj (.text:ti_sysbios_knl_Swi_restoreHwi__E)
                  0000e6b4    0000006c     ti.targets.arm.rtsarm.aem4f : Error.oem4f (.text:xdc_runtime_Error_print__E)
                  0000e720    0000006c                                 : Memory.oem4f (.text:xdc_runtime_Memory_alloc__E)
                  0000e78c    0000006a     stk.aem4f : tcpprot.oem4f (.text:TcpPrInherit)
                  0000e7f6    00000002     --HOLE-- [fill = 0]
                  0000e7f8    00000068     rtsv7M4_T_le_v4SPD16_eabi.lib : hostlseek.c.obj (.text:HOSTlseek)
                  0000e860    00000068     stk.aem4f : socket.oem4f (.text:NDK_socket)
                  0000e8c8    00000068               : pbm.oem4f (.text:PBM_open)
                  0000e930    00000068               : sock.oem4f (.text:SockListen)
                  0000e998    00000068               : rtable.oem4f (.text:_RtNodeInsert)
                  0000ea00    00000068     rtsv7M4_T_le_v4SPD16_eabi.lib : copy_decompress_lzss.c.obj (.text:decompress:lzss:__TI_decompress_lzss)
                  0000ea68    00000068                                   : printf.c.obj (.text:printf)
                  0000ead0    00000068     main.obj (.text:task0Function)
                  0000eb38    00000066     ti.targets.arm.rtsarm.aem4f : Core-mem.oem4f (.text:xdc_runtime_Core_deleteObject__I)
                  0000eb9e    00000002     --HOLE-- [fill = 0]
                  0000eba0    00000064     nettool_ipv4.aem4f : config.oem4f (.text:CfgFree)
                  0000ec04    00000064     drivers_tivaware.aem4f : GPIOTiva.oem4f (.text:GPIO_hwiIntFxn)
                  0000ec68    00000064     stk.aem4f : pbm.oem4f (.text:PBMQ_enq)
                  0000eccc    00000064               : sockint.oem4f (.text:SockSpawnAbort)
                  0000ed30    00000064     main.obj (.text:convertTime)
                  0000ed94    00000064     rtsv7M4_T_le_v4SPD16_eabi.lib : s_frexp.c.obj (.text:frexp)
                  0000edf8    00000064                                   : fseek.c.obj (.text:fseek)
                  0000ee5c    00000064     hal_timer_bios.aem4f : lltimer.oem4f (.text:llTimerTick)
                  0000eec0    00000064     httpget_pem4f.oem4f (.text:ti_sysbios_family_arm_m3_Hwi_create)
                  0000ef24    00000004     rtsv7M4_T_le_v4SPD16_eabi.lib : printf.c.obj (.text:_outs)
                  0000ef28    00000064     sysbios.aem4f : BIOS.obj (.text:ti_sysbios_family_arm_m3_Hwi_dispatchC__I)
                  0000ef8c    00000004     rtsv7M4_T_le_v4SPD16_eabi.lib : exit.c.obj (.text:abort:abort)
                  0000ef90    00000064     sysbios.aem4f : BIOS.obj (.text:ti_sysbios_knl_Semaphore_post__E)
                  0000eff4    00000064     stk.aem4f : lliin.oem4f (.text:updateRtTable)
                  0000f058    00000062               : ipin.oem4f (.text:IPRouteIP)
                  0000f0ba    00000002     --HOLE-- [fill = 0]
                  0000f0bc    00000062               : sb.oem4f (.text:SBNew)
                  0000f11e    00000062     rtsv7M4_T_le_v4SPD16_eabi.lib : _io_perm.c.obj (.text:__TI_wrt_ok)
                  0000f180    00000060     nettool_ipv4.aem4f : config.oem4f (.text:CfgGetEntryCnt)
                  0000f1e0    00000060     stk.aem4f : file.oem4f (.text:FdWaitEvent)
                  0000f240    00000060     rtsv7M4_T_le_v4SPD16_eabi.lib : hostopen.c.obj (.text:HOSTopen)
                  0000f2a0    00000060     stk.aem4f : nimu.oem4f (.text:NIMUUnregister)
                  0000f300    00000060               : node.oem4f (.text:NodeFind)
                  0000f360    00000060               : rtc.oem4f (.text:RTCMsg)
                  0000f3c0    00000060               : tcp.oem4f (.text:TcpChecksum)
                  0000f420    00000060     nettool_ipv4.aem4f : dhcptags.oem4f (.text:dhcpBuildOptions)
                  0000f480    00000060     httpget_pem4f.oem4f (.text:ti_ndk_config_Global_serviceReport)
                  0000f4e0    0000005e     stk.aem4f : route.oem4f (.text:RtRemove)
                  0000f53e    0000005e     nettool_ipv4.aem4f : dhcpsm.oem4f (.text:StateSelecting)
                  0000f59c    0000005e     stk.aem4f : vlan.oem4f (.text:VLANReceivePacket)
                  0000f5fa    00000002     --HOLE-- [fill = 0]
                  0000f5fc    0000005c     nettool_ipv4.aem4f : config.oem4f (.text:CfgSetExecuteOrder)
                  0000f658    0000005c     stk.aem4f : nimu.oem4f (.text:NIMUIoctlSpecialCmd)
                  0000f6b4    0000005c     netctrl_min_ipv4.aem4f : netsrv.oem4f (.text:SPService)
                  0000f710    0000005c     rtsv7M4_T_le_v4SPD16_eabi.lib : close.c.obj (.text:close)
                  0000f76c    0000005c     httpget_pem4f.oem4f (.text:ti_sysbios_knl_Swi_create)
                  0000f7c8    0000005c     sysbios.aem4f : BIOS.obj (.text:ti_sysbios_knl_Swi_run__I)
                  0000f824    00000004     stk.aem4f : listlib.oem4f (.text:list_get_head)
                  0000f828    0000005c     sysbios.aem4f : BIOS.obj (.text:ti_sysbios_knl_Swi_schedule__I)
                  0000f884    0000005c     httpget_pem4f.oem4f (.text:ti_sysbios_knl_Task_create)
                  0000f8e0    0000005c     sysbios.aem4f : BIOS.obj (.text:ti_sysbios_knl_Task_unblockI__E)
                  0000f93c    0000005b     ti.targets.arm.rtsarm.aem4f : Text.oem4f (.text:xdc_runtime_Text_putLab__E)
                  0000f997    00000001     --HOLE-- [fill = 0]
                  0000f998    0000005a     stk.aem4f : route.oem4f (.text:RtRedirect)
                  0000f9f2    0000005a               : tcpprot.oem4f (.text:TcpValidateMetrics)
                  0000fa4c    0000005a     nettool_ipv4.aem4f : dhcpbild.oem4f (.text:dhcpBuildDecline)
                  0000faa6    0000005a     os.aem4f : mem.oem4f (.text:mmCopy)
                  0000fb00    0000005a     httpget_pem4f.oem4f (.text:ti_ndk_config_tcp_init)
                  0000fb5a    00000002     --HOLE-- [fill = 0]
                  0000fb5c    00000058     stk.aem4f : bind.oem4f (.text:BindFree)
                  0000fbb4    00000058     boot.aem4f : boot.oem4f (.text)
                  0000fc0c    00000058     driverlib.lib : emac.obj (.text:EMACPHYConfigSet)
                  0000fc64    00000058     rtsv7M4_T_le_v4SPD16_eabi.lib : hostread.c.obj (.text:HOSTread)
                  0000fcbc    00000058                                   : hostwrite.c.obj (.text:HOSTwrite)
                  0000fd14    00000058     stk.aem4f : igmp.oem4f (.text:IGMPTimer)
                  0000fd6c    00000058     os.aem4f : semaphore.oem4f (.text:SemCreate)
                  0000fdc4    00000058     sysbios.aem4f : m3_Hwi_asm_switch.obj (.text:ti_sysbios_family_arm_m3_Hwi_initStacks__E)
                  0000fe1c    00000056     driverlib.lib : gpio.obj (.text:GPIOIntTypeSet)
                  0000fe72    00000056     rtsv7M4_T_le_v4SPD16_eabi.lib : _printfi.c.obj (.text:_pconv_f)
                  0000fec8    00000054     nettool_ipv4.aem4f : config.oem4f (.text:CfgEntryDeRef)
                  0000ff1c    00000054     stk.aem4f : igmp.oem4f (.text:IGMPLeave)
                  0000ff70    00000054               : rawethsock_pcb.oem4f (.text:RawEthSockPcbAttach)
                  0000ffc4    00000054               : sockpcb.oem4f (.text:SockCleanPcb)
                  00010018    00000054               : tcptime.oem4f (.text:TcpTimeoutPersist)
                  0001006c    00000054     rtsv7M4_T_le_v4SPD16_eabi.lib : _ltoa.c.obj (.text:__TI_ltoa)
                  000100c0    00000054     sysbios.aem4f : BIOS.obj (.text:ti_sysbios_family_arm_lm4_Timer_initDevice__I)
                  00010114    00000004     stk.aem4f : listlib.oem4f (.text:list_get_next)
                  00010118    00000054     sysbios.aem4f : BIOS.obj (.text:ti_sysbios_knl_Swi_Instance_init__E)
                  0001016c    00000054     ti.targets.arm.rtsarm.aem4f : Assert.oem4f (.text:xdc_runtime_Assert_raise__I)
                  000101c0    00000052     stk.aem4f : tcpprot.oem4f (.text:TcpPrDetach)
                  00010212    00000052     rtsv7M4_T_le_v4SPD16_eabi.lib : _printfi.c.obj (.text:_ecpy)
                  00010264    00000050     drivers_tivaware.aem4f : GPIOTiva.oem4f (.text:GPIO_setCallback)
                  000102b4    00000050                            : GPIOTiva.oem4f (.text:GPIO_write)
                  00010304    00000050     stk.aem4f : socket.oem4f (.text:NDK_bind)
                  00010354    00000050               : socket.oem4f (.text:NDK_connect)
                  000103a4    00000050               : route.oem4f (.text:RtNew)
                  000103f4    00000050     driverlib.lib : sysctl.obj (.text:SysCtlPeripheralReset)
                  00010444    00000050     Boot.aem4f : Boot_sysctl.oem4f (.text:_SysCtlFrequencyGet)
                  00010494    00000004     httpget_pem4f.oem4f (.text:ti_sysbios_BIOS_RtsGateProxy_enter__E)
                  00010498    00000050     sysbios.aem4f : BIOS.obj (.text:ti_sysbios_family_arm_m3_Hwi_Module_startup__E)
                  000104e8    00000050     ti.targets.arm.rtsarm.aem4f : Startup.oem4f (.text:xdc_runtime_Startup_exec__E)
                  00010538    00000050                                 : Text.oem4f (.text:xdc_runtime_Text_visitRope2__I)
                  00010588    0000004e     stk.aem4f : node.oem4f (.text:NodeDeRef)
                  000105d6    0000004e     nettool_ipv4.aem4f : config.oem4f (.text:_CfgEntryScan)
                  00010624    0000004c                        : ipaddr.oem4f (.text:NtAddNetwork)
                  00010670    0000004c     stk.aem4f : sockint.oem4f (.text:SockValidateRoute)
                  000106bc    0000004c     rtsv7M4_T_le_v4SPD16_eabi.lib : fflush.c.obj (.text:__TI_doflush)
                  00010708    0000004c                                   : atoi.c.obj (.text:atoi)
                  00010754    0000004c                                   : cpy_tbl.c.obj (.text:copy_in)
                  000107a0    0000004c     main.obj (.text:swifunc)
                  000107ec    00000004     httpget_pem4f.oem4f (.text:ti_sysbios_BIOS_RtsGateProxy_leave__E)
                  000107f0    0000004c     sysbios.aem4f : BIOS.obj (.text:ti_sysbios_heaps_HeapMem_getStats__E)
                  0001083c    00000004                   : BIOS.obj (.text:ti_sysbios_family_arm_lm4_Timer_masterEnable__I)
                  00010840    0000004c                   : BIOS.obj (.text:ti_sysbios_knl_Swi_runLoop__I)
                  0001088c    00000004     httpget_pem4f.oem4f (.text:ti_sysbios_family_arm_m3_Hwi_delete)
                  00010890    0000004c     sysbios.aem4f : BIOS.obj (.text:ti_sysbios_knl_Task_allBlockedFunction__I)
                  000108dc    0000004a     netctrl_min_ipv4.aem4f : netsrv.oem4f (.text:ServiceKill)
                  00010926    0000004a     stk.aem4f : sock.oem4f (.text:SockDisconnect)
                  00010970    0000004a               : timer.oem4f (.text:TimerNew)
                  000109ba    00000048     nettool_ipv4.aem4f : config.oem4f (.text:CfgNew)
                  00010a02    00000002     --HOLE-- [fill = 0]
                  00010a04    00000048     driverlib.lib : gpio.obj (.text:GPIOPinConfigure)
                  00010a4c    00000048     stk.aem4f : lli.oem4f (.text:LLIMsg)
                  00010a94    00000048               : node.oem4f (.text:NodeWalk)
                  00010adc    00000048               : rawethsock_pcb.oem4f (.text:RawEthSockPcbDetach)
                  00010b24    00000048               : sockpcb.oem4f (.text:SockPcbResolveChain)
                  00010b6c    00000048               : tcpprot.oem4f (.text:TcpDrop)
                  00010bb4    00000048               : lli.oem4f (.text:_LLIExpListInsert)
                  00010bfc    00000048               : rtable.oem4f (.text:_RtExpListInsert)
                  00010c44    00000048     rtsv7M4_T_le_v4SPD16_eabi.lib : exit.c.obj (.text:exit)
                  00010c8c    00000048     stk.aem4f : file.oem4f (.text:fdint_lockfd)
                  00010cd4    00000048     rtsv7M4_T_le_v4SPD16_eabi.lib : fd_toi_t2.asm.obj (.text)
                  00010d1c    00000004     httpget_pem4f.oem4f (.text:ti_sysbios_family_arm_m3_TaskSupport_Module__startupDone__S)
                  00010d20    00000048     sysbios.aem4f : BIOS.obj (.text:ti_sysbios_family_arm_lm4_Timer_enableTimers__I)
                  00010d68    00000048                   : BIOS.obj (.text:ti_sysbios_family_arm_m3_Hwi_disableInterrupt__E)
                  00010db0    00000048                   : BIOS.obj (.text:ti_sysbios_family_arm_m3_Hwi_enableInterrupt__E)
                  00010df8    00000048                   : BIOS.obj (.text:ti_sysbios_family_arm_m3_Hwi_excReserved__I)
                  00010e40    00000048                   : BIOS.obj (.text:ti_sysbios_knl_Mailbox_Module_startup__E)
                  00010e88    00000048                   : BIOS.obj (.text:ti_sysbios_knl_Task_deleteTerminatedTasksFunc__I)
                  00010ed0    00000046     nettool_ipv4.aem4f : ipaddr.oem4f (.text:NtIfIdx2Ip)
                  00010f16    00000046     stk.aem4f : rawethsock.oem4f (.text:RawEthSockSend)
                  00010f5c    00000046               : tcpprot.oem4f (.text:TcpPrCtlError)
                  00010fa2    00000046     os.aem4f : mem.oem4f (.text:mmZeroInit)
                  00010fe8    00000046     ti.targets.arm.rtsarm.aem4f : Core-params.oem4f (.text:xdc_runtime_Core_assignParams__I)
                  0001102e    00000002     --HOLE-- [fill = 0]
                  00011030    00000044     drivers_tivaware.aem4f : EMACSnow.oem4f (.text:EMACSnow_processTransmitted)
                  00011074    00000044     rtsv7M4_T_le_v4SPD16_eabi.lib : hostclose.c.obj (.text:HOSTclose)
                  000110b8    00000044                                   : hostunlink.c.obj (.text:HOSTunlink)
                  000110fc    00000044     stk.aem4f : icmp.oem4f (.text:ICMPChecksum)
                  00011140    00000044               : ipfrag.oem4f (.text:IPReasmFree)
                  00011184    00000044               : lli.oem4f (.text:LLIGetValidTime)
                  000111c8    00000044               : rtable.oem4f (.text:RouteMsg)
                  0001120c    00000044               : rtable.oem4f (.text:RtWalkEnd)
                  00011250    00000044               : sockpcb.oem4f (.text:SockPcbDetach)
                  00011294    00000044               : timer.oem4f (.text:TimerListInsert)
                  000112d8    00000044     rtsv7M4_T_le_v4SPD16_eabi.lib : getdevice.c.obj (.text:getdevice)
                  0001131c    00000044     hal_timer_bios.aem4f : lltimer.oem4f (.text:llTimerGetTime)
                  00011360    00000044     sysbios.aem4f : BIOS.obj (.text:ti_sysbios_family_arm_lm4_Timer_isrStub__E)
                  000113a4    00000004     httpget_pem4f.oem4f (.text:ti_sysbios_heaps_HeapMem_Module_GateProxy_enter__E)
                  000113a8    00000044     sysbios.aem4f : BIOS.obj (.text:ti_sysbios_family_arm_m3_Hwi_getStackInfo__E)
                  000113ec    00000004     httpget_pem4f.oem4f (.text:ti_sysbios_heaps_HeapMem_Module_GateProxy_leave__E)
                  000113f0    00000044     sysbios.aem4f : BIOS.obj (.text:ti_sysbios_knl_Swi_post__E)
                  00011434    00000044     ti.targets.arm.rtsarm.aem4f : Error.oem4f (.text:xdc_runtime_Error_setX__E)
                  00011478    00000044                                 : SysMin.oem4f (.text:xdc_runtime_SysMin_flush__E)
                  000114bc    00000044                                 : Text.oem4f (.text:xdc_runtime_Text_xprintf__I)
                  00011500    00000042     stk.aem4f : socket.oem4f (.text:NDK_listen)
                  00011542    00000042               : tcpprot.oem4f (.text:TcpPrSendOOB)
                  00011584    00000042               : fileuser.oem4f (.text:fdCloseSession)
                  000115c6    00000002     --HOLE-- [fill = 0]
                  000115c8    00000040               : lliin.oem4f (.text:LLIValidateRoute)
                  00011608    00000040               : pbm.oem4f (.text:PBM_copy)
                  00011648    00000040               : sockpcb.oem4f (.text:SockPcbRtChange)
                  00011688    00000040               : tcpprot.oem4f (.text:TcpPrSend)
                  000116c8    00000040     rtsv7M4_T_le_v4SPD16_eabi.lib : u_divt2.asm.obj (.text)
                  00011708    00000040                                   : sprintf.c.obj (.text:sprintf)
                  00011748    00000040                                   : strtok.c.obj (.text:strtok)
                  00011788    00000040     sysbios.aem4f : BIOS.obj (.text:ti_sysbios_family_arm_lm4_Timer_Module_startup__E)
                  000117c8    00000040                   : BIOS.obj (.text:ti_sysbios_family_arm_lm4_Timer_startup__E)
                  00011808    00000040                   : BIOS.obj (.text:ti_sysbios_heaps_HeapMem_Instance_init__E)
                  00011848    0000003e     nettool_ipv4.aem4f : dhcpmain.oem4f (.text:DHCPClose)
                  00011886    00000002     --HOLE-- [fill = 0]
                  00011888    0000003e     stk.aem4f : nimu.oem4f (.text:NIMUAllocateName)
                  000118c6    0000003e     os.aem4f : task.oem4f (.text:TaskCreate)
                  00011904    0000003e     stk.aem4f : tcpprot.oem4f (.text:TcpPrDisconnect)
                  00011942    0000003e     rtsv7M4_T_le_v4SPD16_eabi.lib : _printfi.c.obj (.text:_fcpy)
                  00011980    0000003e     stk.aem4f : file.oem4f (.text:fdint_unlockfd)
                  000119be    0000003c     nettool_ipv4.aem4f : config.oem4f (.text:CfgEntryGetData)
                  000119fa    0000003c     driverlib.lib : emac.obj (.text:EMACIntDisable)
                  00011a36    0000003c     stk.aem4f : node.oem4f (.text:NodeUpdatePL)
                  00011a72    00000002     --HOLE-- [fill = 0]
                  00011a74    0000003c               : rtable.oem4f (.text:RtWalkBegin)
                  00011ab0    0000003c               : tcpprot.oem4f (.text:TcpPrConnect)
                  00011aec    0000003c               : tcptime.oem4f (.text:TcpSetPersist)
                  00011b28    0000003c               : rtc.oem4f (.text:_RTCSendRtAdv)
                  00011b64    0000003c               : rtable.oem4f (.text:_RtNodeRemove)
                  00011ba0    0000003c     hal_timer_bios.aem4f : lltimer.oem4f (.text:_llTimerInit)
                  00011bdc    00000004     httpget_pem4f.oem4f (.text:ti_sysbios_knl_Clock_TimerProxy_getMaxTicks__E)
                  00011be0    0000003c     sysbios.aem4f : BIOS.obj (.text:ti_sysbios_family_arm_m3_Hwi_excSvCall__I)
                  00011c1c    00000004     httpget_pem4f.oem4f (.text:ti_sysbios_knl_Queue_destruct)
                  00011c20    0000003c     sysbios.aem4f : BIOS.obj (.text:ti_sysbios_heaps_HeapMem_init__I)
                  00011c5c    00000004     httpget_pem4f.oem4f (.text:ti_sysbios_knl_Semaphore_delete)
                  00011c60    0000003c     sysbios.aem4f : BIOS.obj (.text:ti_sysbios_knl_Clock_Instance_init__E)
                  00011c9c    00000004     httpget_pem4f.oem4f (.text:ti_sysbios_knl_Semaphore_destruct)
                  00011ca0    0000003c     sysbios.aem4f : BIOS.obj (.text:ti_sysbios_knl_Swi_restore__E)
                  00011cdc    0000003a     driverlib.lib : emac.obj (.text:EMACIntEnable)
                  00011d16    00000002     --HOLE-- [fill = 0]
                  00011d18    00000038                   : emac.obj (.text:EMACConfigGet)
                  00011d50    00000038     stk.aem4f : ipfrag.oem4f (.text:IPReasmTimeout)
                  00011d88    00000038               : node.oem4f (.text:NodeGetRt)
                  00011dc0    00000038     driverlib.lib : sysctl.obj (.text:SysCtlPeripheralReady)
                  00011df8    00000038     stk.aem4f : tcpprot.oem4f (.text:TcpClose)
                  00011e30    00000038               : timer.oem4f (.text:TimerHSTick)
                  00011e68    00000038     rtsv7M4_T_le_v4SPD16_eabi.lib : trgmsg.c.obj (.text:__TI_writemsg)
                  00011ea0    00000038     nettool_ipv4.aem4f : dhcpbild.oem4f (.text:dhcpBuildDiscover)
                  00011ed8    00000038                        : dhcptags.oem4f (.text:dhcpOptionsClear)
                  00011f10    00000038     stk.aem4f : file.oem4f (.text:fdint_waitevent)
                  00011f48    00000038     sysbios.aem4f : BIOS.obj (.text:ti_sysbios_family_arm_m3_Hwi_excNoIsr__I)
                  00011f80    00000038     httpget_pem4f.oem4f (.text:ti_sysbios_knl_Clock_create)
                  00011fb8    00000038     ti.targets.arm.rtsarm.aem4f : SysMin.oem4f (.text:xdc_runtime_SysMin_putch__E)
                  00011ff0    00000038                                 : System.oem4f (.text:xdc_runtime_System_atexit__E)
                  00012028    00000036     stk.aem4f : ip.oem4f (.text:IPChecksum)
                  0001205e    00000036     rtsv7M4_T_le_v4SPD16_eabi.lib : strncpy.c.obj (.text:strncpy)
                  00012094    00000035     main.obj (.text:printError)
                  000120c9    00000003     --HOLE-- [fill = 0]
                  000120cc    00000034     nettool_ipv4.aem4f : config.oem4f (.text:CfgSetService)
                  00012100    00000034     driverlib.lib : emac.obj (.text:EMACConfigSet)
                  00012134    00000034                   : emac.obj (.text:EMACIntClear)
                  00012168    00000034     drivers_tivaware.aem4f : EMACSnow.oem4f (.text:EMACSnow_emacPoll)
                  0001219c    00000034                            : EMACSnow.oem4f (.text:EMACSnow_isLinkUp)
                  000121d0    00000034                            : EMAC.oem4f (.text:EMAC_init)
                  00012204    00000034     stk.aem4f : exec.oem4f (.text:ExecClose)
                  00012238    00000034               : nimu.oem4f (.text:NIMUFindByName)
                  0001226c    00000034               : nimu.oem4f (.text:NIMUInit)
                  000122a0    00000034               : rawethsock.oem4f (.text:RawEthSockNotify)
                  000122d4    00000034               : sockprot.oem4f (.text:SockPrCtlError)
                  00012308    00000034     driverlib.lib : sysctl.obj (.text:SysCtlPeripheralEnable)
                  0001233c    00000034     rtsv7M4_T_le_v4SPD16_eabi.lib : fopen.c.obj (.text:__TI_cleanup)
                  00012370    00000034                                   : trgmsg.c.obj (.text:__TI_readmsg)
                  000123a4    00000034     os.aem4f : mem.oem4f (.text:mmUnInitPage)
                  000123d8    00000034     sysbios.aem4f : BIOS.obj (.text:ti_sysbios_family_arm_m3_Hwi_Instance_finalize__E)
                  0001240c    00000004     httpget_pem4f.oem4f (.text:ti_sysbios_knl_Swi_delete)
                  00012410    00000034     sysbios.aem4f : BIOS.obj (.text:ti_sysbios_family_arm_m3_Hwi_excNmi__I)
                  00012444    00000004     httpget_pem4f.oem4f (.text:ti_sysbios_knl_Task_delete)
                  00012448    00000034     sysbios.aem4f : BIOS.obj (.text:ti_sysbios_hal_Hwi_checkStack)
                  0001247c    00000034     httpget_pem4f.oem4f (.text:ti_sysbios_knl_Semaphore_create)
                  000124b0    00000034     ti.targets.arm.rtsarm.aem4f : Core-label.oem4f (.text:xdc_runtime_Core_assignLabel__I)
                  000124e4    00000033                                 : Text.oem4f (.text:xdc_runtime_Text_printVisFxn__I)
                  00012517    00000001     --HOLE-- [fill = 0]
                  00012518    00000032     nettool_ipv4.aem4f : config.oem4f (.text:CfgGetImmediate)
                  0001254a    00000032     stk.aem4f : route.oem4f (.text:RtDeRef)
                  0001257c    00000032               : route.oem4f (.text:RtSetFailure)
                  000125ae    00000032               : sb.oem4f (.text:SBFlush)
                  000125e0    00000032               : sb.oem4f (.text:SBSetMax)
                  00012612    00000032               : sock.oem4f (.text:SockIntAbort)
                  00012644    00000032     nettool_ipv4.aem4f : config.oem4f (.text:_CfgAcquire)
                  00012676    00000032                        : dhcpsm.oem4f (.text:dhcpIPRemove)
                  000126a8    00000032     sysbios.aem4f : BIOS.obj (.text:ti_sysbios_hal_Hwi_initStack)
                  000126da    00000006     driverlib.lib : emac.obj (.text:EMACRxDMADescriptorListSet)
                  000126e0    00000032     sysbios.aem4f : BIOS.obj (.text:ti_sysbios_knl_Event_pendTimeout__I)
                  00012712    00000006     driverlib.lib : emac.obj (.text:EMACTxDMADescriptorListSet)
                  00012718    00000032     sysbios.aem4f : BIOS.obj (.text:ti_sysbios_knl_Semaphore_pendTimeout__I)
                  0001274a    00000030     driverlib.lib : emac.obj (.text:EMACAddrSet)
                  0001277a    00000002     --HOLE-- [fill = 0]
                  0001277c    00000030     drivers_tivaware.aem4f : EMACSnow.oem4f (.text:EMACSnow_handlePackets)
                  000127ac    00000030     netctrl_min_ipv4.aem4f : netsrv.oem4f (.text:NS_PreBoot)
                  000127dc    00000030     stk.aem4f : sock.oem4f (.text:SockBind)
                  0001280c    00000030               : sock.oem4f (.text:SockGetName)
                  0001283c    00000030     nettool_ipv4.aem4f : dhcpsock.oem4f (.text:dhcpPacketSend)
                  0001286c    00000030     rtsv7M4_T_le_v4SPD16_eabi.lib : getdevice.c.obj (.text:finddevice)
                  0001289c    00000030     stk.aem4f : listlib.oem4f (.text:list_remove_node)
                  000128cc    00000030     httpget_pem4f.oem4f (.text:ti_sysbios_BIOS_atExitFunc__I)
                  000128fc    00000004     ti.targets.arm.rtsarm.aem4f : Error.oem4f (.text:xdc_runtime_Error_getMsg__E)
                  00012900    00000030     sysbios.aem4f : BIOS.obj (.text:ti_sysbios_family_arm_lm4_Timer_stop__E)
                  00012930    00000030                   : BIOS.obj (.text:ti_sysbios_family_arm_m3_TaskSupport_start__E)
                  00012960    00000030     httpget_pem4f.oem4f (.text:ti_sysbios_gates_GateHwi_Object__create__S)
                  00012990    00000030     httpget_pem4f.oem4f (.text:ti_sysbios_gates_GateMutex_Object__create__S)
                  000129c0    00000030     sysbios.aem4f : BIOS.obj (.text:ti_sysbios_gates_GateMutex_enter__E)
                  000129f0    00000030     httpget_pem4f.oem4f (.text:ti_sysbios_heaps_HeapMem_Object__create__S)
                  00012a20    00000030     sysbios.aem4f : BIOS.obj (.text:ti_sysbios_knl_Mailbox_postInit__I)
                  00012a50    00000030     httpget_pem4f.oem4f (.text:ti_sysbios_knl_Semaphore_construct)
                  00012a80    00000030     sysbios.aem4f : BIOS.obj (.text:ti_sysbios_knl_Task_processVitalTaskFlag__I)
                  00012ab0    00000030     ti.targets.arm.rtsarm.aem4f : SysMin.oem4f (.text:xdc_runtime_SysMin_abort__E)
                  00012ae0    00000030                                 : System.oem4f (.text:xdc_runtime_System_processAtExit__E)
                  00012b10    0000002e     stk.aem4f : sb.oem4f (.text:SBFree)
                  00012b3e    0000002e     httpget_pem4f.oem4f (.text:malloc)
                  00012b6c    0000002e     rtsv7M4_T_le_v4SPD16_eabi.lib : i_tofd_t2.asm.obj (.text)
                  00012b9a    0000002c     driverlib.lib : emac.obj (.text:EMACIntStatus)
                  00012bc6    0000002c     stk.aem4f : file.oem4f (.text:FdSignalEvent)
                  00012bf2    00000002     --HOLE-- [fill = 0]
                  00012bf4    0000002c               : igmp.oem4f (.text:IGMPTestGroup)
                  00012c20    0000002c     os.aem4f : task.oem4f (.text:NDK_hookCreate)
                  00012c4c    0000002c     stk.aem4f : nimu.oem4f (.text:NIMUAllocateIndex)
                  00012c78    0000002c               : nimu.oem4f (.text:NIMUPacketServiceCheck)
                  00012ca4    0000002c               : pipe.oem4f (.text:PipeClose)
                  00012cd0    0000002c               : sockpcb.oem4f (.text:SockPcbAttach)
                  00012cfc    0000002c               : lli.oem4f (.text:_LLIExpListRemove)
                  00012d28    0000002c               : lli.oem4f (.text:_LLITimeoutFlush)
                  00012d54    0000002c               : rtable.oem4f (.text:_RtExpListRemove)
                  00012d80    0000002c     main.obj (.text:pinInitialize)
                  00012dac    0000002c     httpget_pem4f.oem4f (.text:ti_sysbios_knl_Clock_doTick__I)
                  00012dd8    0000002c     httpget_pem4f.oem4f (.text:ti_sysbios_knl_Queue_construct)
                  00012e04    00000004     ti.targets.arm.rtsarm.aem4f : Error.oem4f (.text:xdc_runtime_Error_getSite__E)
                  00012e08    0000002c     sysbios.aem4f : BIOS.obj (.text:ti_sysbios_knl_Task_restore__E)
                  00012e34    0000002c     rtsv7M4_T_le_v4SPD16_eabi.lib : unlink.c.obj (.text:unlink)
                  00012e60    0000002c     ti.targets.arm.rtsarm.aem4f : Text.oem4f (.text:xdc_runtime_Text_cordText__E)
                  00012e8c    0000002a     driverlib.lib : gpio.obj (.text:GPIODirModeSet)
                  00012eb6    0000002a     stk.aem4f : pbm.oem4f (.text:PBMQ_deq)
                  00012ee0    0000002a     netctrl_min_ipv4.aem4f : netsrv.oem4f (.text:ServiceCallback)
                  00012f0a    0000002a     nettool_ipv4.aem4f : config.oem4f (.text:_CfgRelease)
                  00012f34    0000002a     rtsv7M4_T_le_v4SPD16_eabi.lib : strspn.c.obj (.text:strspn)
                  00012f5e    0000002a     ti.targets.arm.rtsarm.aem4f : System.oem4f (.text:xdc_runtime_System_putchar__I)
                  00012f88    00000028     stk.aem4f : bind.oem4f (.text:BindFindByNet)
                  00012fb0    00000028               : lli.oem4f (.text:LLIFree)
                  00012fd8    00000028     netctrl_min_ipv4.aem4f : netctrl.oem4f (.text:NC_SystemClose)
                  00013000    00000028     stk.aem4f : nimu.oem4f (.text:NIMUCreatePacket)
                  00013028    00000028               : nimu.oem4f (.text:NIMUPacketService)
                  00013050    00000028               : tcpin.oem4f (.text:TcpEnterTimeWait)
                  00013078    00000028               : timer.oem4f (.text:TimerListRemove)
                  000130a0    00000028               : vlan.oem4f (.text:VLANFindSourceInterface)
                  000130c8    00000028               : vlan.oem4f (.text:VLANInit)
                  000130f0    00000028     nettool_ipv4.aem4f : dhcpsock.oem4f (.text:dhcpPacketReceive)
                  00013118    00000028     rtsv7M4_T_le_v4SPD16_eabi.lib : lseek.c.obj (.text:lseek)
                  00013140    00000028     drivers_tivaware.aem4f : EMACSnow.oem4f (.text:signalLinkChange)
                  00013168    00000028     sysbios.aem4f : BIOS.obj (.text:ti_sysbios_knl_Clock_addI__E)
                  00013190    00000028                   : BIOS.obj (.text:ti_sysbios_knl_Swi_Module_startup__E)
                  000131b8    00000028     rtsv7M4_T_le_v4SPD16_eabi.lib : write.c.obj (.text:write)
                  000131e0    00000026     nettool_ipv4.aem4f : config.oem4f (.text:CfgEntryInfo)
                  00013206    00000026     driverlib.lib : emac.obj (.text:EMACPHYRead)
                  0001322c    00000026                   : emac.obj (.text:EMACPHYWrite)
                  00013252    00000026     stk.aem4f : rawethsock.oem4f (.text:RawEthSockClose)
                  00013278    00000026     sysbios.aem4f : m3_Hwi_asm.obj (.text:ti_sysbios_family_arm_m3_Hwi_pendSV__I)
                  0001329e    00000026     ti.targets.arm.rtsarm.aem4f : System.oem4f (.text:xdc_runtime_System_avprintf__E)
                  000132c4    00000024     stk.aem4f : bind.oem4f (.text:BindFindByHost)
                  000132e8    00000024               : bind.oem4f (.text:BindGetIFByDBCast)
                  0001330c    00000024     drivers_tivaware.aem4f : EMACSnow.oem4f (.text:EMACSnow_pkt_service)
                  00013330    00000024                            : EMACSnow.oem4f (.text:EMACSnow_primeRx)
                  00013354    00000024     stk.aem4f : exec.oem4f (.text:ExecTimer)
                  00013378    00000024               : nimu.oem4f (.text:NIMUFindByIndex)
                  0001339c    00000024               : rtc.oem4f (.text:RTCAddHook)
                  000133c0    00000024               : rawethsock_pcb.oem4f (.text:RawEthSockPcbFind)
                  000133e4    00000024               : route.oem4f (.text:RtFree)
                  00013408    00000024               : route.oem4f (.text:RtSetTimeout)
                  0001342c    00000024               : sockpcb.oem4f (.text:SockPcbCleanup)
                  00013450    00000024               : tcpprot.oem4f (.text:TcpPrListen)
                  00013474    00000024               : tcptime.oem4f (.text:TcpTimeoutWait2)
                  00013498    00000024     nettool_ipv4.aem4f : config.oem4f (.text:_CfgEntryProcess)
                  000134bc    00000024     rtsv7M4_T_le_v4SPD16_eabi.lib : strcspn.c.obj (.text:strcspn)
                  000134e0    00000024     httpget_pem4f.oem4f (.text:ti_sysbios_BIOS_errorRaiseHook__I)
                  00013504    00000024     httpget_pem4f.oem4f (.text:ti_sysbios_BIOS_registerRTSLock__I)
                  00013528    00000024     httpget_pem4f.oem4f (.text:ti_sysbios_BIOS_removeRTSLock__I)
                  0001354c    00000024     httpget_pem4f.oem4f (.text:ti_sysbios_BIOS_startFunc__I)
                  00013570    00000024     httpget_pem4f.oem4f (.text:ti_sysbios_gates_GateMutex_Object__delete__S)
                  00013594    00000004     httpget_pem4f.oem4f (.text:xdc_runtime_System_Module_GateProxy_enter__E)
                  00013598    00000024     sysbios.aem4f : BIOS.obj (.text:ti_sysbios_knl_Clock_Module_startup__E)
                  000135bc    00000004     httpget_pem4f.oem4f (.text:xdc_runtime_System_Module_GateProxy_leave__E)
                  000135c0    00000024     sysbios.aem4f : BIOS.obj (.text:ti_sysbios_knl_Clock_start__E)
                  000135e4    00000004     ti.targets.arm.rtsarm.aem4f : System.oem4f (.text:xdc_runtime_System_aprintf_va__F)
                  000135e8    00000024     sysbios.aem4f : BIOS.obj (.text:ti_sysbios_knl_Semaphore_Instance_init__E)
                  0001360c    00000024     httpget_pem4f.oem4f (.text:ti_sysbios_knl_Semaphore_Object__delete__S)
                  00013630    00000024     sysbios.aem4f : BIOS.obj (.text:ti_sysbios_knl_Task_restoreHwi__E)
                  00013654    00000024     ti.targets.arm.rtsarm.aem4f : System.oem4f (.text:xdc_runtime_System_vprintf__E)
                  00013678    00000022     nettool_ipv4.aem4f : config.oem4f (.text:CfgEntryRef)
                  0001369a    00000022     stk.aem4f : vlan.oem4f (.text:VLANFindNode)
                  000136bc    00000004     ti.targets.arm.rtsarm.aem4f : System.oem4f (.text:xdc_runtime_System_printf_va__F)
                  000136c0    00000022     sysbios.aem4f : BIOS.obj (.text:ti_sysbios_family_arm_lm4_Timer_write__I)
                  000136e2    00000022     httpget_pem4f.oem4f (.text:xdc_runtime_SysMin_output__I)
                  00013704    00000020     netctrl_min_ipv4.aem4f : netctrl.oem4f (.text:NC_BootComplete)
                  00013724    00000020     stk.aem4f : nimu.oem4f (.text:NIMUGetNumOfObject)
                  00013744    00000020               : rtc.oem4f (.text:RTCRemoveHook)
                  00013764    00000020               : tcp.oem4f (.text:TcpTimeoutRemove)
                  00013784    00000020     Boot.aem4f : Boot_sysctl.oem4f (.text:_SysCtlMemTimingGet)
                  000137a4    00000020     rtsv7M4_T_le_v4SPD16_eabi.lib : memchr.c.obj (.text:memchr)
                  000137c4    00000020     httpget_pem4f.oem4f (.text:ti_sysbios_BIOS_rtsLock__I)
                  000137e4    00000004     --HOLE-- [fill = 0]
                  000137e8    00000020     sysbios.aem4f : BIOS.obj (.text:ti_sysbios_family_arm_lm4_Timer_postInit__I)
                  00013808    00000020     httpget_pem4f.oem4f (.text:ti_sysbios_family_arm_m3_Hwi_Object__delete__S)
                  00013828    00000020     sysbios.aem4f : m3_Hwi_asm.obj (.text:ti_sysbios_family_arm_m3_Hwi_excHandlerAsm__I)
                  00013848    00000020                   : BIOS.obj (.text:ti_sysbios_family_arm_m3_Hwi_excHandler__I)
                  00013868    00000020     httpget_pem4f.oem4f (.text:ti_sysbios_gates_GateHwi_Object__delete__S)
                  00013888    00000020     httpget_pem4f.oem4f (.text:ti_sysbios_heaps_HeapMem_Object__delete__S)
                  000138a8    00000020     sysbios.aem4f : BIOS.obj (.text:ti_sysbios_knl_Idle_run__E)
                  000138c8    00000020     httpget_pem4f.oem4f (.text:ti_sysbios_knl_Semaphore_Object__destruct__S)
                  000138e8    00000020     httpget_pem4f.oem4f (.text:ti_sysbios_knl_Swi_Object__delete__S)
                  00013908    00000020     httpget_pem4f.oem4f (.text:ti_sysbios_knl_Task_Object__delete__S)
                  00013928    00000020     ti.targets.arm.rtsarm.aem4f : Registry.oem4f (.text:xdc_runtime_Registry_findById__E)
                  00013948    00000020                                 : SysMin.oem4f (.text:xdc_runtime_SysMin_Module_startup__E)
                  00013968    0000001e     stk.aem4f : listlib.oem4f (.text:list_remove)
                  00013986    0000001e     main.obj (.text:recv)
                  000139a4    0000001e     main.obj (.text:send)
                  000139c2    0000001e     rtsv7M4_T_le_v4SPD16_eabi.lib : strcat.c.obj (.text:strcat)
                  000139e0    0000001e     sysbios.aem4f : m3_Hwi_asm_switch.obj (.text:ti_sysbios_family_xxx_Hwi_switchAndRunFunc)
                  000139fe    00000002     --HOLE-- [fill = 0]
                  00013a00    0000001c     stk.aem4f : bind.oem4f (.text:BindFindByIF)
                  00013a1c    0000001c               : exec.oem4f (.text:ExecBroadcast)
                  00013a38    0000001c     os.aem4f : ossys.oem4f (.text:NDK_sprintf)
                  00013a54    0000001c     stk.aem4f : nimu.oem4f (.text:NIMUAddHeader)
                  00013a70    0000001c               : sockprot.oem4f (.text:SockPrDetach)
                  00013a8c    0000001c     os.aem4f : task.oem4f (.text:TaskDestroy)
                  00013aa8    0000001c     drivers_tivaware.aem4f : GPIOTiva.oem4f (.text:getGpioIntIndex)
                  00013ac4    0000001c     rtsv7M4_T_le_v4SPD16_eabi.lib : memccpy.c.obj (.text:memccpy)
                  00013ae0    0000001c     httpget_pem4f.oem4f (.text:ti_ndk_config_global_taskCreateHook)
                  00013afc    00000004     --HOLE-- [fill = 0]
                  00013b00    0000001c     sysbios.aem4f : BIOS.obj (.text:ti_sysbios_gates_GateMutex_Instance_init__E)
                  00013b1c    0000001c     httpget_pem4f.oem4f (.text:ti_sysbios_knl_Queue_Object__destruct__S)
                  00013b38    0000001c     sysbios.aem4f : BIOS.obj (.text:ti_sysbios_knl_Queue_get__E)
                  00013b54    00000004     --HOLE-- [fill = 0]
                  00013b58    0000001c                   : BIOS.obj (.text:ti_sysbios_knl_Queue_put__E)
                  00013b74    00000004     --HOLE-- [fill = 0]
                  00013b78    0000001c                   : BIOS.obj (.text:ti_sysbios_knl_Task_enter__I)
                  00013b94    0000001c     ti.targets.arm.rtsarm.aem4f : Error.oem4f (.text:xdc_runtime_Error_raiseX__E)
                  00013bb0    0000001c                                 : Memory.oem4f (.text:xdc_runtime_Memory_valloc__E)
                  00013bcc    0000001c                                 : SysMin.oem4f (.text:xdc_runtime_SysMin_exit__E)
                  00013be8    0000001c                                 : System.oem4f (.text:xdc_runtime_System_abort__E)
                  00013c04    0000001a     stk.aem4f : bind.oem4f (.text:BindGetIP)
                  00013c1e    0000001a               : sockint.oem4f (.text:SockSetOOBMark)
                  00013c38    0000001a     rtsv7M4_T_le_v4SPD16_eabi.lib : s_copysign.c.obj (.text:copysign)
                  00013c52    0000001a     stk.aem4f : file.oem4f (.text:fdint_getfdt)
                  00013c6c    0000001a     httpget_pem4f.oem4f (.text:free)
                  00013c86    0000001a     httpget_pem4f.oem4f (.text:ti_sysbios_family_arm_m3_Hwi_Handle__label__S)
                  00013ca0    0000001a     httpget_pem4f.oem4f (.text:ti_sysbios_gates_GateHwi_Handle__label__S)
                  00013cba    0000001a     httpget_pem4f.oem4f (.text:ti_sysbios_gates_GateMutex_Handle__label__S)
                  00013cd4    0000001a     httpget_pem4f.oem4f (.text:ti_sysbios_heaps_HeapMem_Handle__label__S)
                  00013cee    0000001a     httpget_pem4f.oem4f (.text:ti_sysbios_knl_Swi_Handle__label__S)
                  00013d08    0000001a     httpget_pem4f.oem4f (.text:ti_sysbios_knl_Task_Handle__label__S)
                  00013d22    00000006     driverlib.lib : gpio.obj (.text:GPIOIntClear)
                  00013d28    0000001a     sysbios.aem4f : BIOS.obj (.text:ti_sysbios_knl_Task_sleepTimeout__I)
                  00013d42    0000001a     httpget_pem4f.oem4f (.text:xdc_runtime_System_aprintf__E)
                  00013d5c    0000001a     httpget_pem4f.oem4f (.text:xdc_runtime_System_printf__E)
                  00013d76    00000002     --HOLE-- [fill = 0]
                  00013d78    00000018     drivers_tivaware.aem4f : EMACSnow.oem4f (.text:EMACSnow_emacSend)
                  00013d90    00000018     driverlib.lib : gpio.obj (.text:GPIOPinTypeGPIOOutput)
                  00013da8    00000018     stk.aem4f : ip.oem4f (.text:IPRtChange)
                  00013dc0    00000018               : rawethsock_pcb.oem4f (.text:RawEthSockPcbCleanup)
                  00013dd8    00000018     nettool_ipv4.aem4f : ipaddr.oem4f (.text:RouteHook)
                  00013df0    00000018     stk.aem4f : tcpin.oem4f (.text:SEQ_GEQ)
                  00013e08    00000018               : tcpout.oem4f (.text:SEQ_GEQ)
                  00013e20    00000018               : tcpin.oem4f (.text:SEQ_GT)
                  00013e38    00000018               : tcpout.oem4f (.text:SEQ_GT)
                  00013e50    00000018               : tcpin.oem4f (.text:SEQ_LEQ)
                  00013e68    00000018               : tcpout.oem4f (.text:SEQ_LEQ)
                  00013e80    00000018               : tcpin.oem4f (.text:SEQ_LT)
                  00013e98    00000018               : tcpout.oem4f (.text:SEQ_LT)
                  00013eb0    00000018               : tcp.oem4f (.text:TcpTimeoutAdd)
                  00013ec8    00000018     rtsv7M4_T_le_v4SPD16_eabi.lib : args_main.c.obj (.text:_args_main)
                  00013ee0    00000018                                   : sprintf.c.obj (.text:_outs)
                  00013ef8    00000018     nettool_ipv4.aem4f : dhcpsock.oem4f (.text:dhcpSocketClose)
                  00013f10    00000018     stk.aem4f : listlib.oem4f (.text:list_add)
                  00013f28    00000018     rtsv7M4_T_le_v4SPD16_eabi.lib : strcmp.c.obj (.text:strcmp)
                  00013f40    00000018     httpget_pem4f.oem4f (.text:ti_sysbios_BIOS_rtsUnlock__I)
                  00013f58    00000018     httpget_pem4f.oem4f (.text:ti_sysbios_family_arm_lm4_Timer_Module__startupDone__F)
                  00013f70    00000018     httpget_pem4f.oem4f (.text:ti_sysbios_family_arm_m3_Hwi_Module__startupDone__F)
                  00013f88    00000018     sysbios.aem4f : m3_TaskSupport_asm.obj (.text:ti_sysbios_family_arm_m3_TaskSupport_swap__E)
                  00013fa0    00000018                   : BIOS.obj (.text:ti_sysbios_gates_GateMutex_leave__E)
                  00013fb8    00000018                   : BIOS.obj (.text:ti_sysbios_knl_Task_unblock__E)
                  00013fd0    00000018     ti.targets.arm.rtsarm.aem4f : Error.oem4f (.text:xdc_runtime_Error_check__E)
                  00013fe8    00000018                                 : System.oem4f (.text:xdc_runtime_System_exit__E)
                  00014000    00000018                                 : Text.oem4f (.text:xdc_runtime_Text_ropeText__E)
                  00014018    00000016     driverlib.lib : emac.obj (.text:EMACReset)
                  0001402e    00000016                   : emac.obj (.text:EMACRxEnable)
                  00014044    00000016                   : emac.obj (.text:EMACTxEnable)
                  0001405a    00000016     stk.aem4f : file.oem4f (.text:fdint_freefdt)
                  00014070    00000016     rtsv7M4_T_le_v4SPD16_eabi.lib : strchr.c.obj (.text:strchr)
                  00014086    00000016     httpget_pem4f.oem4f (.text:ti_sysbios_BIOS_exitFunc__I)
                  0001409c    00000016     main.obj (.text:ti_sysbios_knl_Task_Params_init)
                  000140b2    00000016     ti.targets.arm.rtsarm.aem4f : System.oem4f (.text:xdc_runtime_System_vsprintf__E)
                  000140c8    00000014     stk.aem4f : bind.oem4f (.text:BindIPHost2IF)
                  000140dc    00000014     driverlib.lib : flash.obj (.text:FlashUserGet)
                  000140f0    00000014     netctrl_min_ipv4.aem4f : netctrl.oem4f (.text:NC_NetStop)
                  00014104    00000014     os.aem4f : task.oem4f (.text:NDK_hookExit)
                  00014118    00000014     stk.aem4f : nimu.oem4f (.text:NIMUSendPacket)
                  0001412c    00000014     nettool_ipv4.aem4f : ipaddr.oem4f (.text:NtRemoveNetwork)
                  00014140    00000014     stk.aem4f : rawethsock_pcb.oem4f (.text:RawEthSockPcbInit)
                  00014154    00000014               : timer.oem4f (.text:TimerFree)
                  00014168    00000014     main.obj (.text:accept)
                  0001417c    00000014     main.obj (.text:bind)
                  00014190    00000014     main.obj (.text:connect)
                  000141a4    00000014     main.obj (.text:socket)
                  000141b8    00000014     rtsv7M4_T_le_v4SPD16_eabi.lib : strcpy.c.obj (.text:strcpy)
                  000141cc    00000014                                   : strlen.c.obj (.text:strlen)
                  000141e0    00000014     httpget_pem4f.oem4f (.text:ti_ndk_config_global_taskExitHook)
                  000141f4    00000014     httpget_pem4f.oem4f (.text:ti_sysbios_family_arm_m3_Hwi_Object__get__S)
                  00014208    00000014     sysbios.aem4f : BIOS.obj (.text:ti_sysbios_family_arm_m3_Hwi_switchFromBootStack__E)
                  0001421c    00000014     httpget_pem4f.oem4f (.text:ti_sysbios_heaps_HeapMem_Object__get__S)
                  00014230    00000014     httpget_pem4f.oem4f (.text:ti_sysbios_knl_Mailbox_Object__get__S)
                  00014244    00000014     httpget_pem4f.oem4f (.text:ti_sysbios_knl_Swi_Object__get__S)
                  00014258    00000014     httpget_pem4f.oem4f (.text:ti_sysbios_knl_Task_Object__first__S)
                  0001426c    00000014     httpget_pem4f.oem4f (.text:ti_sysbios_knl_Task_Object__next__S)
                  00014280    00000014     main.obj (.text:timerISR)
                  00014294    00000012     driverlib.lib : gpio.obj (.text:GPIOPinTypeEthernetLED)
                  000142a6    00000012     stk.aem4f : sockprot.oem4f (.text:SockPrAttach)
                  000142b8    00000012               : sockint.oem4f (.text:SockSetOOBData)
                  000142ca    00000006     driverlib.lib : gpio.obj (.text:GPIOPinWrite)
                  000142d0    00000012     sysbios.aem4f : BIOS.obj (.text:ti_sysbios_hal_Hwi_Module_startup__E)
                  000142e2    00000006     driverlib.lib : sysctl.obj (.text:SysCtlDelay)
                  000142e8    00000012     sysbios.aem4f : BIOS.obj (.text:ti_sysbios_hal_Timer_Module_startup__E)
                  000142fa    00000006     stk.aem4f : tcpprot.oem4f (.text:TcpPrRecv)
                  00014300    00000012     sysbios.aem4f : BIOS.obj (.text:ti_sysbios_knl_Semaphore_reset__E)
                  00014312    00000012     rtsv7M4_T_le_v4SPD16_eabi.lib : wcslen.c.obj (.text:wcslen)
                  00014324    00000012     httpget_pem4f.oem4f (.text:xdc_runtime_Startup_exec__I)
                  00014336    00000002     --HOLE-- [fill = 0]
                  00014338    00000010     httpget_pem4f.oem4f (.text:.bootCodeSection:ti_catalog_arm_cortexm4_tiva_ce_Boot_init__I)
                  00014348    00000010     stk.aem4f : bind.oem4f (.text:BindIF2IPHost)
                  00014358    00000010               : bind.oem4f (.text:BindIFNet2IPHost)
                  00014368    00000010     driverlib.lib : emac.obj (.text:EMACFrameFilterSet)
                  00014378    00000010     stk.aem4f : exec.oem4f (.text:ExecHRef)
                  00014388    00000010     netctrl_min_ipv4.aem4f : netctrl.oem4f (.text:NC_IPUpdate)
                  00014398    00000010     stk.aem4f : nimu.oem4f (.text:NIMUGetRsvdSizeInfo)
                  000143a8    00000010     main.obj (.text:listen)
                  000143b8    00000010     sysbios.aem4f : BIOS.obj (.text:ti_sysbios_BIOS_exit__E)
                  000143c8    00000010                   : BIOS.obj (.text:ti_sysbios_BIOS_getCpuFreq__E)
                  000143d8    00000010                   : BIOS.obj (.text:ti_sysbios_BIOS_setThreadType__E)
                  000143e8    00000010                   : BIOS.obj (.text:ti_sysbios_BIOS_start__E)
                  000143f8    00000010                   : m3_TaskSupport_asm.obj (.text:ti_sysbios_family_arm_m3_TaskSupport_glue)
                  00014408    00000010                   : BIOS.obj (.text:ti_sysbios_gates_GateMutex_Instance_finalize__E)
                  00014418    00000010                   : BIOS.obj (.text:ti_sysbios_knl_Semaphore_Instance_finalize__E)
                  00014428    00000010                   : BIOS.obj (.text:ti_sysbios_knl_Swi_disable__E)
                  00014438    00000010     httpget_pem4f.oem4f (.text:ti_sysbios_knl_Task_Object__get__S)
                  00014448    00000010     sysbios.aem4f : BIOS.obj (.text:ti_sysbios_knl_Task_disable__E)
                  00014458    00000010     ti.targets.arm.rtsarm.aem4f : Gate.oem4f (.text:xdc_runtime_Gate_leaveSystem__E)
                  00014468    00000010                                 : Memory.oem4f (.text:xdc_runtime_Memory_free__E)
                  00014478    00000010                                 : SysMin.oem4f (.text:xdc_runtime_SysMin_ready__E)
                  00014488    00000010                                 : System.oem4f (.text:xdc_runtime_System_vsnprintf__E)
                  00014498    00000010     httpget_pem4f.oem4f (.text:xdc_runtime_Text_visitRope__I)
                  000144a8    0000000e     drivers_tivaware.aem4f : EMACSnow.oem4f (.text:EMACSnow_emacioctl)
                  000144b6    0000000e     stk.aem4f : exec.oem4f (.text:ExecLowResource)
                  000144c4    0000000e     driverlib.lib : gpio.obj (.text:GPIOIntStatus)
                  000144d2    0000000e     rtsv7M4_T_le_v4SPD16_eabi.lib : copy_decompress_none.c.obj (.text:decompress:none:__TI_decompress_none)
                  000144e0    0000000e     sysbios.aem4f : BIOS.obj (.text:ti_sysbios_knl_Clock_removeI__E)
                  000144ee    00000002     --HOLE-- [fill = 0]
                  000144f0    0000000e                   : BIOS.obj (.text:ti_sysbios_knl_Idle_loop__E)
                  000144fe    00000002     --HOLE-- [fill = 0]
                  00014500    0000000e                   : BIOS.obj (.text:ti_sysbios_knl_Queue_empty__E)
                  0001450e    00000002     --HOLE-- [fill = 0]
                  00014510    0000000c     stk.aem4f : bind.oem4f (.text:BindGetFirst)
                  0001451c    0000000c     nettool_ipv4.aem4f : config.oem4f (.text:CfgSetDefault)
                  00014528    0000000c     drivers_tivaware.aem4f : EMACSnow.oem4f (.text:EMACSnow_init)
                  00014534    0000000c     os.aem4f : task.oem4f (.text:NDK_hookInit)
                  00014540    0000000c     stk.aem4f : nimu.oem4f (.text:NIMUSetRsvdSizeInfo)
[...]
00016b9c  ti_sysbios_family_arm_lm4_Timer_enableFunc__C                        
00016ba0  ti_sysbios_family_arm_lm4_Timer_numTimerDevices__C                   
00016ba4  ti_sysbios_family_arm_lm4_Timer_startupNeeded__C                     
00016ba8  ti_sysbios_family_arm_m3_Hwi_E_NMI__C                                
00016bac  ti_sysbios_family_arm_m3_Hwi_E_alreadyDefined__C                     
00016bb0  ti_sysbios_family_arm_m3_Hwi_E_busFault__C                           
00016bb4  ti_sysbios_family_arm_m3_Hwi_E_debugMon__C                           
00016bb8  ti_sysbios_family_arm_m3_Hwi_E_hardFault__C                          
00016bbc  ti_sysbios_family_arm_m3_Hwi_E_memFault__C                           
00016bc0  ti_sysbios_family_arm_m3_Hwi_E_noIsr__C                              
00016bc4  ti_sysbios_family_arm_m3_Hwi_E_reserved__C                           
00016bc8  ti_sysbios_family_arm_m3_Hwi_E_svCall__C                             
00016bcc  ti_sysbios_family_arm_m3_Hwi_E_usageFault__C                         
00016bd0  ti_sysbios_family_arm_m3_Hwi_NUM_INTERRUPTS__C                       
00016bd4  ti_sysbios_family_arm_m3_Hwi_Object__count__C                        
00016bd8  ti_sysbios_family_arm_m3_Hwi_ccr__C                                  
00016bdc  ti_sysbios_family_arm_m3_Hwi_excHandlerFunc__C                       
00016be0  ti_sysbios_family_arm_m3_Hwi_excHookFuncs__C                         
00016be4  ti_sysbios_family_arm_m3_Hwi_nullIsrFunc__C                          
00016be8  ti_sysbios_family_arm_m3_Hwi_priGroup__C                             
00016bec  ti_sysbios_family_arm_m3_TaskSupport_stackAlignment__C               
00016bf0  ti_sysbios_gates_GateMutex_Instance_State_sem__O                     
00016bf4  ti_sysbios_hal_Hwi_E_stackOverflow__C                                
00016bf8  ti_sysbios_heaps_HeapMem_E_memory__C                                 
00016bfc  ti_sysbios_heaps_HeapMem_Module__gateObj__C                          
00016c00  ti_sysbios_heaps_HeapMem_Object__count__C                            
00016c04  ti_sysbios_heaps_HeapMem_reqAlign__C                                 
00016c08  ti_sysbios_knl_Clock_Module_State_clockQ__O                          
00016c0c  ti_sysbios_knl_Event_Instance_State_pendQ__O                         
00016c10  ti_sysbios_knl_Mailbox_Instance_State_dataQue__O                     
00016c14  ti_sysbios_knl_Mailbox_Instance_State_dataSem__O                     
00016c18  ti_sysbios_knl_Mailbox_Instance_State_freeQue__O                     
00016c1c  ti_sysbios_knl_Mailbox_Instance_State_freeSem__O                     
00016c20  ti_sysbios_knl_Mailbox_Object__count__C                              
00016c24  ti_sysbios_knl_Mailbox_maxTypeAlign__C                               
00016c28  ti_sysbios_knl_Semaphore_Instance_State_pendQ__O                     
00016c2c  ti_sysbios_knl_Swi_Object__count__C                                  
00016c30  ti_sysbios_knl_Task_E_deleteNotAllowed__C                            
00016c34  ti_sysbios_knl_Task_E_spOutOfBounds__C                               
00016c38  ti_sysbios_knl_Task_E_stackOverflow__C                               
00016c3c  ti_sysbios_knl_Task_Module_State_inactiveQ__O                        
00016c40  ti_sysbios_knl_Task_Module_State_terminatedQ__O                      
00016c44  ti_sysbios_knl_Task_Object__count__C                                 
00016c48  ti_sysbios_knl_Task_Object__heap__C                                  
00016c4c  ti_sysbios_knl_Task_allBlockedFunc__C                                
00016c50  ti_sysbios_knl_Task_defaultStackHeap__C                              
00016c54  ti_sysbios_knl_Task_defaultStackSize__C                              
00016c58  ti_sysbios_knl_Task_numConstructedTasks__C                           
00016c5c  xdc_runtime_Assert_E_assertFailed__C                                 
00016c60  xdc_runtime_Core_A_initializedParams__C                              
00016c64  xdc_runtime_Core_Module__diagsEnabled__C                             
00016c68  xdc_runtime_Core_Module__diagsIncluded__C                            
00016c6c  xdc_runtime_Core_Module__diagsMask__C                                
00016c70  xdc_runtime_Error_E_memory__C                                        
00016c74  xdc_runtime_Error_Module__diagsEnabled__C                            
00016c78  xdc_runtime_Error_Module__diagsIncluded__C                           
00016c7c  xdc_runtime_Error_Module__diagsMask__C                               
00016c80  xdc_runtime_Error_Module__loggerFxn8__C                              
00016c84  xdc_runtime_Error_Module__loggerObj__C                               
00016c88  xdc_runtime_Error_policyFxn__C                                       
00016c8c  xdc_runtime_Error_raiseHook__C                                       
00016c90  xdc_runtime_IGateProvider_Interface__BASE__C                         
00016c94  xdc_runtime_IHeap_Interface__BASE__C                                 
00016c98  xdc_runtime_IModule_Interface__BASE__C                               
00016c9c  xdc_runtime_Log_L_error__C                                           
00016ca0  xdc_runtime_Memory_defaultHeapInstance__C                            
00016ca4  xdc_runtime_Startup_execImpl__C                                      
00016ca8  xdc_runtime_Startup_maxPasses__C                                     
00016cac  xdc_runtime_Startup_sfxnRts__C                                       
00016cb0  xdc_runtime_Startup_sfxnTab__C                                       
00016cb4  xdc_runtime_SysMin_bufSize__C                                        
00016cb8  xdc_runtime_SysMin_outputFunc__C                                     
00016cbc  xdc_runtime_System_Module__gateObj__C                                
00016cc0  xdc_runtime_System_abortFxn__C                                       
00016cc4  xdc_runtime_System_exitFxn__C                                        
00016cc8  xdc_runtime_System_extendFxn__C                                      
00016ccc  xdc_runtime_System_maxAtexitHandlers__C                              
00016cd0  xdc_runtime_Text_charTab__C                                          
00016cd4  xdc_runtime_Text_nameEmpty__C                                        
00016cd8  xdc_runtime_Text_nameStatic__C                                       
00016cdc  xdc_runtime_Text_nameUnknown__C                                      
00016ce0  xdc_runtime_Text_nodeTab__C                                          
00016ce4  xdc_runtime_Text_visitRopeFxn__C                                     
00016ce8  ti_sysbios_hal_Hwi_Module__id__C                                     
00016cea  ti_sysbios_heaps_HeapMem_Module__id__C                               
00016cec  ti_sysbios_knl_Task_Module__id__C                                    
00016cee  xdc_runtime_Core_Module__id__C                                       
00016cf0  xdc_runtime_Error_Module__loggerDefined__C                           
00016cf2  xdc_runtime_Error_maxDepth__C                                        
00016cf4  xdc_runtime_Memory_Module__id__C                                     
00016cf6  xdc_runtime_SysMin_flushAtExit__C                                    
00016cf8  xdc_runtime_Text_charCnt__C                                          
00016cfa  xdc_runtime_Text_isLoaded__C                                         
00016cfc  xdc_runtime_Text_registryModsLastId__C                               
00016cfe  xdc_runtime_Text_unnamedModsLastId__C                                
00016d00  __TI_static_base__                                                   
00017184  __TI_Handler_Table_Base                                              
00017190  __TI_Handler_Table_Limit                                             
000171a0  __TI_CINIT_Base                                                      
000171b8  __TI_CINIT_Limit                                                     
20000000  __start___llvm_prf_cnts                                              
20000000  __stop___llvm_prf_cnts                                               
20000000  ti_sysbios_family_arm_m3_Hwi_ramVectors                              
20000380  ti_ndk_config_Global_pit                                             
20000498  ti_ndk_config_Global_pitBuffer                                       
2000cc98  ti_sysbios_heaps_HeapMem_Instance_State_0_buf__A                     
20014c98  ips                                                                  
20014d00  ti_ndk_config_Global_pBufMem                                         
20018900  ti_ndk_config_Global_pHdrMem                                         
20018bf8  ti_sysbios_knl_Task_Instance_State_0_stack__A                        
200193f8  ti_sysbios_knl_Task_Instance_State_1_stack__A                        
20019bf8  ti_sysbios_knl_Task_Instance_State_2_stack__A                        
2001a1f8  ti_sysbios_knl_Task_Instance_State_3_stack__A                        
2001a3f8  ti_sysbios_family_arm_m3_Hwi_dispatchTable                           
2001a758  __CIOBUF_                                                            
2001a978  tcps                                                                 
2001aae4  __TI_tmpnams                                                         
2001ad34  xdc_runtime_SysMin_Module_State_0_outbuf__A                          
2001adb4  nimu_mcb                                                             
2001ae18  _ICMPIn                                                              
2001ae64  _ICMPOut                                                             
2001aeb0  ti_sysbios_knl_Mailbox_Instance_State_0_allocBuf__A                  
2001af38  vlan_mcb                                                             
2001af60  array1                                                               
2001afac  udps                                                                 
2001afd0  function                                                             
2001aff0  motorFunction                                                        
2001b010  BlockCount                                                           
2001b02c  BlockMax                                                             
2001b048  PageCount                                                            
2001b064  PageMax                                                              
2001b080  stkEvent                                                             
2001b0bc  raweths                                                              
2001b0cc  raws                                                                 
2001b0dc  PBMQ_free                                                            
2001b0e8  tpseudo                                                              
2001b0f4  upseudo                                                              
2001b108  emacObjects                                                          
2001b110  parmbuf                                                              
2001b13c  _IGMPInDiscard                                                       
2001b140  _IGMPInQuery                                                         
2001b144  _IGMPInQueryGroup                                                    
2001b148  _IGMPInResponse                                                      
2001b14c  _IGMPOutResponse                                                     
2001b150  day                                                                  
2001b154  g_ulStatus                                                           
2001b168  hour                                                                 
2001b16c  minutes                                                              
2001b170  month                                                                
2001b174  raweth_pcb                                                           
2001b178  seconds                                                              
2001b17c  ti_sysbios_knl_Task_Instance_State_0_hookEnv__A                      
2001b180  ti_sysbios_knl_Task_Instance_State_1_hookEnv__A                      
2001b184  ti_sysbios_knl_Task_Instance_State_2_hookEnv__A                      
2001b188  ti_sysbios_knl_Task_Instance_State_3_hookEnv__A                      
2001b18c  timestamps                                                           
2001b190  year                                                                 
2001b194  ti_sysbios_knl_Task_Object__table__V                                 
2001b2c4  _ftable                                                              
2001b3b4  _ipcfg                                                               
2001b468  ti_sysbios_family_arm_lm4_Timer_Object__table__V                     
2001b4e8  ti_sysbios_knl_Swi_Module_State_0_readyQ__A                          
2001b568  ti_sysbios_knl_Task_Module_State_0_readyQ__A                         
2001b5e8  _device                                                              
2001b660  ti_sysbios_knl_Swi_Object__table__V                                  
2001b6c0  _stream                                                              
2001b710  ti_sysbios_knl_Mailbox_Object__table__V                              
2001b7ae  ti_sysbios_family_arm_m3_Hwi_Module_State_0_excActive__A             
2001b7b0  ti_sysbios_knl_Task_Module__state__V                                 
2001b874  ti_sysbios_family_arm_lm4_Timer_Module_State_0_device__A             
2001b8b4  ti_sysbios_gates_GateMutex_Object__table__V                          
2001b920  ti_sysbios_family_arm_m3_Hwi_Module__state__V                        
2001b954  enablePrefetch                                                       
2001b958  phyCounter                                                           
2001b986  xdc_runtime_Error_Module__state__V                                   
2001b9b8  ti_sysbios_family_arm_m3_Hwi_Object__table__V                        
2001b9e8  ti_sysbios_knl_Clock_Module__state__V                                
2001ba14  pstrMsgName                                                          
2001ba3c  ti_sysbios_knl_Semaphore_Object__table__V                            
2001ba64  _oscfg                                                               
2001baac  PITCount                                                             
2001bab0  PITUsed                                                              
2001bab4  PITHigh                                                              
2001bad0  ti_sysbios_BIOS_Module__state__V                                     
2001baf4  ti_sysbios_family_arm_lm4_Timer_Module_State_0_handles__A            
2001bb30  ti_ndk_config_Global_Id2Size                                         
2001bb4c  ti_sysbios_knl_Swi_Module__state__V                                  
2001bbb0  ti_sysbios_heaps_HeapMem_Object__table__V                            
2001bc04  _tz                                                                  
2001bc14  gpioPinConfigs                                                       
2001bc24  __TI_ft_end                                                          
2001bc28  __aeabi_stdin                                                        
2001bc2c  __aeabi_stdout                                                       
2001bc30  __aeabi_stderr                                                       
2001bc3c  _IGMPForceVersion1                                                   
2001bc44  __TI_cleanup_ptr                                                     
2001bc48  __TI_dtors_ptr                                                       
2001bc4c  __TI_enable_exit_profile_output                                      
2001bc50  ti_sysbios_family_arm_lm4_Timer_Module__state__V                     
2001bc5c  ti_sysbios_knl_Event_Object__table__V                                
2001bc68  xdc_runtime_SysMin_Module__state__V                                  
2001bc80  _lock                                                                
2001bc84  _unlock                                                              
2001bc88  NIMUDeviceTable                                                      
2001bc90  gpioCallbackFunctions                                                
2001bc98  ti_ndk_config_Global_HostName                                        
2001bc9c  __xdc__init__addr                                                    
2001bcb0  _ICMPInErrors                                                        
2001bcb4  _ICMPOutErrors                                                       
2001bcb8  _IPExecuting                                                         
2001bcd0  tcp_iss                                                              
2001bcd4  ptTimeFirst                                                          
2001bce0  ti_sysbios_family_arm_m3_Hwi_Module__root__V                         
2001bce8  ti_sysbios_gates_GateHwi_Module__root__V                             
2001bcf0  ti_sysbios_gates_GateMutex_Module__root__V                           
2001bcf8  ti_sysbios_hal_Timer_Object__table__V                                
2001bd00  ti_sysbios_heaps_HeapMem_Module__root__V                             
2001bd08  ti_sysbios_knl_Clock_Module__root__V                                 
2001bd10  ti_sysbios_knl_Queue_Module__root__V                                 
2001bd18  ti_sysbios_knl_Semaphore_Module__root__V                             
2001bd20  ti_sysbios_knl_Swi_Module__root__V                                   
2001bd28  ti_sysbios_knl_Task_Module__root__V                                  
2001bd30  xdc_runtime_Registry_Module__state__V                                
2001bd38  xdc_runtime_Startup_Module__state__V                                 
2001bd40  xdc_runtime_System_Module_State_0_atexitHandlers__A                  
2001bd48  xdc_runtime_System_Module__state__V                                  
2001bd50  macAddress                                                           
2001bd74  errno                                                                
2001bd78  main_func_sp                                                         
2001bd84  _IPReasmPtr                                                          
2001bd94  ti_sysbios_family_arm_m3_Hwi_Module_State_0_excContext__A            
2001bd98  ti_sysbios_family_arm_m3_Hwi_Module_State_0_excStack__A              
2001bd9c  ti_sysbios_gates_GateHwi_Object__table__V                            
2001bda0  ti_sysbios_knl_Task_Module_State_0_idleTask__A                       
2001bda4  xdc_runtime_Memory_Module__state__V                                  
2001bda8  __stack                                                              
2001c5a8  __STACK_END                                                          
e000e000  ti_sysbios_family_arm_m3_Hwi_nvic                                    
ffffffff  __TI_pprof_out_hndl                                                  
ffffffff  __TI_prof_data_size                                                  
ffffffff  __TI_prof_data_start                                                 
ffffffff  __binit__                                                            
ffffffff  __c_args__                                                           
ffffffff  binit                                                                
UNDEFED   SHT$$INIT_ARRAY$$Base                                                
UNDEFED   SHT$$INIT_ARRAY$$Limit                                               

[1119 symbols]
