******************************************************************************
                  TI ARM Linker PC v20.2.1                     
******************************************************************************
>> Linked Sun Jan 24 00:39:23 2021

OUTPUT FILE NAME:   <project_version1.out>
ENTRY POINT SYMBOL: "_c_int00"  address: 0000fb7d


MEMORY CONFIGURATION

         name            origin    length      used     unused   attr    fill
----------------------  --------  ---------  --------  --------  ----  --------
  FLASH                 00000000   00100000  00017182  000e8e7e  R  X
  SRAM                  20000000   00040000  0001c588  00023a78  RW X


SEGMENT ALLOCATION MAP

run origin  load origin   length   init length attrs members
----------  ----------- ---------- ----------- ----- -------
00000000    00000000    00017188   00017188    r-x
  00000000    00000000    0000003c   0000003c    r-- .resetVecs
  00000040    00000040    0001471a   0001471a    r-x .text
  0001475c    0001475c    0000256c   0000256c    r-- .const
  00016cc8    00016cc8    000004c0   000004c0    r-- .cinit
20000000    20000000    00000360   00000000    rw-
  20000000    20000000    00000360   00000000    rw- .vecs
20000380    20000380    0001c228   00000000    rw-
  20000380    20000380    0001ae14   00000000    rw- .bss
  2001b194    2001b194    00000c14   00000000    rw- .data
  2001bda8    2001bda8    00000800   00000000    rw- .stack


SECTION ALLOCATION MAP

 output                                  attributes/
section   page    origin      length       input sections
--------  ----  ----------  ----------   ----------------
.text      0    00000040    0001471a     
                  00000040    00000c68     stk.aem4f : tcpin.oem4f (.text:TcpInput)
                  00000ca8    00000a4e     rtsv7M4_T_le_v4SPD16_eabi.lib : _printfi.c.obj (.text:__TI_printfi)
                  000016f6    00000002     hal_userled_stub.aem4f : llled.oem4f (.text:LED_TOGGLE)
                  000016f8    000008b8     stk.aem4f : tcpout.oem4f (.text:TcpOutput)
                  00001fb0    00000430     sysbios.aem4f : BIOS.obj (.text:ti_sysbios_family_arm_m3_Hwi_excDumpRegs__I)
                  000023e0    00000408     stk.aem4f : ipout.oem4f (.text:IPTxPacket)
                  000027e8    00000400     httpget.obj (.text:serverSocketTask)
                  00002be8    00000384     stk.aem4f : ipin.oem4f (.text:IPRxPacket)
                  00002f6c    0000034c     ti.targets.arm.rtsarm.aem4f : System.oem4f (.text:xdc_runtime_System_doPrint__I)
                  000032b8    000002a0     rtsv7M4_T_le_v4SPD16_eabi.lib : mktime.c.obj (.text:__mktime32)
                  00003558    00000284     stk.aem4f : sock.oem4f (.text:SockSet)
                  000037dc    00000270     rtsv7M4_T_le_v4SPD16_eabi.lib : _printfi.c.obj (.text:_pconv_a)
                  00003a4c    0000024c     stk.aem4f : ipfrag.oem4f (.text:IPReasm)
                  00003c98    0000023c               : icmpin.oem4f (.text:ICMPInput)
                  00003ed4    00000238               : udp.oem4f (.text:UdpInput)
                  0000410c    00000204     Boot.aem4f : Boot_sysctl.oem4f (.text:ti_catalog_arm_cortexm4_tiva_ce_Boot_sysCtlClockFreqSetI__I)
                  00004310    000001f4     stk.aem4f : sock.oem4f (.text:SockRecv)
                  00004504    00000004               : bind.oem4f (.text:BindGetIF)
                  00004508    000001f4     sysbios.aem4f : BIOS.obj (.text:ti_sysbios_family_arm_m3_Hwi_excHandlerMax__I)
                  000046fc    000001d0     rtsv7M4_T_le_v4SPD16_eabi.lib : _printfi.c.obj (.text:_pconv_g)
                  000048cc    000001b8     drivers_tivaware.aem4f : EMACSnow.oem4f (.text:EMACSnow_NIMUInit)
                  00004a84    000001b6     rtsv7M4_T_le_v4SPD16_eabi.lib : fd_add_t2.asm.obj (.text)
                  00004c3a    00000002     stk.aem4f : nat.oem4f (.text:NatMsg)
                  00004c3c    000001b0               : lliout.oem4f (.text:LLITxIpPacket)
                  00004dec    000001ac               : lliin.oem4f (.text:LLIRxPacket)
                  00004f98    0000019c     os.aem4f : mem.oem4f (.text:mmAlloc)
                  00005134    00000198     stk.aem4f : igmp.oem4f (.text:IGMPInput)
                  000052cc    00000190               : sock.oem4f (.text:SockNew)
                  0000545c    00000180     httpget.obj (.text:task1Function)
                  000055dc    00000174     netctrl_min_ipv4.aem4f : netctrl.oem4f (.text:NC_NetStart)
                  00005750    00000174     sysbios.aem4f : BIOS.obj (.text:ti_sysbios_family_arm_m3_Hwi_excBusFault__I)
                  000058c4    00000170     stk.aem4f : rtc.oem4f (.text:RTCReport)
                  00005a34    0000016a               : sb.oem4f (.text:SBRead)
                  00005b9e    00000002     os.aem4f : task.oem4f (.text:_TaskInit)
                  00005ba0    00000164     sysbios.aem4f : BIOS.obj (.text:ti_sysbios_family_arm_m3_Hwi_excUsageFault__I)
                  00005d04    00000160     stk.aem4f : sock.oem4f (.text:SockConnect)
                  00005e64    00000158     nettool_ipv4.aem4f : dhcpmain.oem4f (.text:DHCPOpen)
                  00005fbc    00000158     httpget.obj (.text:recvTimefromNtpServer)
                  00006114    00000150     drivers_tivaware.aem4f : GPIOTiva.oem4f (.text:GPIO_setConfig)
                  00006264    00000004     stk.aem4f : bind.oem4f (.text:BindGetNext)
                  00006268    00000148     sysbios.aem4f : BIOS.obj (.text:ti_sysbios_family_arm_m3_Hwi_excMemFault__I)
                  000063b0    00000148                   : BIOS.obj (.text:ti_sysbios_knl_Event_pend__E)
                  000064f8    00000148                   : BIOS.obj (.text:ti_sysbios_knl_Task_Instance_finalize__E)
                  00006640    00000144     stk.aem4f : bind.oem4f (.text:BindNew)
                  00006784    00000140               : tcp.oem4f (.text:TcpTimeoutCheck)
                  000068c4    0000013c     nettool_ipv4.aem4f : config.oem4f (.text:CfgAddEntry)
                  00006a00    0000013c     stk.aem4f : sockint.oem4f (.text:SockNotify)
                  00006b3c    0000013c               : sock.oem4f (.text:SockSend)
                  00006c78    0000013c     rtsv7M4_T_le_v4SPD16_eabi.lib : _printfi.c.obj (.text:_pconv_e)
                  00006db4    00000136                                   : fd_div_t2.asm.obj (.text)
                  00006eea    00000002     os.aem4f : task.oem4f (.text:_TaskShutdown)
                  00006eec    00000134     stk.aem4f : icmp.oem4f (.text:ICMPGenPacket)
                  00007020    00000134     rtsv7M4_T_le_v4SPD16_eabi.lib : localtim.c.obj (.text:__localtime32)
                  00007154    00000130     driverlib.lib : gpio.obj (.text:GPIOPadConfigSet)
                  00007284    0000012c     EK_TM4C1294XL.obj (.text:EK_TM4C1294XL_initEMAC)
                  000073b0    00000128     sysbios.aem4f : BIOS.obj (.text:ti_sysbios_knl_Semaphore_pend__E)
                  000074d8    00000124     stk.aem4f : sockpcb.oem4f (.text:SockPcbResolve)
                  000075fc    00000124               : udp.oem4f (.text:UdpOutput)
                  00007720    00000124     rtsv7M4_T_le_v4SPD16_eabi.lib : _printfi.c.obj (.text:fcvt)
                  00007844    00000120     httpget_pem4f.oem4f (.text:ti_ndk_config_Global_stackThread)
                  00007964    00000118     stk.aem4f : tcpout.oem4f (.text:TcpGenPacket)
                  00007a7c    00000118     ti.targets.arm.rtsarm.aem4f : Error.oem4f (.text:xdc_runtime_Error_policyDefault__E)
                  00007b94    00000114     stk.aem4f : nimu.oem4f (.text:NIMUIoctl)
                  00007ca8    00000114     rtsv7M4_T_le_v4SPD16_eabi.lib : fputs.c.obj (.text:fputs)
                  00007dbc    00000110     stk.aem4f : node.oem4f (.text:NodeTreeFree)
                  00007ecc    00000110               : raw.oem4f (.text:RawInput)
                  00007fdc    00000110     rtsv7M4_T_le_v4SPD16_eabi.lib : s_scalbn.c.obj (.text:scalbn)
                  000080ec    0000010c     stk.aem4f : rtable.oem4f (.text:RtFind)
                  000081f8    0000010a               : route.oem4f (.text:RtCreate)
                  00008302    00000002     hal_ser_stub.aem4f : llserstb.oem4f (.text:_llSerialServiceCheck)
                  00008304    00000108     drivers_tivaware.aem4f : EMACSnow.oem4f (.text:EMACSnow_emacStart)
                  0000840c    00000004     os.aem4f : ossys.oem4f (.text:NDK_vsprintf)
                  00008410    00000108     sysbios.aem4f : BIOS.obj (.text:ti_sysbios_family_arm_lm4_Timer_start__E)
                  00008518    00000104     os.aem4f : task.oem4f (.text:llEnter)
                  0000861c    00000102     nettool_ipv4.aem4f : dhcppkt.oem4f (.text:dhcpPacketProcess)
                  0000871e    00000102                        : inetaddr.oem4f (.text:inet_aton)
                  00008820    00000100     stk.aem4f : igmp.oem4f (.text:IGMPSendReply)
                  00008920    00000100     ti.targets.arm.rtsarm.aem4f : Core-mem.oem4f (.text:xdc_runtime_Core_createObject__I)
                  00008a20    000000fc     netctrl_min_ipv4.aem4f : netctrl.oem4f (.text:NetScheduler)
                  00008b1c    000000fc     rtsv7M4_T_le_v4SPD16_eabi.lib : fd_mul_t2.asm.obj (.text)
                  00008c18    000000f8     stk.aem4f : pipe.oem4f (.text:PipeRecv)
                  00008d10    000000f8     ti.targets.arm.rtsarm.aem4f : Startup.oem4f (.text:xdc_runtime_Startup_startMods__I)
                  00008e08    000000f8     httpget_pem4f.oem4f (.text:xdc_runtime_System_printfExtend__I)
                  00008f00    000000f4     os.aem4f : task.oem4f (.text:TaskGetEnv)
                  00008ff4    000000f4     sysbios.aem4f : m3_Hwi_asm.obj (.text:ti_sysbios_family_arm_m3_Hwi_dispatch__I)
                  000090e8    000000f4                   : BIOS.obj (.text:ti_sysbios_knl_Task_Instance_init__E)
                  000091dc    000000f0     stk.aem4f : lliout.oem4f (.text:LLIGenArpPacket)
                  000092cc    000000f0               : sock.oem4f (.text:SockClose)
                  000093bc    000000e8     os.aem4f : task.oem4f (.text:TaskSetEnv)
                  000094a4    00000004     stk.aem4f : node.oem4f (.text:NodeSetRt)
                  000094a8    000000e4     sysbios.aem4f : BIOS.obj (.text:ti_sysbios_knl_Task_postInit__I)
                  0000958c    000000e0     stk.aem4f : tcptime.oem4f (.text:TcpTimeoutRexmt)
                  0000966c    000000dc               : sb.oem4f (.text:SBWrite)
                  00009748    000000dc     nettool_ipv4.aem4f : dhcpsock.oem4f (.text:dhcpSocketOpen)
                  00009824    000000dc                        : dhcpsm.oem4f (.text:dhcpState)
                  00009900    000000dc     rtsv7M4_T_le_v4SPD16_eabi.lib : setvbuf.c.obj (.text:setvbuf)
                  000099dc    000000d8     stk.aem4f : node.oem4f (.text:NodeAdd)
                  00009ab4    000000d8               : tcpprot.oem4f (.text:TcpPrSetOption)
                  00009b8c    000000d4     drivers_tivaware.aem4f : EMACSnow.oem4f (.text:EMACSnow_handleRx)
                  00009c60    000000d4     stk.aem4f : sockpcb.oem4f (.text:SockPcbBind)
                  00009d34    00000004               : rawethsock_prot.oem4f (.text:RawEthSockPrAttach)
                  00009d38    000000d4     sysbios.aem4f : BIOS.obj (.text:ti_sysbios_heaps_HeapMem_alloc__E)
                  00009e0c    000000d1     stk.aem4f : nimu.oem4f (.text:NIMUReceivePacket)
                  00009edd    00000001     --HOLE-- [fill = 0]
                  00009ede    00000002     hal_ser_stub.aem4f : llserstb.oem4f (.text:_llSerialShutdown)
                  00009ee0    000000cc     stk.aem4f : icmp.oem4f (.text:ICMPSendRtAdv)
                  00009fac    000000cc     nettool_ipv4.aem4f : dhcpbild.oem4f (.text:dhcpBuildHeader)
                  0000a078    000000cc                        : dhcpsm.oem4f (.text:dhcpIPAdd)
                  0000a144    000000cc                        : dhcppkt.oem4f (.text:dhcpVerifyMessage)
                  0000a210    000000cc     httpget.obj (.text:placement)
                  0000a2dc    000000cc     ti.targets.arm.rtsarm.aem4f : Core-smem.oem4f (.text:xdc_runtime_Core_constructObject__I)
                  0000a3a8    000000c8     stk.aem4f : rawethsock.oem4f (.text:RawEthSockNew)
                  0000a470    000000c8     netctrl_min_ipv4.aem4f : netsrv.oem4f (.text:SPIpNet)
                  0000a538    000000c4     drivers_tivaware.aem4f : EMACSnow.oem4f (.text:EMACSnow_InitDMADescriptors)
                  0000a5fc    000000c4     stk.aem4f : igmp.oem4f (.text:IGMPJoinHostGroup)
                  0000a6c0    000000c4     nettool_ipv4.aem4f : dhcpsm.oem4f (.text:StateBound)
                  0000a784    000000c0     httpget.obj (.text:netIPAddrHook)
                  0000a844    00000004     stk.aem4f : rawethsock_prot.oem4f (.text:RawEthSockPrDetach)
                  0000a848    000000c0     sysbios.aem4f : BIOS.obj (.text:ti_sysbios_knl_Task_sleep__E)
                  0000a908    000000bc     stk.aem4f : sockpcb.oem4f (.text:SockPcbFind)
                  0000a9c4    000000bc               : vlan.oem4f (.text:VLANDeinit)
                  0000aa80    000000bc     sysbios.aem4f : BIOS.obj (.text:ti_sysbios_family_arm_m3_Hwi_excDebugMon__I)
                  0000ab3c    00000004     os.aem4f : semaphore.oem4f (.text:SemPend)
                  0000ab40    000000bc     sysbios.aem4f : BIOS.obj (.text:ti_sysbios_family_arm_m3_Hwi_excHardFault__I)
                  0000abfc    00000004     os.aem4f : semaphore.oem4f (.text:SemPost)
                  0000ac00    000000bc     sysbios.aem4f : BIOS.obj (.text:ti_sysbios_knl_Task_exit__E)
                  0000acbc    000000b8     EK_TM4C1294XL.obj (.text:EK_TM4C1294XL_initGeneral)
                  0000ad74    000000b8     stk.aem4f : icmpin.oem4f (.text:ICMPRevSrcRoute)
                  0000ae2c    000000b8               : lli.oem4f (.text:_LLITimeoutCheck)
                  0000aee4    000000b4               : tcptime.oem4f (.text:TcpTimeoutKeep)
                  0000af98    000000b4     sysbios.aem4f : BIOS.obj (.text:ti_sysbios_knl_Task_checkStacks__E)
                  0000b04c    000000b1     rtsv7M4_T_le_v4SPD16_eabi.lib : _printfi.c.obj (.text:_ltostr)
                  0000b0fd    00000001     --HOLE-- [fill = 0]
                  0000b0fe    000000b0     stk.aem4f : rawethsock.oem4f (.text:RawEthSockSet)
                  0000b1ae    00000002     hal_userled_stub.aem4f : llled.oem4f (.text:_llUserLedInit)
                  0000b1b0    000000ac     stk.aem4f : rtable.oem4f (.text:RtTimeoutCheck)
                  0000b25c    00000004     os.aem4f : semaphore.oem4f (.text:SemReset)
                  0000b260    000000ac     sysbios.aem4f : BIOS.obj (.text:ti_sysbios_family_arm_lm4_Timer_enableTiva__I)
                  0000b30c    000000a8     stk.aem4f : sockint.oem4f (.text:SockCreatePacket)
                  0000b3b4    00000004     os.aem4f : task.oem4f (.text:TaskSelf)
                  0000b3b8    000000a4     sysbios.aem4f : BIOS.obj (.text:ti_sysbios_knl_Task_setPri__E)
                  0000b45c    000000a2     httpget.obj (.text:main)
                  0000b4fe    00000002     hal_userled_stub.aem4f : llled.oem4f (.text:_llUserLedShutdown)
                  0000b500    000000a0     stk.aem4f : ip.oem4f (.text:IPGetRoute)
                  0000b5a0    000000a0     auto_init.aem4f : auto_init.oem4f (.text)
                  0000b640    000000a0     ti.targets.arm.rtsarm.aem4f : Text.oem4f (.text:xdc_runtime_Text_putMod__E)
                  0000b6e0    0000009e     stk.aem4f : nimu.oem4f (.text:NIMUAddEthernetHeader)
                  0000b77e    0000009e     nettool_ipv4.aem4f : dhcpbild.oem4f (.text:dhcpBuildRequest)
                  0000b81c    0000009c     stk.aem4f : exec.oem4f (.text:ExecOpen)
                  0000b8b8    0000009c     rtsv7M4_T_le_v4SPD16_eabi.lib : memcpy_t2.asm.obj (.text)
                  0000b954    0000009a     ti.targets.arm.rtsarm.aem4f : Text.oem4f (.text:xdc_runtime_Text_putSite__E)
                  0000b9ee    00000002     rtsv7M4_T_le_v4SPD16_eabi.lib : _lock.c.obj (.text:_nop)
                  0000b9f0    00000098     netctrl_min_ipv4.aem4f : netctrl.oem4f (.text:NC_SystemOpen)
                  0000ba88    00000098                            : netsrv.oem4f (.text:ServiceScan)
                  0000bb20    00000098     Boot.aem4f : Boot.oem4f (.text:ti_catalog_arm_cortexm4_tiva_ce_Boot_sysCtlClockFreqSet__E)
                  0000bbb8    00000098     sysbios.aem4f : BIOS.obj (.text:ti_sysbios_knl_Task_schedule__I)
                  0000bc50    00000096     rtsv7M4_T_le_v4SPD16_eabi.lib : ull_div_t2.asm.obj (.text)
                  0000bce6    00000002     hal_ser_stub.aem4f : llserstb.oem4f (.text:llSerialService)
                  0000bce8    00000094     nettool_ipv4.aem4f : config.oem4f (.text:CfgRemoveEntry)
                  0000bd7c    00000004     os.aem4f : task.oem4f (.text:TaskSetPri)
                  0000bd80    00000094     sysbios.aem4f : BIOS.obj (.text:ti_sysbios_family_arm_m3_Hwi_Instance_init__E)
                  0000be14    00000004     hal_ser_stub.aem4f : llserstb.oem4f (.text:_llSerialInit)
                  0000be18    00000094     sysbios.aem4f : BIOS.obj (.text:ti_sysbios_family_arm_m3_Hwi_initNVIC__E)
                  0000beac    00000090     nettool_ipv4.aem4f : config.oem4f (.text:CfgExecute)
                  0000bf3c    00000090     stk.aem4f : igmp.oem4f (.text:IGMPMsg)
                  0000bfcc    00000090     os.aem4f : mem.oem4f (.text:mmBulkAlloc)
                  0000c05c    00000004     rtsv7M4_T_le_v4SPD16_eabi.lib : printf.c.obj (.text:_outc)
                  0000c060    00000090     sysbios.aem4f : BIOS.obj (.text:ti_sysbios_knl_Task_Module_startup__E)
                  0000c0f0    00000090                   : BIOS.obj (.text:ti_sysbios_knl_Task_startCore__E)
                  0000c180    0000008d     httpget.obj (.text:clientSocketTask)
                  0000c20d    00000001     --HOLE-- [fill = 0]
                  0000c20e    00000002     rtsv7M4_T_le_v4SPD16_eabi.lib : div0.asm.obj (.text)
                  0000c210    0000008c     drivers_tivaware.aem4f : GPIOTiva.oem4f (.text:GPIO_init)
                  0000c29c    0000008c     stk.aem4f : ip.oem4f (.text:IPMsg)
                  0000c328    0000008c     os.aem4f : mem.oem4f (.text:_mmInit)
                  0000c3b4    0000008c     rtsv7M4_T_le_v4SPD16_eabi.lib : fputc.c.obj (.text:fputc)
                  0000c440    0000008c     os.aem4f : mem.oem4f (.text:mmInitPage)
                  0000c4cc    0000008c     sysbios.aem4f : m3_TaskSupport_asm.obj (.text:ti_sysbios_family_arm_m3_TaskSupport_buildTaskStack)
                  0000c558    0000008c                   : BIOS.obj (.text:ti_sysbios_knl_Event_post__E)
                  0000c5e4    0000008a     netctrl_min_ipv4.aem4f : netsrv.oem4f (.text:SPRoute)
                  0000c66e    00000002     httpget_pem4f.oem4f (.text:ti_ndk_config_Global_NetworkClose)
                  0000c670    00000088     netctrl_min_ipv4.aem4f : netsrv.oem4f (.text:ServiceSpawn)
                  0000c6f8    00000088     stk.aem4f : sockpcb.oem4f (.text:SockPcbCtlError)
                  0000c780    00000088     sysbios.aem4f : BIOS.obj (.text:ti_sysbios_knl_Mailbox_post__E)
                  0000c808    00000087     httpget_pem4f.oem4f (.text:ti_ndk_config_Global_NetworkIPAddr)
                  0000c88f    00000001     --HOLE-- [fill = 0]
                  0000c890    00000086     nettool_ipv4.aem4f : dhcpsm.oem4f (.text:StateRequesting)
                  0000c916    00000086     rtsv7M4_T_le_v4SPD16_eabi.lib : fd_cmp_t2.asm.obj (.text:__aeabi_cdcmple)
                  0000c99c    00000086                                   : fd_cmp_t2.asm.obj (.text:__aeabi_cdrcmple)
                  0000ca22    00000002     httpget_pem4f.oem4f (.text:ti_ndk_config_Global_NetworkOpen)
                  0000ca24    00000084     nettool_ipv4.aem4f : config.oem4f (.text:CfgGetEntry)
                  0000caa8    00000084     drivers_tivaware.aem4f : EMACSnow.oem4f (.text:EMACSnow_processPhyInterrupt)
                  0000cb2c    00000084     stk.aem4f : tcpprot.oem4f (.text:TcpPrAttach)
                  0000cbb0    00000084     os.aem4f : mem.oem4f (.text:mmBulkFree)
                  0000cc34    00000084              : mem.oem4f (.text:mmFree)
                  0000ccb8    00000084     sysbios.aem4f : BIOS.obj (.text:ti_sysbios_family_arm_m3_Hwi_postInit__I)
                  0000cd3c    00000082     nettool_ipv4.aem4f : dhcpsm.oem4f (.text:StateRenewRebind)
                  0000cdbe    00000002     httpget_pem4f.oem4f (.text:ti_sysbios_BIOS_nullFunc__I)
                  0000cdc0    00000080     drivers_tivaware.aem4f : EMACSnow.oem4f (.text:EMACSnow_emacStop)
                  0000ce40    00000080                            : EMACSnow.oem4f (.text:EMACSnow_processPendingTx)
                  0000cec0    00000080     stk.aem4f : lli.oem4f (.text:LLINew)
                  0000cf40    00000080     netctrl_min_ipv4.aem4f : netsrv.oem4f (.text:NS_BootTask)
                  0000cfc0    00000080     stk.aem4f : pbm.oem4f (.text:PBM_alloc)
                  0000d040    00000080               : raw.oem4f (.text:RawOutput)
                  0000d0c0    0000007e               : fileuser.oem4f (.text:fdClose)
                  0000d13e    00000002     httpget_pem4f.oem4f (.text:xdc_runtime_Startup_reset__I)
                  0000d140    0000007c     nettool_ipv4.aem4f : config.oem4f (.text:CfgGetNextEntry)
                  0000d1bc    0000007c     drivers_tivaware.aem4f : EMACSnow.oem4f (.text:EMACSnow_hwiIntFxn)
                  0000d238    0000007c     stk.aem4f : igmp.oem4f (.text:IGMPDoMCast)
                  0000d2b4    0000007c               : igmp.oem4f (.text:IGMPJoin)
                  0000d330    0000007c               : socket.oem4f (.text:NDK_setsockopt)
                  0000d3ac    0000007c               : nimu.oem4f (.text:NIMURegister)
                  0000d428    0000007c               : pbm.oem4f (.text:PBM_free)
                  0000d4a4    0000007c     nettool_ipv4.aem4f : inetaddr.oem4f (.text:inet_pton)
                  0000d520    0000007c     sysbios.aem4f : BIOS.obj (.text:ti_sysbios_heaps_HeapMem_free__E)
                  0000d59c    0000007a     stk.aem4f : sock.oem4f (.text:SockAccept)
                  0000d616    0000007a     rtsv7M4_T_le_v4SPD16_eabi.lib : memset_t2.asm.obj (.text)
                  0000d690    00000078     driverlib.lib : emac.obj (.text:EMACInit)
                  0000d708    00000078     stk.aem4f : socket.oem4f (.text:NDK_sendto)
                  0000d780    00000078               : tcptime.oem4f (.text:TcpXmitTimer)
                  0000d7f8    00000078               : fileuser.oem4f (.text:fdOpenSession)
                  0000d870    00000078     os.aem4f : task.oem4f (.text:llExit)
                  0000d8e8    00000076     stk.aem4f : pipe.oem4f (.text:PipeSend)
                  0000d95e    00000002     --HOLE-- [fill = 0]
                  0000d960    00000075               : tcptime.oem4f (.text:TcpTimeoutSackRexmt)
                  0000d9d5    00000003     --HOLE-- [fill = 0]
                  0000d9d8    00000074               : igmp.oem4f (.text:IGMPLeaveHostGroup)
                  0000da4c    00000074               : nimu.oem4f (.text:NIMUShutdown)
                  0000dac0    00000074               : raweth.oem4f (.text:RawEthRxPacket)
                  0000db34    00000074               : sockpcb.oem4f (.text:SockPcbConnect)
                  0000dba8    00000074     rtsv7M4_T_le_v4SPD16_eabi.lib : fclose.c.obj (.text:__TI_closefile)
                  0000dc1c    00000004                                   : printf.c.obj (.text:_outs)
                  0000dc20    00000074     sysbios.aem4f : BIOS.obj (.text:ti_sysbios_knl_Mailbox_pend__E)
                  0000dc94    00000072     os.aem4f : semaphore.oem4f (.text:SemCreateBinary)
                  0000dd06    00000070     stk.aem4f : socket.oem4f (.text:NDK_accept)
                  0000dd76    00000070               : socket.oem4f (.text:NDK_send)
                  0000dde6    00000002     --HOLE-- [fill = 0]
                  0000dde8    00000070               : rtable.oem4f (.text:RtFlush)
                  0000de58    00000070     netctrl_min_ipv4.aem4f : netsrv.oem4f (.text:SPConfig)
                  0000dec8    00000070     stk.aem4f : sock.oem4f (.text:SockShutdown)
                  0000df38    00000070     nettool_ipv4.aem4f : dhcptags.oem4f (.text:dhcpDecodeType)
                  0000dfa8    00000070     sysbios.aem4f : BIOS.obj (.text:ti_sysbios_knl_Clock_workFunc__E)
                  0000e018    0000006e     stk.aem4f : socket.oem4f (.text:NDK_recv)
                  0000e086    00000002     --HOLE-- [fill = 0]
                  0000e088    0000006e               : rtable.oem4f (.text:RtWalkNext)
                  0000e0f6    0000006e               : sockpcb.oem4f (.text:SockPcbFindRaw)
                  0000e164    0000006e     rtsv7M4_T_le_v4SPD16_eabi.lib : _printfi.c.obj (.text:_mcpy)
                  0000e1d2    0000006e                                   : ll_div_t2.asm.obj (.text)
                  0000e240    0000006d     stk.aem4f : node.oem4f (.text:NodeNew)
                  0000e2ad    00000003     --HOLE-- [fill = 0]
                  0000e2b0    0000006d     ti.targets.arm.rtsarm.aem4f : System.oem4f (.text:xdc_runtime_System_formatNum__I)
                  0000e31d    00000003     --HOLE-- [fill = 0]
                  0000e320    0000006c     os.aem4f : ossys.oem4f (.text:DbgPrintf)
                  0000e38c    0000006c     rtsv7M4_T_le_v4SPD16_eabi.lib : hostrename.c.obj (.text:HOSTrename)
                  0000e3f8    0000006c     stk.aem4f : node.oem4f (.text:NodeTreeNew)
                  0000e464    0000006c               : raweth.oem4f (.text:RawEthTxPacket)
                  0000e4d0    0000006c               : udp.oem4f (.text:UdpChecksum)
                  0000e53c    0000006c     httpget_pem4f.oem4f (.text:ti_ndk_config_ip_init)
                  0000e5a8    0000006c     sysbios.aem4f : BIOS.obj (.text:ti_sysbios_knl_Swi_restoreHwi__E)
                  0000e614    0000006c     ti.targets.arm.rtsarm.aem4f : Error.oem4f (.text:xdc_runtime_Error_print__E)
                  0000e680    0000006c                                 : Memory.oem4f (.text:xdc_runtime_Memory_alloc__E)
                  0000e6ec    0000006a     stk.aem4f : tcpprot.oem4f (.text:TcpPrInherit)
                  0000e756    00000002     --HOLE-- [fill = 0]
                  0000e758    00000068     rtsv7M4_T_le_v4SPD16_eabi.lib : hostlseek.c.obj (.text:HOSTlseek)
                  0000e7c0    00000068     stk.aem4f : socket.oem4f (.text:NDK_socket)
                  0000e828    00000068               : pbm.oem4f (.text:PBM_open)
                  0000e890    00000068               : sock.oem4f (.text:SockListen)
                  0000e8f8    00000068               : rtable.oem4f (.text:_RtNodeInsert)
                  0000e960    00000068     httpget.obj (.text:convertTime)
                  0000e9c8    00000068     rtsv7M4_T_le_v4SPD16_eabi.lib : copy_decompress_lzss.c.obj (.text:decompress:lzss:__TI_decompress_lzss)
                  0000ea30    00000068     httpget.obj (.text:getTimeStr)
                  0000ea98    00000068     rtsv7M4_T_le_v4SPD16_eabi.lib : printf.c.obj (.text:printf)
                  0000eb00    00000066     ti.targets.arm.rtsarm.aem4f : Core-mem.oem4f (.text:xdc_runtime_Core_deleteObject__I)
                  0000eb66    00000002     --HOLE-- [fill = 0]
                  0000eb68    00000064     nettool_ipv4.aem4f : config.oem4f (.text:CfgFree)
                  0000ebcc    00000064     drivers_tivaware.aem4f : GPIOTiva.oem4f (.text:GPIO_hwiIntFxn)
                  0000ec30    00000064     stk.aem4f : pbm.oem4f (.text:PBMQ_enq)
                  0000ec94    00000064               : sockint.oem4f (.text:SockSpawnAbort)
                  0000ecf8    00000064     rtsv7M4_T_le_v4SPD16_eabi.lib : s_frexp.c.obj (.text:frexp)
                  0000ed5c    00000064                                   : fseek.c.obj (.text:fseek)
                  0000edc0    00000064     hal_timer_bios.aem4f : lltimer.oem4f (.text:llTimerTick)
                  0000ee24    00000064     httpget.obj (.text:task0Function)
                  0000ee88    00000064     httpget_pem4f.oem4f (.text:ti_sysbios_family_arm_m3_Hwi_create)
                  0000eeec    00000004     rtsv7M4_T_le_v4SPD16_eabi.lib : exit.c.obj (.text:abort:abort)
                  0000eef0    00000064     sysbios.aem4f : BIOS.obj (.text:ti_sysbios_family_arm_m3_Hwi_dispatchC__I)
                  0000ef54    00000004     stk.aem4f : listlib.oem4f (.text:list_get_head)
                  0000ef58    00000064     sysbios.aem4f : BIOS.obj (.text:ti_sysbios_knl_Semaphore_post__E)
                  0000efbc    00000064     stk.aem4f : lliin.oem4f (.text:updateRtTable)
                  0000f020    00000062               : ipin.oem4f (.text:IPRouteIP)
                  0000f082    00000002     --HOLE-- [fill = 0]
                  0000f084    00000062               : sb.oem4f (.text:SBNew)
                  0000f0e6    00000062     rtsv7M4_T_le_v4SPD16_eabi.lib : _io_perm.c.obj (.text:__TI_wrt_ok)
                  0000f148    00000060     nettool_ipv4.aem4f : config.oem4f (.text:CfgGetEntryCnt)
                  0000f1a8    00000060     stk.aem4f : file.oem4f (.text:FdWaitEvent)
                  0000f208    00000060     rtsv7M4_T_le_v4SPD16_eabi.lib : hostopen.c.obj (.text:HOSTopen)
                  0000f268    00000060     stk.aem4f : nimu.oem4f (.text:NIMUUnregister)
                  0000f2c8    00000060               : node.oem4f (.text:NodeFind)
                  0000f328    00000060               : rtc.oem4f (.text:RTCMsg)
                  0000f388    00000060               : tcp.oem4f (.text:TcpChecksum)
                  0000f3e8    00000060     nettool_ipv4.aem4f : dhcptags.oem4f (.text:dhcpBuildOptions)
                  0000f448    00000060     httpget_pem4f.oem4f (.text:ti_ndk_config_Global_serviceReport)
                  0000f4a8    0000005e     stk.aem4f : route.oem4f (.text:RtRemove)
                  0000f506    0000005e     nettool_ipv4.aem4f : dhcpsm.oem4f (.text:StateSelecting)
                  0000f564    0000005e     stk.aem4f : vlan.oem4f (.text:VLANReceivePacket)
                  0000f5c2    00000002     --HOLE-- [fill = 0]
                  0000f5c4    0000005c     nettool_ipv4.aem4f : config.oem4f (.text:CfgSetExecuteOrder)
                  0000f620    0000005c     stk.aem4f : nimu.oem4f (.text:NIMUIoctlSpecialCmd)
                  0000f67c    0000005c     netctrl_min_ipv4.aem4f : netsrv.oem4f (.text:SPService)
                  0000f6d8    0000005c     rtsv7M4_T_le_v4SPD16_eabi.lib : close.c.obj (.text:close)
                  0000f734    0000005c     httpget_pem4f.oem4f (.text:ti_sysbios_knl_Swi_create)
                  0000f790    0000005c     sysbios.aem4f : BIOS.obj (.text:ti_sysbios_knl_Swi_run__I)
                  0000f7ec    00000004     stk.aem4f : listlib.oem4f (.text:list_get_next)
                  0000f7f0    0000005c     sysbios.aem4f : BIOS.obj (.text:ti_sysbios_knl_Swi_schedule__I)
                  0000f84c    0000005c     httpget_pem4f.oem4f (.text:ti_sysbios_knl_Task_create)
                  0000f8a8    0000005c     sysbios.aem4f : BIOS.obj (.text:ti_sysbios_knl_Task_unblockI__E)
                  0000f904    0000005b     ti.targets.arm.rtsarm.aem4f : Text.oem4f (.text:xdc_runtime_Text_putLab__E)
                  0000f95f    00000001     --HOLE-- [fill = 0]
                  0000f960    0000005a     stk.aem4f : route.oem4f (.text:RtRedirect)
                  0000f9ba    0000005a               : tcpprot.oem4f (.text:TcpValidateMetrics)
                  0000fa14    0000005a     nettool_ipv4.aem4f : dhcpbild.oem4f (.text:dhcpBuildDecline)
                  0000fa6e    0000005a     os.aem4f : mem.oem4f (.text:mmCopy)
                  0000fac8    0000005a     httpget_pem4f.oem4f (.text:ti_ndk_config_tcp_init)
                  0000fb22    00000002     --HOLE-- [fill = 0]
                  0000fb24    00000058     stk.aem4f : bind.oem4f (.text:BindFree)
                  0000fb7c    00000058     boot.aem4f : boot.oem4f (.text)
                  0000fbd4    00000058     driverlib.lib : emac.obj (.text:EMACPHYConfigSet)
                  0000fc2c    00000058     rtsv7M4_T_le_v4SPD16_eabi.lib : hostread.c.obj (.text:HOSTread)
                  0000fc84    00000058                                   : hostwrite.c.obj (.text:HOSTwrite)
                  0000fcdc    00000058     stk.aem4f : igmp.oem4f (.text:IGMPTimer)
                  0000fd34    00000058     os.aem4f : semaphore.oem4f (.text:SemCreate)
                  0000fd8c    00000058     sysbios.aem4f : m3_Hwi_asm_switch.obj (.text:ti_sysbios_family_arm_m3_Hwi_initStacks__E)
                  0000fde4    00000056     driverlib.lib : gpio.obj (.text:GPIOIntTypeSet)
                  0000fe3a    00000056     rtsv7M4_T_le_v4SPD16_eabi.lib : _printfi.c.obj (.text:_pconv_f)
                  0000fe90    00000054     nettool_ipv4.aem4f : config.oem4f (.text:CfgEntryDeRef)
                  0000fee4    00000054     stk.aem4f : igmp.oem4f (.text:IGMPLeave)
                  0000ff38    00000054               : rawethsock_pcb.oem4f (.text:RawEthSockPcbAttach)
                  0000ff8c    00000054               : sockpcb.oem4f (.text:SockCleanPcb)
                  0000ffe0    00000054               : tcptime.oem4f (.text:TcpTimeoutPersist)
                  00010034    00000054     rtsv7M4_T_le_v4SPD16_eabi.lib : _ltoa.c.obj (.text:__TI_ltoa)
                  00010088    00000054     sysbios.aem4f : BIOS.obj (.text:ti_sysbios_family_arm_lm4_Timer_initDevice__I)
                  000100dc    00000004     httpget_pem4f.oem4f (.text:ti_sysbios_BIOS_RtsGateProxy_enter__E)
                  000100e0    00000054     sysbios.aem4f : BIOS.obj (.text:ti_sysbios_knl_Swi_Instance_init__E)
                  00010134    00000054     ti.targets.arm.rtsarm.aem4f : Assert.oem4f (.text:xdc_runtime_Assert_raise__I)
                  00010188    00000052     stk.aem4f : tcpprot.oem4f (.text:TcpPrDetach)
                  000101da    00000052     rtsv7M4_T_le_v4SPD16_eabi.lib : _printfi.c.obj (.text:_ecpy)
                  0001022c    00000050     drivers_tivaware.aem4f : GPIOTiva.oem4f (.text:GPIO_setCallback)
                  0001027c    00000050                            : GPIOTiva.oem4f (.text:GPIO_write)
                  000102cc    00000050     stk.aem4f : socket.oem4f (.text:NDK_bind)
                  0001031c    00000050               : socket.oem4f (.text:NDK_connect)
                  0001036c    00000050               : route.oem4f (.text:RtNew)
                  000103bc    00000050     driverlib.lib : sysctl.obj (.text:SysCtlPeripheralReset)
                  0001040c    00000050     Boot.aem4f : Boot_sysctl.oem4f (.text:_SysCtlFrequencyGet)
                  0001045c    00000004     httpget_pem4f.oem4f (.text:ti_sysbios_BIOS_RtsGateProxy_leave__E)
                  00010460    00000050     sysbios.aem4f : BIOS.obj (.text:ti_sysbios_family_arm_m3_Hwi_Module_startup__E)
                  000104b0    00000050     ti.targets.arm.rtsarm.aem4f : Startup.oem4f (.text:xdc_runtime_Startup_exec__E)
                  00010500    00000050                                 : Text.oem4f (.text:xdc_runtime_Text_visitRope2__I)
                  00010550    0000004e     stk.aem4f : node.oem4f (.text:NodeDeRef)
                  0001059e    0000004e     nettool_ipv4.aem4f : config.oem4f (.text:_CfgEntryScan)
                  000105ec    0000004c                        : ipaddr.oem4f (.text:NtAddNetwork)
                  00010638    0000004c     stk.aem4f : sockint.oem4f (.text:SockValidateRoute)
                  00010684    0000004c     rtsv7M4_T_le_v4SPD16_eabi.lib : fflush.c.obj (.text:__TI_doflush)
                  000106d0    0000004c                                   : atoi.c.obj (.text:atoi)
                  0001071c    0000004c                                   : cpy_tbl.c.obj (.text:copy_in)
                  00010768    0000004c     httpget.obj (.text:swifunc)
                  000107b4    00000004     sysbios.aem4f : BIOS.obj (.text:ti_sysbios_family_arm_lm4_Timer_masterEnable__I)
                  000107b8    0000004c                   : BIOS.obj (.text:ti_sysbios_heaps_HeapMem_getStats__E)
                  00010804    00000004     httpget_pem4f.oem4f (.text:ti_sysbios_family_arm_m3_Hwi_delete)
                  00010808    0000004c     sysbios.aem4f : BIOS.obj (.text:ti_sysbios_knl_Swi_runLoop__I)
                  00010854    00000004     httpget_pem4f.oem4f (.text:ti_sysbios_family_arm_m3_TaskSupport_Module__startupDone__S)
                  00010858    0000004c     sysbios.aem4f : BIOS.obj (.text:ti_sysbios_knl_Task_allBlockedFunction__I)
                  000108a4    0000004a     netctrl_min_ipv4.aem4f : netsrv.oem4f (.text:ServiceKill)
                  000108ee    0000004a     stk.aem4f : sock.oem4f (.text:SockDisconnect)
                  00010938    0000004a               : timer.oem4f (.text:TimerNew)
                  00010982    00000048     nettool_ipv4.aem4f : config.oem4f (.text:CfgNew)
                  000109ca    00000002     --HOLE-- [fill = 0]
                  000109cc    00000048     driverlib.lib : gpio.obj (.text:GPIOPinConfigure)
                  00010a14    00000048     stk.aem4f : lli.oem4f (.text:LLIMsg)
                  00010a5c    00000048               : node.oem4f (.text:NodeWalk)
                  00010aa4    00000048               : rawethsock_pcb.oem4f (.text:RawEthSockPcbDetach)
                  00010aec    00000048               : sockpcb.oem4f (.text:SockPcbResolveChain)
                  00010b34    00000048               : tcpprot.oem4f (.text:TcpDrop)
                  00010b7c    00000048               : lli.oem4f (.text:_LLIExpListInsert)
                  00010bc4    00000048               : rtable.oem4f (.text:_RtExpListInsert)
                  00010c0c    00000048     rtsv7M4_T_le_v4SPD16_eabi.lib : exit.c.obj (.text:exit)
                  00010c54    00000048     stk.aem4f : file.oem4f (.text:fdint_lockfd)
                  00010c9c    00000048     rtsv7M4_T_le_v4SPD16_eabi.lib : fd_toi_t2.asm.obj (.text)
                  00010ce4    00000004     httpget_pem4f.oem4f (.text:ti_sysbios_heaps_HeapMem_Module_GateProxy_enter__E)
                  00010ce8    00000048     sysbios.aem4f : BIOS.obj (.text:ti_sysbios_family_arm_lm4_Timer_enableTimers__I)
                  00010d30    00000048                   : BIOS.obj (.text:ti_sysbios_family_arm_m3_Hwi_disableInterrupt__E)
                  00010d78    00000048                   : BIOS.obj (.text:ti_sysbios_family_arm_m3_Hwi_enableInterrupt__E)
                  00010dc0    00000048                   : BIOS.obj (.text:ti_sysbios_family_arm_m3_Hwi_excReserved__I)
                  00010e08    00000048                   : BIOS.obj (.text:ti_sysbios_knl_Mailbox_Module_startup__E)
                  00010e50    00000048                   : BIOS.obj (.text:ti_sysbios_knl_Task_deleteTerminatedTasksFunc__I)
                  00010e98    00000046     nettool_ipv4.aem4f : ipaddr.oem4f (.text:NtIfIdx2Ip)
                  00010ede    00000046     stk.aem4f : rawethsock.oem4f (.text:RawEthSockSend)
                  00010f24    00000046               : tcpprot.oem4f (.text:TcpPrCtlError)
                  00010f6a    00000046     os.aem4f : mem.oem4f (.text:mmZeroInit)
                  00010fb0    00000046     ti.targets.arm.rtsarm.aem4f : Core-params.oem4f (.text:xdc_runtime_Core_assignParams__I)
                  00010ff6    00000002     --HOLE-- [fill = 0]
                  00010ff8    00000044     drivers_tivaware.aem4f : EMACSnow.oem4f (.text:EMACSnow_processTransmitted)
                  0001103c    00000044     rtsv7M4_T_le_v4SPD16_eabi.lib : hostclose.c.obj (.text:HOSTclose)
                  00011080    00000044                                   : hostunlink.c.obj (.text:HOSTunlink)
                  000110c4    00000044     stk.aem4f : icmp.oem4f (.text:ICMPChecksum)
                  00011108    00000044               : ipfrag.oem4f (.text:IPReasmFree)
                  0001114c    00000044               : lli.oem4f (.text:LLIGetValidTime)
                  00011190    00000044               : rtable.oem4f (.text:RouteMsg)
                  000111d4    00000044               : rtable.oem4f (.text:RtWalkEnd)
                  00011218    00000044               : sockpcb.oem4f (.text:SockPcbDetach)
                  0001125c    00000044               : timer.oem4f (.text:TimerListInsert)
                  000112a0    00000044     rtsv7M4_T_le_v4SPD16_eabi.lib : getdevice.c.obj (.text:getdevice)
                  000112e4    00000044     hal_timer_bios.aem4f : lltimer.oem4f (.text:llTimerGetTime)
                  00011328    00000044     sysbios.aem4f : BIOS.obj (.text:ti_sysbios_family_arm_lm4_Timer_isrStub__E)
                  0001136c    00000004     httpget_pem4f.oem4f (.text:ti_sysbios_heaps_HeapMem_Module_GateProxy_leave__E)
                  00011370    00000044     sysbios.aem4f : BIOS.obj (.text:ti_sysbios_family_arm_m3_Hwi_getStackInfo__E)
                  000113b4    00000004     httpget_pem4f.oem4f (.text:ti_sysbios_knl_Clock_TimerProxy_getMaxTicks__E)
                  000113b8    00000044     sysbios.aem4f : BIOS.obj (.text:ti_sysbios_knl_Swi_post__E)
                  000113fc    00000044     ti.targets.arm.rtsarm.aem4f : Error.oem4f (.text:xdc_runtime_Error_setX__E)
                  00011440    00000044                                 : SysMin.oem4f (.text:xdc_runtime_SysMin_flush__E)
                  00011484    00000044                                 : Text.oem4f (.text:xdc_runtime_Text_xprintf__I)
                  000114c8    00000042     stk.aem4f : socket.oem4f (.text:NDK_listen)
                  0001150a    00000042               : tcpprot.oem4f (.text:TcpPrSendOOB)
                  0001154c    00000042               : fileuser.oem4f (.text:fdCloseSession)
                  0001158e    00000002     --HOLE-- [fill = 0]
                  00011590    00000040               : lliin.oem4f (.text:LLIValidateRoute)
                  000115d0    00000040               : pbm.oem4f (.text:PBM_copy)
                  00011610    00000040               : sockpcb.oem4f (.text:SockPcbRtChange)
                  00011650    00000040               : tcpprot.oem4f (.text:TcpPrSend)
                  00011690    00000040     rtsv7M4_T_le_v4SPD16_eabi.lib : u_divt2.asm.obj (.text)
                  000116d0    00000040                                   : sprintf.c.obj (.text:sprintf)
                  00011710    00000040                                   : strtok.c.obj (.text:strtok)
                  00011750    00000040     sysbios.aem4f : BIOS.obj (.text:ti_sysbios_family_arm_lm4_Timer_Module_startup__E)
                  00011790    00000040                   : BIOS.obj (.text:ti_sysbios_family_arm_lm4_Timer_startup__E)
                  000117d0    00000040                   : BIOS.obj (.text:ti_sysbios_heaps_HeapMem_Instance_init__E)
                  00011810    0000003e     nettool_ipv4.aem4f : dhcpmain.oem4f (.text:DHCPClose)
                  0001184e    00000002     --HOLE-- [fill = 0]
                  00011850    0000003e     stk.aem4f : nimu.oem4f (.text:NIMUAllocateName)
                  0001188e    0000003e     os.aem4f : task.oem4f (.text:TaskCreate)
                  000118cc    0000003e     stk.aem4f : tcpprot.oem4f (.text:TcpPrDisconnect)
                  0001190a    0000003e     rtsv7M4_T_le_v4SPD16_eabi.lib : _printfi.c.obj (.text:_fcpy)
                  00011948    0000003e     stk.aem4f : file.oem4f (.text:fdint_unlockfd)
                  00011986    0000003c     nettool_ipv4.aem4f : config.oem4f (.text:CfgEntryGetData)
                  000119c2    0000003c     driverlib.lib : emac.obj (.text:EMACIntDisable)
                  000119fe    0000003c     stk.aem4f : node.oem4f (.text:NodeUpdatePL)
                  00011a3a    00000002     --HOLE-- [fill = 0]
                  00011a3c    0000003c               : rtable.oem4f (.text:RtWalkBegin)
                  00011a78    0000003c               : tcpprot.oem4f (.text:TcpPrConnect)
                  00011ab4    0000003c               : tcptime.oem4f (.text:TcpSetPersist)
                  00011af0    0000003c               : rtc.oem4f (.text:_RTCSendRtAdv)
                  00011b2c    0000003c               : rtable.oem4f (.text:_RtNodeRemove)
                  00011b68    0000003c     hal_timer_bios.aem4f : lltimer.oem4f (.text:_llTimerInit)
                  00011ba4    00000004     httpget_pem4f.oem4f (.text:ti_sysbios_knl_Queue_destruct)
                  00011ba8    0000003c     sysbios.aem4f : BIOS.obj (.text:ti_sysbios_family_arm_m3_Hwi_excSvCall__I)
                  00011be4    00000004     httpget_pem4f.oem4f (.text:ti_sysbios_knl_Semaphore_delete)
                  00011be8    0000003c     sysbios.aem4f : BIOS.obj (.text:ti_sysbios_heaps_HeapMem_init__I)
                  00011c24    00000004     httpget_pem4f.oem4f (.text:ti_sysbios_knl_Semaphore_destruct)
                  00011c28    0000003c     sysbios.aem4f : BIOS.obj (.text:ti_sysbios_knl_Clock_Instance_init__E)
                  00011c64    00000004     httpget_pem4f.oem4f (.text:ti_sysbios_knl_Swi_delete)
                  00011c68    0000003c     sysbios.aem4f : BIOS.obj (.text:ti_sysbios_knl_Swi_restore__E)
                  00011ca4    0000003a     driverlib.lib : emac.obj (.text:EMACIntEnable)
                  00011cde    00000002     --HOLE-- [fill = 0]
                  00011ce0    00000038                   : emac.obj (.text:EMACConfigGet)
                  00011d18    00000038     stk.aem4f : ipfrag.oem4f (.text:IPReasmTimeout)
                  00011d50    00000038               : node.oem4f (.text:NodeGetRt)
                  00011d88    00000038     driverlib.lib : sysctl.obj (.text:SysCtlPeripheralReady)
                  00011dc0    00000038     stk.aem4f : tcpprot.oem4f (.text:TcpClose)
                  00011df8    00000038               : timer.oem4f (.text:TimerHSTick)
                  00011e30    00000038     rtsv7M4_T_le_v4SPD16_eabi.lib : trgmsg.c.obj (.text:__TI_writemsg)
                  00011e68    00000038     nettool_ipv4.aem4f : dhcpbild.oem4f (.text:dhcpBuildDiscover)
                  00011ea0    00000038                        : dhcptags.oem4f (.text:dhcpOptionsClear)
                  00011ed8    00000038     stk.aem4f : file.oem4f (.text:fdint_waitevent)
                  00011f10    00000038     sysbios.aem4f : BIOS.obj (.text:ti_sysbios_family_arm_m3_Hwi_excNoIsr__I)
                  00011f48    00000038     httpget_pem4f.oem4f (.text:ti_sysbios_knl_Clock_create)
                  00011f80    00000038     ti.targets.arm.rtsarm.aem4f : SysMin.oem4f (.text:xdc_runtime_SysMin_putch__E)
                  00011fb8    00000038                                 : System.oem4f (.text:xdc_runtime_System_atexit__E)
                  00011ff0    00000036     stk.aem4f : ip.oem4f (.text:IPChecksum)
                  00012026    00000036     rtsv7M4_T_le_v4SPD16_eabi.lib : strncpy.c.obj (.text:strncpy)
                  0001205c    00000035     httpget.obj (.text:printError)
                  00012091    00000003     --HOLE-- [fill = 0]
                  00012094    00000034     nettool_ipv4.aem4f : config.oem4f (.text:CfgSetService)
                  000120c8    00000034     driverlib.lib : emac.obj (.text:EMACConfigSet)
                  000120fc    00000034                   : emac.obj (.text:EMACIntClear)
                  00012130    00000034     drivers_tivaware.aem4f : EMACSnow.oem4f (.text:EMACSnow_emacPoll)
                  00012164    00000034                            : EMACSnow.oem4f (.text:EMACSnow_isLinkUp)
                  00012198    00000034                            : EMAC.oem4f (.text:EMAC_init)
                  000121cc    00000034     stk.aem4f : exec.oem4f (.text:ExecClose)
                  00012200    00000034               : nimu.oem4f (.text:NIMUFindByName)
                  00012234    00000034               : nimu.oem4f (.text:NIMUInit)
                  00012268    00000034               : rawethsock.oem4f (.text:RawEthSockNotify)
                  0001229c    00000034               : sockprot.oem4f (.text:SockPrCtlError)
                  000122d0    00000034     driverlib.lib : sysctl.obj (.text:SysCtlPeripheralEnable)
                  00012304    00000034     rtsv7M4_T_le_v4SPD16_eabi.lib : fopen.c.obj (.text:__TI_cleanup)
                  00012338    00000034                                   : trgmsg.c.obj (.text:__TI_readmsg)
                  0001236c    00000034     os.aem4f : mem.oem4f (.text:mmUnInitPage)
                  000123a0    00000034     sysbios.aem4f : BIOS.obj (.text:ti_sysbios_family_arm_m3_Hwi_Instance_finalize__E)
                  000123d4    00000004     httpget_pem4f.oem4f (.text:ti_sysbios_knl_Task_delete)
                  000123d8    00000034     sysbios.aem4f : BIOS.obj (.text:ti_sysbios_family_arm_m3_Hwi_excNmi__I)
                  0001240c    00000004     ti.targets.arm.rtsarm.aem4f : Error.oem4f (.text:xdc_runtime_Error_getMsg__E)
                  00012410    00000034     sysbios.aem4f : BIOS.obj (.text:ti_sysbios_hal_Hwi_checkStack)
                  00012444    00000034     httpget_pem4f.oem4f (.text:ti_sysbios_knl_Semaphore_create)
                  00012478    00000034     ti.targets.arm.rtsarm.aem4f : Core-label.oem4f (.text:xdc_runtime_Core_assignLabel__I)
                  000124ac    00000033                                 : Text.oem4f (.text:xdc_runtime_Text_printVisFxn__I)
                  000124df    00000001     --HOLE-- [fill = 0]
                  000124e0    00000032     nettool_ipv4.aem4f : config.oem4f (.text:CfgGetImmediate)
                  00012512    00000032     stk.aem4f : route.oem4f (.text:RtDeRef)
                  00012544    00000032               : route.oem4f (.text:RtSetFailure)
                  00012576    00000032               : sb.oem4f (.text:SBFlush)
                  000125a8    00000032               : sb.oem4f (.text:SBSetMax)
                  000125da    00000032               : sock.oem4f (.text:SockIntAbort)
                  0001260c    00000032     nettool_ipv4.aem4f : config.oem4f (.text:_CfgAcquire)
                  0001263e    00000032                        : dhcpsm.oem4f (.text:dhcpIPRemove)
                  00012670    00000032     sysbios.aem4f : BIOS.obj (.text:ti_sysbios_hal_Hwi_initStack)
                  000126a2    00000006     driverlib.lib : emac.obj (.text:EMACRxDMADescriptorListSet)
                  000126a8    00000032     sysbios.aem4f : BIOS.obj (.text:ti_sysbios_knl_Event_pendTimeout__I)
                  000126da    00000006     driverlib.lib : emac.obj (.text:EMACTxDMADescriptorListSet)
                  000126e0    00000032     sysbios.aem4f : BIOS.obj (.text:ti_sysbios_knl_Semaphore_pendTimeout__I)
                  00012712    00000030     driverlib.lib : emac.obj (.text:EMACAddrSet)
                  00012742    00000002     --HOLE-- [fill = 0]
                  00012744    00000030     drivers_tivaware.aem4f : EMACSnow.oem4f (.text:EMACSnow_handlePackets)
                  00012774    00000030     netctrl_min_ipv4.aem4f : netsrv.oem4f (.text:NS_PreBoot)
                  000127a4    00000030     stk.aem4f : sock.oem4f (.text:SockBind)
                  000127d4    00000030               : sock.oem4f (.text:SockGetName)
                  00012804    00000030     nettool_ipv4.aem4f : dhcpsock.oem4f (.text:dhcpPacketSend)
                  00012834    00000030     rtsv7M4_T_le_v4SPD16_eabi.lib : getdevice.c.obj (.text:finddevice)
                  00012864    00000030     stk.aem4f : listlib.oem4f (.text:list_remove_node)
                  00012894    00000030     httpget_pem4f.oem4f (.text:ti_sysbios_BIOS_atExitFunc__I)
                  000128c4    00000004     ti.targets.arm.rtsarm.aem4f : Error.oem4f (.text:xdc_runtime_Error_getSite__E)
                  000128c8    00000030     sysbios.aem4f : BIOS.obj (.text:ti_sysbios_family_arm_lm4_Timer_stop__E)
                  000128f8    00000030                   : BIOS.obj (.text:ti_sysbios_family_arm_m3_TaskSupport_start__E)
                  00012928    00000030     httpget_pem4f.oem4f (.text:ti_sysbios_gates_GateHwi_Object__create__S)
                  00012958    00000030     httpget_pem4f.oem4f (.text:ti_sysbios_gates_GateMutex_Object__create__S)
                  00012988    00000030     sysbios.aem4f : BIOS.obj (.text:ti_sysbios_gates_GateMutex_enter__E)
                  000129b8    00000030     httpget_pem4f.oem4f (.text:ti_sysbios_heaps_HeapMem_Object__create__S)
                  000129e8    00000030     sysbios.aem4f : BIOS.obj (.text:ti_sysbios_knl_Mailbox_postInit__I)
                  00012a18    00000030     httpget_pem4f.oem4f (.text:ti_sysbios_knl_Semaphore_construct)
                  00012a48    00000030     sysbios.aem4f : BIOS.obj (.text:ti_sysbios_knl_Task_processVitalTaskFlag__I)
                  00012a78    00000030     ti.targets.arm.rtsarm.aem4f : SysMin.oem4f (.text:xdc_runtime_SysMin_abort__E)
                  00012aa8    00000030                                 : System.oem4f (.text:xdc_runtime_System_processAtExit__E)
                  00012ad8    0000002e     stk.aem4f : sb.oem4f (.text:SBFree)
                  00012b06    0000002e     httpget_pem4f.oem4f (.text:malloc)
                  00012b34    0000002e     rtsv7M4_T_le_v4SPD16_eabi.lib : i_tofd_t2.asm.obj (.text)
                  00012b62    0000002c     driverlib.lib : emac.obj (.text:EMACIntStatus)
                  00012b8e    0000002c     stk.aem4f : file.oem4f (.text:FdSignalEvent)
                  00012bba    00000002     --HOLE-- [fill = 0]
                  00012bbc    0000002c               : igmp.oem4f (.text:IGMPTestGroup)
                  00012be8    0000002c     os.aem4f : task.oem4f (.text:NDK_hookCreate)
                  00012c14    0000002c     stk.aem4f : nimu.oem4f (.text:NIMUAllocateIndex)
                  00012c40    0000002c               : nimu.oem4f (.text:NIMUPacketServiceCheck)
                  00012c6c    0000002c               : pipe.oem4f (.text:PipeClose)
                  00012c98    0000002c               : sockpcb.oem4f (.text:SockPcbAttach)
                  00012cc4    0000002c               : lli.oem4f (.text:_LLIExpListRemove)
                  00012cf0    0000002c               : lli.oem4f (.text:_LLITimeoutFlush)
                  00012d1c    0000002c               : rtable.oem4f (.text:_RtExpListRemove)
                  00012d48    0000002c     httpget.obj (.text:pinInitialize)
                  00012d74    0000002c     httpget_pem4f.oem4f (.text:ti_sysbios_knl_Clock_doTick__I)
                  00012da0    0000002c     httpget_pem4f.oem4f (.text:ti_sysbios_knl_Queue_construct)
                  00012dcc    00000004     httpget_pem4f.oem4f (.text:xdc_runtime_System_Module_GateProxy_enter__E)
                  00012dd0    0000002c     sysbios.aem4f : BIOS.obj (.text:ti_sysbios_knl_Task_restore__E)
                  00012dfc    0000002c     rtsv7M4_T_le_v4SPD16_eabi.lib : unlink.c.obj (.text:unlink)
                  00012e28    0000002c     ti.targets.arm.rtsarm.aem4f : Text.oem4f (.text:xdc_runtime_Text_cordText__E)
                  00012e54    0000002a     driverlib.lib : gpio.obj (.text:GPIODirModeSet)
                  00012e7e    0000002a     stk.aem4f : pbm.oem4f (.text:PBMQ_deq)
                  00012ea8    0000002a     netctrl_min_ipv4.aem4f : netsrv.oem4f (.text:ServiceCallback)
                  00012ed2    0000002a     nettool_ipv4.aem4f : config.oem4f (.text:_CfgRelease)
                  00012efc    0000002a     rtsv7M4_T_le_v4SPD16_eabi.lib : strspn.c.obj (.text:strspn)
                  00012f26    0000002a     ti.targets.arm.rtsarm.aem4f : System.oem4f (.text:xdc_runtime_System_putchar__I)
                  00012f50    00000028     stk.aem4f : bind.oem4f (.text:BindFindByNet)
                  00012f78    00000028               : lli.oem4f (.text:LLIFree)
                  00012fa0    00000028     netctrl_min_ipv4.aem4f : netctrl.oem4f (.text:NC_SystemClose)
                  00012fc8    00000028     stk.aem4f : nimu.oem4f (.text:NIMUCreatePacket)
                  00012ff0    00000028               : nimu.oem4f (.text:NIMUPacketService)
                  00013018    00000028               : tcpin.oem4f (.text:TcpEnterTimeWait)
                  00013040    00000028               : timer.oem4f (.text:TimerListRemove)
                  00013068    00000028               : vlan.oem4f (.text:VLANFindSourceInterface)
                  00013090    00000028               : vlan.oem4f (.text:VLANInit)
                  000130b8    00000028     nettool_ipv4.aem4f : dhcpsock.oem4f (.text:dhcpPacketReceive)
                  000130e0    00000028     rtsv7M4_T_le_v4SPD16_eabi.lib : lseek.c.obj (.text:lseek)
                  00013108    00000028     drivers_tivaware.aem4f : EMACSnow.oem4f (.text:signalLinkChange)
                  00013130    00000028     sysbios.aem4f : BIOS.obj (.text:ti_sysbios_knl_Clock_addI__E)
                  00013158    00000028                   : BIOS.obj (.text:ti_sysbios_knl_Swi_Module_startup__E)
                  00013180    00000028     rtsv7M4_T_le_v4SPD16_eabi.lib : write.c.obj (.text:write)
                  000131a8    00000026     nettool_ipv4.aem4f : config.oem4f (.text:CfgEntryInfo)
                  000131ce    00000026     driverlib.lib : emac.obj (.text:EMACPHYRead)
                  000131f4    00000026                   : emac.obj (.text:EMACPHYWrite)
                  0001321a    00000026     stk.aem4f : rawethsock.oem4f (.text:RawEthSockClose)
                  00013240    00000026     sysbios.aem4f : m3_Hwi_asm.obj (.text:ti_sysbios_family_arm_m3_Hwi_pendSV__I)
                  00013266    00000026     ti.targets.arm.rtsarm.aem4f : System.oem4f (.text:xdc_runtime_System_avprintf__E)
                  0001328c    00000024     stk.aem4f : bind.oem4f (.text:BindFindByHost)
                  000132b0    00000024               : bind.oem4f (.text:BindGetIFByDBCast)
                  000132d4    00000024     drivers_tivaware.aem4f : EMACSnow.oem4f (.text:EMACSnow_pkt_service)
                  000132f8    00000024                            : EMACSnow.oem4f (.text:EMACSnow_primeRx)
                  0001331c    00000024     stk.aem4f : exec.oem4f (.text:ExecTimer)
                  00013340    00000024               : nimu.oem4f (.text:NIMUFindByIndex)
                  00013364    00000024               : rtc.oem4f (.text:RTCAddHook)
                  00013388    00000024               : rawethsock_pcb.oem4f (.text:RawEthSockPcbFind)
                  000133ac    00000024               : route.oem4f (.text:RtFree)
                  000133d0    00000024               : route.oem4f (.text:RtSetTimeout)
                  000133f4    00000024               : sockpcb.oem4f (.text:SockPcbCleanup)
                  00013418    00000024               : tcpprot.oem4f (.text:TcpPrListen)
                  0001343c    00000024               : tcptime.oem4f (.text:TcpTimeoutWait2)
                  00013460    00000024     nettool_ipv4.aem4f : config.oem4f (.text:_CfgEntryProcess)
                  00013484    00000024     rtsv7M4_T_le_v4SPD16_eabi.lib : strcspn.c.obj (.text:strcspn)
                  000134a8    00000024     httpget_pem4f.oem4f (.text:ti_sysbios_BIOS_errorRaiseHook__I)
                  000134cc    00000024     httpget_pem4f.oem4f (.text:ti_sysbios_BIOS_registerRTSLock__I)
                  000134f0    00000024     httpget_pem4f.oem4f (.text:ti_sysbios_BIOS_removeRTSLock__I)
                  00013514    00000024     httpget_pem4f.oem4f (.text:ti_sysbios_BIOS_startFunc__I)
                  00013538    00000024     httpget_pem4f.oem4f (.text:ti_sysbios_gates_GateMutex_Object__delete__S)
                  0001355c    00000004     httpget_pem4f.oem4f (.text:xdc_runtime_System_Module_GateProxy_leave__E)
                  00013560    00000024     sysbios.aem4f : BIOS.obj (.text:ti_sysbios_knl_Clock_Module_startup__E)
                  00013584    00000004     ti.targets.arm.rtsarm.aem4f : System.oem4f (.text:xdc_runtime_System_aprintf_va__F)
                  00013588    00000024     sysbios.aem4f : BIOS.obj (.text:ti_sysbios_knl_Clock_start__E)
                  000135ac    00000004     ti.targets.arm.rtsarm.aem4f : System.oem4f (.text:xdc_runtime_System_printf_va__F)
                  000135b0    00000024     sysbios.aem4f : BIOS.obj (.text:ti_sysbios_knl_Semaphore_Instance_init__E)
                  000135d4    00000024     httpget_pem4f.oem4f (.text:ti_sysbios_knl_Semaphore_Object__delete__S)
                  000135f8    00000024     sysbios.aem4f : BIOS.obj (.text:ti_sysbios_knl_Task_restoreHwi__E)
                  0001361c    00000024     ti.targets.arm.rtsarm.aem4f : System.oem4f (.text:xdc_runtime_System_vprintf__E)
                  00013640    00000022     nettool_ipv4.aem4f : config.oem4f (.text:CfgEntryRef)
                  00013662    00000022     stk.aem4f : vlan.oem4f (.text:VLANFindNode)
                  00013684    00000004     --HOLE-- [fill = 0]
                  00013688    00000022     sysbios.aem4f : BIOS.obj (.text:ti_sysbios_family_arm_lm4_Timer_write__I)
                  000136aa    00000022     httpget_pem4f.oem4f (.text:xdc_runtime_SysMin_output__I)
                  000136cc    00000020     netctrl_min_ipv4.aem4f : netctrl.oem4f (.text:NC_BootComplete)
                  000136ec    00000020     stk.aem4f : nimu.oem4f (.text:NIMUGetNumOfObject)
                  0001370c    00000020               : rtc.oem4f (.text:RTCRemoveHook)
                  0001372c    00000020               : tcp.oem4f (.text:TcpTimeoutRemove)
                  0001374c    00000020     Boot.aem4f : Boot_sysctl.oem4f (.text:_SysCtlMemTimingGet)
                  0001376c    00000020     rtsv7M4_T_le_v4SPD16_eabi.lib : memchr.c.obj (.text:memchr)
                  0001378c    00000020     httpget_pem4f.oem4f (.text:ti_sysbios_BIOS_rtsLock__I)
                  000137ac    00000004     --HOLE-- [fill = 0]
                  000137b0    00000020     sysbios.aem4f : BIOS.obj (.text:ti_sysbios_family_arm_lm4_Timer_postInit__I)
                  000137d0    00000020     httpget_pem4f.oem4f (.text:ti_sysbios_family_arm_m3_Hwi_Object__delete__S)
                  000137f0    00000020     sysbios.aem4f : m3_Hwi_asm.obj (.text:ti_sysbios_family_arm_m3_Hwi_excHandlerAsm__I)
                  00013810    00000020                   : BIOS.obj (.text:ti_sysbios_family_arm_m3_Hwi_excHandler__I)
                  00013830    00000020     httpget_pem4f.oem4f (.text:ti_sysbios_gates_GateHwi_Object__delete__S)
                  00013850    00000020     httpget_pem4f.oem4f (.text:ti_sysbios_heaps_HeapMem_Object__delete__S)
                  00013870    00000020     sysbios.aem4f : BIOS.obj (.text:ti_sysbios_knl_Idle_run__E)
                  00013890    00000020     httpget_pem4f.oem4f (.text:ti_sysbios_knl_Semaphore_Object__destruct__S)
                  000138b0    00000020     httpget_pem4f.oem4f (.text:ti_sysbios_knl_Swi_Object__delete__S)
                  000138d0    00000020     httpget_pem4f.oem4f (.text:ti_sysbios_knl_Task_Object__delete__S)
                  000138f0    00000020     ti.targets.arm.rtsarm.aem4f : Registry.oem4f (.text:xdc_runtime_Registry_findById__E)
                  00013910    00000020                                 : SysMin.oem4f (.text:xdc_runtime_SysMin_Module_startup__E)
                  00013930    0000001e     stk.aem4f : listlib.oem4f (.text:list_remove)
                  0001394e    0000001e     httpget.obj (.text:recv)
                  0001396c    0000001e     httpget.obj (.text:send)
                  0001398a    0000001e     rtsv7M4_T_le_v4SPD16_eabi.lib : strcat.c.obj (.text:strcat)
                  000139a8    0000001e     sysbios.aem4f : m3_Hwi_asm_switch.obj (.text:ti_sysbios_family_xxx_Hwi_switchAndRunFunc)
                  000139c6    00000002     --HOLE-- [fill = 0]
                  000139c8    0000001c     stk.aem4f : bind.oem4f (.text:BindFindByIF)
                  000139e4    0000001c               : exec.oem4f (.text:ExecBroadcast)
                  00013a00    0000001c     os.aem4f : ossys.oem4f (.text:NDK_sprintf)
                  00013a1c    0000001c     stk.aem4f : nimu.oem4f (.text:NIMUAddHeader)
                  00013a38    0000001c               : sockprot.oem4f (.text:SockPrDetach)
                  00013a54    0000001c     os.aem4f : task.oem4f (.text:TaskDestroy)
                  00013a70    0000001c     drivers_tivaware.aem4f : GPIOTiva.oem4f (.text:getGpioIntIndex)
                  00013a8c    0000001c     rtsv7M4_T_le_v4SPD16_eabi.lib : memccpy.c.obj (.text:memccpy)
                  00013aa8    0000001c     httpget_pem4f.oem4f (.text:ti_ndk_config_global_taskCreateHook)
                  00013ac4    00000004     --HOLE-- [fill = 0]
                  00013ac8    0000001c     sysbios.aem4f : BIOS.obj (.text:ti_sysbios_gates_GateMutex_Instance_init__E)
                  00013ae4    0000001c     httpget_pem4f.oem4f (.text:ti_sysbios_knl_Queue_Object__destruct__S)
                  00013b00    0000001c     sysbios.aem4f : BIOS.obj (.text:ti_sysbios_knl_Queue_get__E)
                  00013b1c    00000004     --HOLE-- [fill = 0]
                  00013b20    0000001c                   : BIOS.obj (.text:ti_sysbios_knl_Queue_put__E)
                  00013b3c    00000004     --HOLE-- [fill = 0]
                  00013b40    0000001c                   : BIOS.obj (.text:ti_sysbios_knl_Task_enter__I)
                  00013b5c    0000001c     ti.targets.arm.rtsarm.aem4f : Error.oem4f (.text:xdc_runtime_Error_raiseX__E)
                  00013b78    0000001c                                 : Memory.oem4f (.text:xdc_runtime_Memory_valloc__E)
                  00013b94    0000001c                                 : SysMin.oem4f (.text:xdc_runtime_SysMin_exit__E)
                  00013bb0    0000001c                                 : System.oem4f (.text:xdc_runtime_System_abort__E)
                  00013bcc    0000001a     stk.aem4f : bind.oem4f (.text:BindGetIP)
                  00013be6    0000001a               : sockint.oem4f (.text:SockSetOOBMark)
                  00013c00    0000001a     rtsv7M4_T_le_v4SPD16_eabi.lib : s_copysign.c.obj (.text:copysign)
                  00013c1a    0000001a     stk.aem4f : file.oem4f (.text:fdint_getfdt)
                  00013c34    0000001a     httpget_pem4f.oem4f (.text:free)
                  00013c4e    0000001a     httpget_pem4f.oem4f (.text:ti_sysbios_family_arm_m3_Hwi_Handle__label__S)
                  00013c68    0000001a     httpget_pem4f.oem4f (.text:ti_sysbios_gates_GateHwi_Handle__label__S)
                  00013c82    0000001a     httpget_pem4f.oem4f (.text:ti_sysbios_gates_GateMutex_Handle__label__S)
                  00013c9c    0000001a     httpget_pem4f.oem4f (.text:ti_sysbios_heaps_HeapMem_Handle__label__S)
                  00013cb6    0000001a     httpget_pem4f.oem4f (.text:ti_sysbios_knl_Swi_Handle__label__S)
                  00013cd0    0000001a     httpget_pem4f.oem4f (.text:ti_sysbios_knl_Task_Handle__label__S)
                  00013cea    00000006     driverlib.lib : gpio.obj (.text:GPIOIntClear)
                  00013cf0    0000001a     sysbios.aem4f : BIOS.obj (.text:ti_sysbios_knl_Task_sleepTimeout__I)
                  00013d0a    0000001a     httpget_pem4f.oem4f (.text:xdc_runtime_System_aprintf__E)
                  00013d24    0000001a     httpget_pem4f.oem4f (.text:xdc_runtime_System_printf__E)
                  00013d3e    00000002     --HOLE-- [fill = 0]
                  00013d40    00000018     drivers_tivaware.aem4f : EMACSnow.oem4f (.text:EMACSnow_emacSend)
                  00013d58    00000018     driverlib.lib : gpio.obj (.text:GPIOPinTypeGPIOOutput)
                  00013d70    00000018     stk.aem4f : ip.oem4f (.text:IPRtChange)
                  00013d88    00000018               : rawethsock_pcb.oem4f (.text:RawEthSockPcbCleanup)
                  00013da0    00000018     nettool_ipv4.aem4f : ipaddr.oem4f (.text:RouteHook)
                  00013db8    00000018     stk.aem4f : tcpin.oem4f (.text:SEQ_GEQ)
                  00013dd0    00000018               : tcpout.oem4f (.text:SEQ_GEQ)
                  00013de8    00000018               : tcpin.oem4f (.text:SEQ_GT)
                  00013e00    00000018               : tcpout.oem4f (.text:SEQ_GT)
                  00013e18    00000018               : tcpin.oem4f (.text:SEQ_LEQ)
                  00013e30    00000018               : tcpout.oem4f (.text:SEQ_LEQ)
                  00013e48    00000018               : tcpin.oem4f (.text:SEQ_LT)
                  00013e60    00000018               : tcpout.oem4f (.text:SEQ_LT)
                  00013e78    00000018               : tcp.oem4f (.text:TcpTimeoutAdd)
                  00013e90    00000018     rtsv7M4_T_le_v4SPD16_eabi.lib : args_main.c.obj (.text:_args_main)
                  00013ea8    00000018                                   : sprintf.c.obj (.text:_outs)
                  00013ec0    00000018     nettool_ipv4.aem4f : dhcpsock.oem4f (.text:dhcpSocketClose)
                  00013ed8    00000018     stk.aem4f : listlib.oem4f (.text:list_add)
                  00013ef0    00000018     rtsv7M4_T_le_v4SPD16_eabi.lib : strcmp.c.obj (.text:strcmp)
                  00013f08    00000018     httpget_pem4f.oem4f (.text:ti_sysbios_BIOS_rtsUnlock__I)
                  00013f20    00000018     httpget_pem4f.oem4f (.text:ti_sysbios_family_arm_lm4_Timer_Module__startupDone__F)
                  00013f38    00000018     httpget_pem4f.oem4f (.text:ti_sysbios_family_arm_m3_Hwi_Module__startupDone__F)
                  00013f50    00000018     sysbios.aem4f : m3_TaskSupport_asm.obj (.text:ti_sysbios_family_arm_m3_TaskSupport_swap__E)
                  00013f68    00000018                   : BIOS.obj (.text:ti_sysbios_gates_GateMutex_leave__E)
                  00013f80    00000018                   : BIOS.obj (.text:ti_sysbios_knl_Task_unblock__E)
                  00013f98    00000018     ti.targets.arm.rtsarm.aem4f : Error.oem4f (.text:xdc_runtime_Error_check__E)
                  00013fb0    00000018                                 : System.oem4f (.text:xdc_runtime_System_exit__E)
                  00013fc8    00000018                                 : Text.oem4f (.text:xdc_runtime_Text_ropeText__E)
                  00013fe0    00000016     driverlib.lib : emac.obj (.text:EMACReset)
                  00013ff6    00000016                   : emac.obj (.text:EMACRxEnable)
                  0001400c    00000016                   : emac.obj (.text:EMACTxEnable)
                  00014022    00000016     stk.aem4f : file.oem4f (.text:fdint_freefdt)
                  00014038    00000016     rtsv7M4_T_le_v4SPD16_eabi.lib : strchr.c.obj (.text:strchr)
                  0001404e    00000016     httpget_pem4f.oem4f (.text:ti_sysbios_BIOS_exitFunc__I)
                  00014064    00000016     httpget.obj (.text:ti_sysbios_knl_Task_Params_init)
                  0001407a    00000016     ti.targets.arm.rtsarm.aem4f : System.oem4f (.text:xdc_runtime_System_vsprintf__E)
                  00014090    00000014     stk.aem4f : bind.oem4f (.text:BindIPHost2IF)
                  000140a4    00000014     driverlib.lib : flash.obj (.text:FlashUserGet)
                  000140b8    00000014     netctrl_min_ipv4.aem4f : netctrl.oem4f (.text:NC_NetStop)
                  000140cc    00000014     os.aem4f : task.oem4f (.text:NDK_hookExit)
                  000140e0    00000014     stk.aem4f : nimu.oem4f (.text:NIMUSendPacket)
                  000140f4    00000014     nettool_ipv4.aem4f : ipaddr.oem4f (.text:NtRemoveNetwork)
                  00014108    00000014     stk.aem4f : rawethsock_pcb.oem4f (.text:RawEthSockPcbInit)
                  0001411c    00000014               : timer.oem4f (.text:TimerFree)
                  00014130    00000014     httpget.obj (.text:accept)
                  00014144    00000014     httpget.obj (.text:bind)
                  00014158    00000014     httpget.obj (.text:connect)
                  0001416c    00000014     httpget.obj (.text:socket)
                  00014180    00000014     rtsv7M4_T_le_v4SPD16_eabi.lib : strcpy.c.obj (.text:strcpy)
                  00014194    00000014                                   : strlen.c.obj (.text:strlen)
                  000141a8    00000014     httpget_pem4f.oem4f (.text:ti_ndk_config_global_taskExitHook)
                  000141bc    00000014     httpget_pem4f.oem4f (.text:ti_sysbios_family_arm_m3_Hwi_Object__get__S)
                  000141d0    00000014     sysbios.aem4f : BIOS.obj (.text:ti_sysbios_family_arm_m3_Hwi_switchFromBootStack__E)
                  000141e4    00000014     httpget_pem4f.oem4f (.text:ti_sysbios_heaps_HeapMem_Object__get__S)
                  000141f8    00000014     httpget_pem4f.oem4f (.text:ti_sysbios_knl_Mailbox_Object__get__S)
                  0001420c    00000014     httpget_pem4f.oem4f (.text:ti_sysbios_knl_Swi_Object__get__S)
                  00014220    00000014     httpget_pem4f.oem4f (.text:ti_sysbios_knl_Task_Object__first__S)
                  00014234    00000014     httpget_pem4f.oem4f (.text:ti_sysbios_knl_Task_Object__next__S)
                  00014248    00000014     httpget.obj (.text:timerISR)
                  0001425c    00000012     driverlib.lib : gpio.obj (.text:GPIOPinTypeEthernetLED)
                  0001426e    00000012     stk.aem4f : sockprot.oem4f (.text:SockPrAttach)
                  00014280    00000012               : sockint.oem4f (.text:SockSetOOBData)
                  00014292    00000006     driverlib.lib : gpio.obj (.text:GPIOPinWrite)
                  00014298    00000012     sysbios.aem4f : BIOS.obj (.text:ti_sysbios_hal_Hwi_Module_startup__E)
                  000142aa    00000006     driverlib.lib : sysctl.obj (.text:SysCtlDelay)
                  000142b0    00000012     sysbios.aem4f : BIOS.obj (.text:ti_sysbios_hal_Timer_Module_startup__E)
                  000142c2    00000006     stk.aem4f : tcpprot.oem4f (.text:TcpPrRecv)
                  000142c8    00000012     sysbios.aem4f : BIOS.obj (.text:ti_sysbios_knl_Semaphore_reset__E)
                  000142da    00000012     rtsv7M4_T_le_v4SPD16_eabi.lib : wcslen.c.obj (.text:wcslen)
                  000142ec    00000012     httpget_pem4f.oem4f (.text:xdc_runtime_Startup_exec__I)
                  000142fe    00000002     --HOLE-- [fill = 0]
                  00014300    00000010     httpget_pem4f.oem4f (.text:.bootCodeSection:ti_catalog_arm_cortexm4_tiva_ce_Boot_init__I)
                  00014310    00000010     stk.aem4f : bind.oem4f (.text:BindIF2IPHost)
                  00014320    00000010               : bind.oem4f (.text:BindIFNet2IPHost)
                  00014330    00000010     driverlib.lib : emac.obj (.text:EMACFrameFilterSet)
                  00014340    00000010     stk.aem4f : exec.oem4f (.text:ExecHRef)
                  00014350    00000010     netctrl_min_ipv4.aem4f : netctrl.oem4f (.text:NC_IPUpdate)
                  00014360    00000010     stk.aem4f : nimu.oem4f (.text:NIMUGetRsvdSizeInfo)
                  00014370    00000010     httpget.obj (.text:listen)
                  00014380    00000010     sysbios.aem4f : BIOS.obj (.text:ti_sysbios_BIOS_exit__E)
                  00014390    00000010                   : BIOS.obj (.text:ti_sysbios_BIOS_getCpuFreq__E)
                  000143a0    00000010                   : BIOS.obj (.text:ti_sysbios_BIOS_setThreadType__E)
                  000143b0    00000010                   : BIOS.obj (.text:ti_sysbios_BIOS_start__E)
                  000143c0    00000010                   : m3_TaskSupport_asm.obj (.text:ti_sysbios_family_arm_m3_TaskSupport_glue)
                  000143d0    00000010                   : BIOS.obj (.text:ti_sysbios_gates_GateMutex_Instance_finalize__E)
                  000143e0    00000010                   : BIOS.obj (.text:ti_sysbios_knl_Semaphore_Instance_finalize__E)
                  000143f0    00000010                   : BIOS.obj (.text:ti_sysbios_knl_Swi_disable__E)
                  00014400    00000010     httpget_pem4f.oem4f (.text:ti_sysbios_knl_Task_Object__get__S)
                  00014410    00000010     sysbios.aem4f : BIOS.obj (.text:ti_sysbios_knl_Task_disable__E)
                  00014420    00000010     ti.targets.arm.rtsarm.aem4f : Gate.oem4f (.text:xdc_runtime_Gate_leaveSystem__E)
                  00014430    00000010                                 : Memory.oem4f (.text:xdc_runtime_Memory_free__E)
                  00014440    00000010                                 : SysMin.oem4f (.text:xdc_runtime_SysMin_ready__E)
                  00014450    00000010                                 : System.oem4f (.text:xdc_runtime_System_vsnprintf__E)
                  00014460    00000010     httpget_pem4f.oem4f (.text:xdc_runtime_Text_visitRope__I)
                  00014470    0000000e     drivers_tivaware.aem4f : EMACSnow.oem4f (.text:EMACSnow_emacioctl)
                  0001447e    0000000e     stk.aem4f : exec.oem4f (.text:ExecLowResource)
                  0001448c    0000000e     driverlib.lib : gpio.obj (.text:GPIOIntStatus)
                  0001449a    0000000e     rtsv7M4_T_le_v4SPD16_eabi.lib : copy_decompress_none.c.obj (.text:decompress:none:__TI_decompress_none)
                  000144a8    0000000e     sysbios.aem4f : BIOS.obj (.text:ti_sysbios_knl_Clock_removeI__E)
                  000144b6    00000002     --HOLE-- [fill = 0]
                  000144b8    0000000e                   : BIOS.obj (.text:ti_sysbios_knl_Idle_loop__E)
                  000144c6    00000002     --HOLE-- [fill = 0]
                  000144c8    0000000e                   : BIOS.obj (.text:ti_sysbios_knl_Queue_empty__E)
                  000144d6    00000002     --HOLE-- [fill = 0]
                  000144d8    0000000c     stk.aem4f : bind.oem4f (.text:BindGetFirst)
                  000144e4    0000000c     nettool_ipv4.aem4f : config.oem4f (.text:CfgSetDefault)
                  000144f0    0000000c     drivers_tivaware.aem4f : EMACSnow.oem4f (.text:EMACSnow_init)
[...]
00016b64  ti_sysbios_family_arm_lm4_Timer_enableFunc__C                        
00016b68  ti_sysbios_family_arm_lm4_Timer_numTimerDevices__C                   
00016b6c  ti_sysbios_family_arm_lm4_Timer_startupNeeded__C                     
00016b70  ti_sysbios_family_arm_m3_Hwi_E_NMI__C                                
00016b74  ti_sysbios_family_arm_m3_Hwi_E_alreadyDefined__C                     
00016b78  ti_sysbios_family_arm_m3_Hwi_E_busFault__C                           
00016b7c  ti_sysbios_family_arm_m3_Hwi_E_debugMon__C                           
00016b80  ti_sysbios_family_arm_m3_Hwi_E_hardFault__C                          
00016b84  ti_sysbios_family_arm_m3_Hwi_E_memFault__C                           
00016b88  ti_sysbios_family_arm_m3_Hwi_E_noIsr__C                              
00016b8c  ti_sysbios_family_arm_m3_Hwi_E_reserved__C                           
00016b90  ti_sysbios_family_arm_m3_Hwi_E_svCall__C                             
00016b94  ti_sysbios_family_arm_m3_Hwi_E_usageFault__C                         
00016b98  ti_sysbios_family_arm_m3_Hwi_NUM_INTERRUPTS__C                       
00016b9c  ti_sysbios_family_arm_m3_Hwi_Object__count__C                        
00016ba0  ti_sysbios_family_arm_m3_Hwi_ccr__C                                  
00016ba4  ti_sysbios_family_arm_m3_Hwi_excHandlerFunc__C                       
00016ba8  ti_sysbios_family_arm_m3_Hwi_excHookFuncs__C                         
00016bac  ti_sysbios_family_arm_m3_Hwi_nullIsrFunc__C                          
00016bb0  ti_sysbios_family_arm_m3_Hwi_priGroup__C                             
00016bb4  ti_sysbios_family_arm_m3_TaskSupport_stackAlignment__C               
00016bb8  ti_sysbios_gates_GateMutex_Instance_State_sem__O                     
00016bbc  ti_sysbios_hal_Hwi_E_stackOverflow__C                                
00016bc0  ti_sysbios_heaps_HeapMem_E_memory__C                                 
00016bc4  ti_sysbios_heaps_HeapMem_Module__gateObj__C                          
00016bc8  ti_sysbios_heaps_HeapMem_Object__count__C                            
00016bcc  ti_sysbios_heaps_HeapMem_reqAlign__C                                 
00016bd0  ti_sysbios_knl_Clock_Module_State_clockQ__O                          
00016bd4  ti_sysbios_knl_Event_Instance_State_pendQ__O                         
00016bd8  ti_sysbios_knl_Mailbox_Instance_State_dataQue__O                     
00016bdc  ti_sysbios_knl_Mailbox_Instance_State_dataSem__O                     
00016be0  ti_sysbios_knl_Mailbox_Instance_State_freeQue__O                     
00016be4  ti_sysbios_knl_Mailbox_Instance_State_freeSem__O                     
00016be8  ti_sysbios_knl_Mailbox_Object__count__C                              
00016bec  ti_sysbios_knl_Mailbox_maxTypeAlign__C                               
00016bf0  ti_sysbios_knl_Semaphore_Instance_State_pendQ__O                     
00016bf4  ti_sysbios_knl_Swi_Object__count__C                                  
00016bf8  ti_sysbios_knl_Task_E_deleteNotAllowed__C                            
00016bfc  ti_sysbios_knl_Task_E_spOutOfBounds__C                               
00016c00  ti_sysbios_knl_Task_E_stackOverflow__C                               
00016c04  ti_sysbios_knl_Task_Module_State_inactiveQ__O                        
00016c08  ti_sysbios_knl_Task_Module_State_terminatedQ__O                      
00016c0c  ti_sysbios_knl_Task_Object__count__C                                 
00016c10  ti_sysbios_knl_Task_Object__heap__C                                  
00016c14  ti_sysbios_knl_Task_allBlockedFunc__C                                
00016c18  ti_sysbios_knl_Task_defaultStackHeap__C                              
00016c1c  ti_sysbios_knl_Task_defaultStackSize__C                              
00016c20  ti_sysbios_knl_Task_numConstructedTasks__C                           
00016c24  xdc_runtime_Assert_E_assertFailed__C                                 
00016c28  xdc_runtime_Core_A_initializedParams__C                              
00016c2c  xdc_runtime_Core_Module__diagsEnabled__C                             
00016c30  xdc_runtime_Core_Module__diagsIncluded__C                            
00016c34  xdc_runtime_Core_Module__diagsMask__C                                
00016c38  xdc_runtime_Error_E_memory__C                                        
00016c3c  xdc_runtime_Error_Module__diagsEnabled__C                            
00016c40  xdc_runtime_Error_Module__diagsIncluded__C                           
00016c44  xdc_runtime_Error_Module__diagsMask__C                               
00016c48  xdc_runtime_Error_Module__loggerFxn8__C                              
00016c4c  xdc_runtime_Error_Module__loggerObj__C                               
00016c50  xdc_runtime_Error_policyFxn__C                                       
00016c54  xdc_runtime_Error_raiseHook__C                                       
00016c58  xdc_runtime_IGateProvider_Interface__BASE__C                         
00016c5c  xdc_runtime_IHeap_Interface__BASE__C                                 
00016c60  xdc_runtime_IModule_Interface__BASE__C                               
00016c64  xdc_runtime_Log_L_error__C                                           
00016c68  xdc_runtime_Memory_defaultHeapInstance__C                            
00016c6c  xdc_runtime_Startup_execImpl__C                                      
00016c70  xdc_runtime_Startup_maxPasses__C                                     
00016c74  xdc_runtime_Startup_sfxnRts__C                                       
00016c78  xdc_runtime_Startup_sfxnTab__C                                       
00016c7c  xdc_runtime_SysMin_bufSize__C                                        
00016c80  xdc_runtime_SysMin_outputFunc__C                                     
00016c84  xdc_runtime_System_Module__gateObj__C                                
00016c88  xdc_runtime_System_abortFxn__C                                       
00016c8c  xdc_runtime_System_exitFxn__C                                        
00016c90  xdc_runtime_System_extendFxn__C                                      
00016c94  xdc_runtime_System_maxAtexitHandlers__C                              
00016c98  xdc_runtime_Text_charTab__C                                          
00016c9c  xdc_runtime_Text_nameEmpty__C                                        
00016ca0  xdc_runtime_Text_nameStatic__C                                       
00016ca4  xdc_runtime_Text_nameUnknown__C                                      
00016ca8  xdc_runtime_Text_nodeTab__C                                          
00016cac  xdc_runtime_Text_visitRopeFxn__C                                     
00016cb0  ti_sysbios_hal_Hwi_Module__id__C                                     
00016cb2  ti_sysbios_heaps_HeapMem_Module__id__C                               
00016cb4  ti_sysbios_knl_Task_Module__id__C                                    
00016cb6  xdc_runtime_Core_Module__id__C                                       
00016cb8  xdc_runtime_Error_Module__loggerDefined__C                           
00016cba  xdc_runtime_Error_maxDepth__C                                        
00016cbc  xdc_runtime_Memory_Module__id__C                                     
00016cbe  xdc_runtime_SysMin_flushAtExit__C                                    
00016cc0  xdc_runtime_Text_charCnt__C                                          
00016cc2  xdc_runtime_Text_isLoaded__C                                         
00016cc4  xdc_runtime_Text_registryModsLastId__C                               
00016cc6  xdc_runtime_Text_unnamedModsLastId__C                                
00016cc8  __TI_static_base__                                                   
00017150  __TI_Handler_Table_Base                                              
0001715c  __TI_Handler_Table_Limit                                             
00017170  __TI_CINIT_Base                                                      
00017188  __TI_CINIT_Limit                                                     
20000000  __start___llvm_prf_cnts                                              
20000000  __stop___llvm_prf_cnts                                               
20000000  ti_sysbios_family_arm_m3_Hwi_ramVectors                              
20000380  ti_ndk_config_Global_pit                                             
20000498  ti_ndk_config_Global_pitBuffer                                       
2000cc98  ti_sysbios_heaps_HeapMem_Instance_State_0_buf__A                     
20014c98  ips                                                                  
20014d00  ti_ndk_config_Global_pBufMem                                         
20018900  ti_ndk_config_Global_pHdrMem                                         
20018bf8  ti_sysbios_knl_Task_Instance_State_0_stack__A                        
200193f8  ti_sysbios_knl_Task_Instance_State_1_stack__A                        
20019bf8  ti_sysbios_knl_Task_Instance_State_2_stack__A                        
2001a1f8  ti_sysbios_knl_Task_Instance_State_3_stack__A                        
2001a3f8  ti_sysbios_family_arm_m3_Hwi_dispatchTable                           
2001a758  __CIOBUF_                                                            
2001a978  tcps                                                                 
2001aae4  __TI_tmpnams                                                         
2001ad34  xdc_runtime_SysMin_Module_State_0_outbuf__A                          
2001adb4  nimu_mcb                                                             
2001ae18  _ICMPIn                                                              
2001ae64  _ICMPOut                                                             
2001aeb0  ti_sysbios_knl_Mailbox_Instance_State_0_allocBuf__A                  
2001af38  vlan_mcb                                                             
2001af60  array1                                                               
2001afac  udps                                                                 
2001afd0  function                                                             
2001aff0  motorFunction                                                        
2001b010  BlockCount                                                           
2001b02c  BlockMax                                                             
2001b048  PageCount                                                            
2001b064  PageMax                                                              
2001b080  stkEvent                                                             
2001b0bc  raweths                                                              
2001b0cc  raws                                                                 
2001b0dc  PBMQ_free                                                            
2001b0e8  tpseudo                                                              
2001b0f4  upseudo                                                              
2001b108  emacObjects                                                          
2001b110  parmbuf                                                              
2001b13c  _IGMPInDiscard                                                       
2001b140  _IGMPInQuery                                                         
2001b144  _IGMPInQueryGroup                                                    
2001b148  _IGMPInResponse                                                      
2001b14c  _IGMPOutResponse                                                     
2001b150  day                                                                  
2001b154  g_ulStatus                                                           
2001b168  hour                                                                 
2001b16c  minutes                                                              
2001b170  month                                                                
2001b174  raweth_pcb                                                           
2001b178  seconds                                                              
2001b17c  ti_sysbios_knl_Task_Instance_State_0_hookEnv__A                      
2001b180  ti_sysbios_knl_Task_Instance_State_1_hookEnv__A                      
2001b184  ti_sysbios_knl_Task_Instance_State_2_hookEnv__A                      
2001b188  ti_sysbios_knl_Task_Instance_State_3_hookEnv__A                      
2001b18c  timestamps                                                           
2001b190  year                                                                 
2001b194  ti_sysbios_knl_Task_Object__table__V                                 
2001b2c4  _ftable                                                              
2001b3b4  _ipcfg                                                               
2001b468  ti_sysbios_family_arm_lm4_Timer_Object__table__V                     
2001b4e8  ti_sysbios_knl_Swi_Module_State_0_readyQ__A                          
2001b568  ti_sysbios_knl_Task_Module_State_0_readyQ__A                         
2001b5e8  _device                                                              
2001b660  ti_sysbios_knl_Swi_Object__table__V                                  
2001b6c0  _stream                                                              
2001b710  ti_sysbios_knl_Mailbox_Object__table__V                              
2001b7ae  ti_sysbios_family_arm_m3_Hwi_Module_State_0_excActive__A             
2001b7b0  ti_sysbios_knl_Task_Module__state__V                                 
2001b874  ti_sysbios_family_arm_lm4_Timer_Module_State_0_device__A             
2001b8b4  ti_sysbios_gates_GateMutex_Object__table__V                          
2001b920  ti_sysbios_family_arm_m3_Hwi_Module__state__V                        
2001b954  enablePrefetch                                                       
2001b958  phyCounter                                                           
2001b986  xdc_runtime_Error_Module__state__V                                   
2001b9b8  ti_sysbios_family_arm_m3_Hwi_Object__table__V                        
2001b9e8  ti_sysbios_knl_Clock_Module__state__V                                
2001ba14  pstrMsgName                                                          
2001ba3c  ti_sysbios_knl_Semaphore_Object__table__V                            
2001ba64  _oscfg                                                               
2001baac  PITCount                                                             
2001bab0  PITUsed                                                              
2001bab4  PITHigh                                                              
2001bad0  ti_sysbios_BIOS_Module__state__V                                     
2001baf4  ti_sysbios_family_arm_lm4_Timer_Module_State_0_handles__A            
2001bb30  ti_ndk_config_Global_Id2Size                                         
2001bb4c  ti_sysbios_knl_Swi_Module__state__V                                  
2001bbb0  ti_sysbios_heaps_HeapMem_Object__table__V                            
2001bc04  _tz                                                                  
2001bc14  gpioPinConfigs                                                       
2001bc24  __TI_ft_end                                                          
2001bc28  __aeabi_stdin                                                        
2001bc2c  __aeabi_stdout                                                       
2001bc30  __aeabi_stderr                                                       
2001bc3c  _IGMPForceVersion1                                                   
2001bc44  __TI_cleanup_ptr                                                     
2001bc48  __TI_dtors_ptr                                                       
2001bc4c  __TI_enable_exit_profile_output                                      
2001bc50  ti_sysbios_family_arm_lm4_Timer_Module__state__V                     
2001bc5c  ti_sysbios_knl_Event_Object__table__V                                
2001bc68  xdc_runtime_SysMin_Module__state__V                                  
2001bc80  _lock                                                                
2001bc84  _unlock                                                              
2001bc88  NIMUDeviceTable                                                      
2001bc90  gpioCallbackFunctions                                                
2001bc98  ti_ndk_config_Global_HostName                                        
2001bc9c  __xdc__init__addr                                                    
2001bcb0  _ICMPInErrors                                                        
2001bcb4  _ICMPOutErrors                                                       
2001bcb8  _IPExecuting                                                         
2001bcd0  tcp_iss                                                              
2001bcd4  ptTimeFirst                                                          
2001bce0  ti_sysbios_family_arm_m3_Hwi_Module__root__V                         
2001bce8  ti_sysbios_gates_GateHwi_Module__root__V                             
2001bcf0  ti_sysbios_gates_GateMutex_Module__root__V                           
2001bcf8  ti_sysbios_hal_Timer_Object__table__V                                
2001bd00  ti_sysbios_heaps_HeapMem_Module__root__V                             
2001bd08  ti_sysbios_knl_Clock_Module__root__V                                 
2001bd10  ti_sysbios_knl_Queue_Module__root__V                                 
2001bd18  ti_sysbios_knl_Semaphore_Module__root__V                             
2001bd20  ti_sysbios_knl_Swi_Module__root__V                                   
2001bd28  ti_sysbios_knl_Task_Module__root__V                                  
2001bd30  xdc_runtime_Registry_Module__state__V                                
2001bd38  xdc_runtime_Startup_Module__state__V                                 
2001bd40  xdc_runtime_System_Module_State_0_atexitHandlers__A                  
2001bd48  xdc_runtime_System_Module__state__V                                  
2001bd50  macAddress                                                           
2001bd74  errno                                                                
2001bd78  main_func_sp                                                         
2001bd84  _IPReasmPtr                                                          
2001bd94  ti_sysbios_family_arm_m3_Hwi_Module_State_0_excContext__A            
2001bd98  ti_sysbios_family_arm_m3_Hwi_Module_State_0_excStack__A              
2001bd9c  ti_sysbios_gates_GateHwi_Object__table__V                            
2001bda0  ti_sysbios_knl_Task_Module_State_0_idleTask__A                       
2001bda4  xdc_runtime_Memory_Module__state__V                                  
2001bda8  __stack                                                              
2001c5a8  __STACK_END                                                          
e000e000  ti_sysbios_family_arm_m3_Hwi_nvic                                    
ffffffff  __TI_pprof_out_hndl                                                  
ffffffff  __TI_prof_data_size                                                  
ffffffff  __TI_prof_data_start                                                 
ffffffff  __binit__                                                            
ffffffff  __c_args__                                                           
ffffffff  binit                                                                
UNDEFED   SHT$$INIT_ARRAY$$Base                                                
UNDEFED   SHT$$INIT_ARRAY$$Limit                                               

[1119 symbols]
