******************************************************************************
                  TI ARM Linker PC v20.2.1                     
******************************************************************************
>> Linked Sat Jan 16 20:29:44 2021

OUTPUT FILE NAME:   <tcp_client_v4.out>
ENTRY POINT SYMBOL: "_c_int00"  address: 0000f3fd


MEMORY CONFIGURATION

         name            origin    length      used     unused   attr    fill
----------------------  --------  ---------  --------  --------  ----  --------
  FLASH                 00000000   00100000  0001675c  000e98a4  R  X
  SRAM                  20000000   00040000  0001c4a4  00023b5c  RW X


SEGMENT ALLOCATION MAP

run origin  load origin   length   init length attrs members
----------  ----------- ---------- ----------- ----- -------
00000000    00000000    00016768   00016768    r-x
  00000000    00000000    0000003c   0000003c    r-- .resetVecs
  00000040    00000040    00013daa   00013daa    r-x .text
  00013dec    00013dec    000024ee   000024ee    r-- .const
  000162e0    000162e0    00000488   00000488    r-- .cinit
20000000    20000000    00000360   00000000    rw-
  20000000    20000000    00000360   00000000    rw- .vecs
20000380    20000380    0001c148   00000000    rw-
  20000380    20000380    0001adf4   00000000    rw- .bss
  2001b174    2001b174    00000b50   00000000    rw- .data
  2001bcc8    2001bcc8    00000800   00000000    rw- .stack


SECTION ALLOCATION MAP

 output                                  attributes/
section   page    origin      length       input sections
--------  ----  ----------  ----------   ----------------
.text      0    00000040    00013daa     
                  00000040    00000c68     stk.aem4f : tcpin.oem4f (.text:TcpInput)
                  00000ca8    00000a4e     rtsv7M4_T_le_v4SPD16_eabi.lib : _printfi.c.obj (.text:__TI_printfi)
                  000016f6    00000002     hal_userled_stub.aem4f : llled.oem4f (.text:LED_TOGGLE)
                  000016f8    000008b8     stk.aem4f : tcpout.oem4f (.text:TcpOutput)
                  00001fb0    00000430     sysbios.aem4f : BIOS.obj (.text:ti_sysbios_family_arm_m3_Hwi_excDumpRegs__I)
                  000023e0    00000408     stk.aem4f : ipout.oem4f (.text:IPTxPacket)
                  000027e8    00000400     httpget.obj (.text:serverSocketTask)
                  00002be8    00000384     stk.aem4f : ipin.oem4f (.text:IPRxPacket)
                  00002f6c    0000034c     ti.targets.arm.rtsarm.aem4f : System.oem4f (.text:xdc_runtime_System_doPrint__I)
                  000032b8    00000284     stk.aem4f : sock.oem4f (.text:SockSet)
                  0000353c    00000270     rtsv7M4_T_le_v4SPD16_eabi.lib : _printfi.c.obj (.text:_pconv_a)
                  000037ac    0000024c     stk.aem4f : ipfrag.oem4f (.text:IPReasm)
                  000039f8    0000023c               : icmpin.oem4f (.text:ICMPInput)
                  00003c34    00000238               : udp.oem4f (.text:UdpInput)
                  00003e6c    00000204     Boot.aem4f : Boot_sysctl.oem4f (.text:ti_catalog_arm_cortexm4_tiva_ce_Boot_sysCtlClockFreqSetI__I)
                  00004070    000001f4     stk.aem4f : sock.oem4f (.text:SockRecv)
                  00004264    00000004               : bind.oem4f (.text:BindGetIF)
                  00004268    000001f4     sysbios.aem4f : BIOS.obj (.text:ti_sysbios_family_arm_m3_Hwi_excHandlerMax__I)
                  0000445c    000001d0     rtsv7M4_T_le_v4SPD16_eabi.lib : _printfi.c.obj (.text:_pconv_g)
                  0000462c    000001b8     drivers_tivaware.aem4f : EMACSnow.oem4f (.text:EMACSnow_NIMUInit)
                  000047e4    000001b6     rtsv7M4_T_le_v4SPD16_eabi.lib : fd_add_t2.asm.obj (.text)
                  0000499a    00000002     stk.aem4f : nat.oem4f (.text:NatMsg)
                  0000499c    000001b0               : lliout.oem4f (.text:LLITxIpPacket)
                  00004b4c    000001ac               : lliin.oem4f (.text:LLIRxPacket)
                  00004cf8    0000019c     os.aem4f : mem.oem4f (.text:mmAlloc)
                  00004e94    00000198     stk.aem4f : igmp.oem4f (.text:IGMPInput)
                  0000502c    00000190               : sock.oem4f (.text:SockNew)
                  000051bc    0000017c     httpget.obj (.text:task1Function)
                  00005338    00000174     netctrl_min_ipv4.aem4f : netctrl.oem4f (.text:NC_NetStart)
                  000054ac    00000004     stk.aem4f : bind.oem4f (.text:BindGetNext)
                  000054b0    00000174     sysbios.aem4f : BIOS.obj (.text:ti_sysbios_family_arm_m3_Hwi_excBusFault__I)
                  00005624    00000170     stk.aem4f : rtc.oem4f (.text:RTCReport)
                  00005794    00000004     os.aem4f : ossys.oem4f (.text:NDK_vsprintf)
                  00005798    0000016c     sysbios.aem4f : BIOS.obj (.text:ti_sysbios_knl_Event_pend__E)
                  00005904    0000016a     stk.aem4f : sb.oem4f (.text:SBRead)
                  00005a6e    00000002     os.aem4f : task.oem4f (.text:_TaskInit)
                  00005a70    00000164     sysbios.aem4f : BIOS.obj (.text:ti_sysbios_family_arm_m3_Hwi_excUsageFault__I)
                  00005bd4    00000160     stk.aem4f : sock.oem4f (.text:SockConnect)
                  00005d34    00000158     nettool_ipv4.aem4f : dhcpmain.oem4f (.text:DHCPOpen)
                  00005e8c    00000004     stk.aem4f : node.oem4f (.text:NodeSetRt)
                  00005e90    00000154     sysbios.aem4f : BIOS.obj (.text:ti_sysbios_knl_Semaphore_pend__E)
                  00005fe4    00000150     drivers_tivaware.aem4f : GPIOTiva.oem4f (.text:GPIO_setConfig)
                  00006134    00000004     stk.aem4f : rawethsock_prot.oem4f (.text:RawEthSockPrAttach)
                  00006138    00000150     sysbios.aem4f : BIOS.obj (.text:ti_sysbios_knl_Task_Instance_finalize__E)
                  00006288    00000148                   : BIOS.obj (.text:ti_sysbios_family_arm_m3_Hwi_excMemFault__I)
                  000063d0    00000144     stk.aem4f : bind.oem4f (.text:BindNew)
                  00006514    00000140               : tcp.oem4f (.text:TcpTimeoutCheck)
                  00006654    0000013c     nettool_ipv4.aem4f : config.oem4f (.text:CfgAddEntry)
                  00006790    0000013c     stk.aem4f : sockint.oem4f (.text:SockNotify)
                  000068cc    0000013c               : sock.oem4f (.text:SockSend)
                  00006a08    0000013c     rtsv7M4_T_le_v4SPD16_eabi.lib : _printfi.c.obj (.text:_pconv_e)
                  00006b44    00000136                                   : fd_div_t2.asm.obj (.text)
                  00006c7a    00000002     os.aem4f : task.oem4f (.text:_TaskShutdown)
                  00006c7c    00000134     stk.aem4f : icmp.oem4f (.text:ICMPGenPacket)
                  00006db0    00000130     driverlib.lib : gpio.obj (.text:GPIOPadConfigSet)
                  00006ee0    0000012c     EK_TM4C1294XL.obj (.text:EK_TM4C1294XL_initEMAC)
                  0000700c    00000124     stk.aem4f : sockpcb.oem4f (.text:SockPcbResolve)
                  00007130    00000124               : udp.oem4f (.text:UdpOutput)
                  00007254    00000124     rtsv7M4_T_le_v4SPD16_eabi.lib : _printfi.c.obj (.text:fcvt)
                  00007378    00000120     httpget_pem4f.oem4f (.text:ti_ndk_config_Global_stackThread)
                  00007498    00000118     stk.aem4f : tcpout.oem4f (.text:TcpGenPacket)
                  000075b0    00000118     ti.targets.arm.rtsarm.aem4f : Error.oem4f (.text:xdc_runtime_Error_policyDefault__E)
                  000076c8    00000114     stk.aem4f : nimu.oem4f (.text:NIMUIoctl)
                  000077dc    00000114     rtsv7M4_T_le_v4SPD16_eabi.lib : fputs.c.obj (.text:fputs)
                  000078f0    00000110     stk.aem4f : node.oem4f (.text:NodeTreeFree)
                  00007a00    00000110               : raw.oem4f (.text:RawInput)
                  00007b10    00000110     rtsv7M4_T_le_v4SPD16_eabi.lib : s_scalbn.c.obj (.text:scalbn)
                  00007c20    0000010c     stk.aem4f : rtable.oem4f (.text:RtFind)
                  00007d2c    0000010a               : route.oem4f (.text:RtCreate)
                  00007e36    00000002     hal_ser_stub.aem4f : llserstb.oem4f (.text:_llSerialServiceCheck)
                  00007e38    00000108     drivers_tivaware.aem4f : EMACSnow.oem4f (.text:EMACSnow_emacStart)
                  00007f40    00000108     sysbios.aem4f : BIOS.obj (.text:ti_sysbios_family_arm_lm4_Timer_start__E)
                  00008048    00000104     os.aem4f : task.oem4f (.text:llEnter)
                  0000814c    00000102     nettool_ipv4.aem4f : dhcppkt.oem4f (.text:dhcpPacketProcess)
                  0000824e    00000002     hal_ser_stub.aem4f : llserstb.oem4f (.text:_llSerialShutdown)
                  00008250    00000100     stk.aem4f : igmp.oem4f (.text:IGMPSendReply)
                  00008350    00000100     ti.targets.arm.rtsarm.aem4f : Core-mem.oem4f (.text:xdc_runtime_Core_createObject__I)
                  00008450    000000fc     netctrl_min_ipv4.aem4f : netctrl.oem4f (.text:NetScheduler)
                  0000854c    000000fc     rtsv7M4_T_le_v4SPD16_eabi.lib : fd_mul_t2.asm.obj (.text)
                  00008648    000000f8     stk.aem4f : pipe.oem4f (.text:PipeRecv)
                  00008740    000000f8     ti.targets.arm.rtsarm.aem4f : Startup.oem4f (.text:xdc_runtime_Startup_startMods__I)
                  00008838    000000f8     httpget_pem4f.oem4f (.text:xdc_runtime_System_printfExtend__I)
                  00008930    000000f4     os.aem4f : task.oem4f (.text:TaskGetEnv)
                  00008a24    000000f4     sysbios.aem4f : m3_Hwi_asm.obj (.text:ti_sysbios_family_arm_m3_Hwi_dispatch__I)
                  00008b18    000000f4                   : BIOS.obj (.text:ti_sysbios_knl_Task_Instance_init__E)
                  00008c0c    000000f0     stk.aem4f : lliout.oem4f (.text:LLIGenArpPacket)
                  00008cfc    000000f0               : sock.oem4f (.text:SockClose)
                  00008dec    00000004               : rawethsock_prot.oem4f (.text:RawEthSockPrDetach)
                  00008df0    000000ec     sysbios.aem4f : BIOS.obj (.text:ti_sysbios_knl_Task_postInit__I)
                  00008edc    000000e8     os.aem4f : task.oem4f (.text:TaskSetEnv)
                  00008fc4    000000e0     stk.aem4f : tcptime.oem4f (.text:TcpTimeoutRexmt)
                  000090a4    000000dc               : sb.oem4f (.text:SBWrite)
                  00009180    000000dc     nettool_ipv4.aem4f : dhcpsock.oem4f (.text:dhcpSocketOpen)
                  0000925c    000000dc                        : dhcpsm.oem4f (.text:dhcpState)
                  00009338    000000dc     rtsv7M4_T_le_v4SPD16_eabi.lib : setvbuf.c.obj (.text:setvbuf)
                  00009414    00000004     os.aem4f : semaphore.oem4f (.text:SemPend)
                  00009418    000000dc     sysbios.aem4f : BIOS.obj (.text:ti_sysbios_knl_Task_sleep__E)
                  000094f4    000000d8     stk.aem4f : node.oem4f (.text:NodeAdd)
                  000095cc    000000d8               : tcpprot.oem4f (.text:TcpPrSetOption)
                  000096a4    000000d8     httpget.obj (.text:main)
                  0000977c    000000d4     drivers_tivaware.aem4f : EMACSnow.oem4f (.text:EMACSnow_handleRx)
                  00009850    000000d4     stk.aem4f : sockpcb.oem4f (.text:SockPcbBind)
                  00009924    00000004     os.aem4f : semaphore.oem4f (.text:SemPost)
                  00009928    000000d4     sysbios.aem4f : BIOS.obj (.text:ti_sysbios_heaps_HeapMem_alloc__E)
                  000099fc    000000d1     stk.aem4f : nimu.oem4f (.text:NIMUReceivePacket)
                  00009acd    00000001     --HOLE-- [fill = 0]
                  00009ace    00000002     hal_userled_stub.aem4f : llled.oem4f (.text:_llUserLedInit)
                  00009ad0    000000cc     stk.aem4f : icmp.oem4f (.text:ICMPSendRtAdv)
                  00009b9c    000000cc     nettool_ipv4.aem4f : dhcpbild.oem4f (.text:dhcpBuildHeader)
                  00009c68    000000cc                        : dhcpsm.oem4f (.text:dhcpIPAdd)
                  00009d34    000000cc                        : dhcppkt.oem4f (.text:dhcpVerifyMessage)
                  00009e00    000000cc     httpget.obj (.text:placement)
                  00009ecc    000000cc     ti.targets.arm.rtsarm.aem4f : Core-smem.oem4f (.text:xdc_runtime_Core_constructObject__I)
                  00009f98    000000c8     stk.aem4f : rawethsock.oem4f (.text:RawEthSockNew)
                  0000a060    000000c8     netctrl_min_ipv4.aem4f : netsrv.oem4f (.text:SPIpNet)
                  0000a128    000000c4     drivers_tivaware.aem4f : EMACSnow.oem4f (.text:EMACSnow_InitDMADescriptors)
                  0000a1ec    000000c4     stk.aem4f : igmp.oem4f (.text:IGMPJoinHostGroup)
                  0000a2b0    000000c4     nettool_ipv4.aem4f : dhcpsm.oem4f (.text:StateBound)
                  0000a374    000000bc     stk.aem4f : sockpcb.oem4f (.text:SockPcbFind)
                  0000a430    000000bc               : vlan.oem4f (.text:VLANDeinit)
                  0000a4ec    00000004     os.aem4f : semaphore.oem4f (.text:SemReset)
                  0000a4f0    000000bc     sysbios.aem4f : BIOS.obj (.text:ti_sysbios_family_arm_m3_Hwi_excDebugMon__I)
                  0000a5ac    00000004     os.aem4f : task.oem4f (.text:TaskSelf)
                  0000a5b0    000000bc     sysbios.aem4f : BIOS.obj (.text:ti_sysbios_family_arm_m3_Hwi_excHardFault__I)
                  0000a66c    00000004     os.aem4f : task.oem4f (.text:TaskSetPri)
                  0000a670    000000bc     sysbios.aem4f : BIOS.obj (.text:ti_sysbios_knl_Task_exit__E)
                  0000a72c    000000b8     EK_TM4C1294XL.obj (.text:EK_TM4C1294XL_initGeneral)
                  0000a7e4    000000b8     stk.aem4f : icmpin.oem4f (.text:ICMPRevSrcRoute)
                  0000a89c    000000b8               : lli.oem4f (.text:_LLITimeoutCheck)
                  0000a954    000000b4               : tcptime.oem4f (.text:TcpTimeoutKeep)
                  0000aa08    000000b4     sysbios.aem4f : BIOS.obj (.text:ti_sysbios_knl_Task_checkStacks__E)
                  0000aabc    000000b1     rtsv7M4_T_le_v4SPD16_eabi.lib : _printfi.c.obj (.text:_ltostr)
                  0000ab6d    00000001     --HOLE-- [fill = 0]
                  0000ab6e    000000b0     stk.aem4f : rawethsock.oem4f (.text:RawEthSockSet)
                  0000ac1e    00000002     hal_userled_stub.aem4f : llled.oem4f (.text:_llUserLedShutdown)
                  0000ac20    000000ac     stk.aem4f : rtable.oem4f (.text:RtTimeoutCheck)
                  0000accc    00000004     hal_ser_stub.aem4f : llserstb.oem4f (.text:_llSerialInit)
                  0000acd0    000000ac     sysbios.aem4f : BIOS.obj (.text:ti_sysbios_family_arm_lm4_Timer_enableTiva__I)
                  0000ad7c    000000a8     stk.aem4f : sockint.oem4f (.text:SockCreatePacket)
                  0000ae24    00000004     rtsv7M4_T_le_v4SPD16_eabi.lib : printf.c.obj (.text:_outc)
                  0000ae28    000000a4     sysbios.aem4f : BIOS.obj (.text:ti_sysbios_knl_Task_setPri__E)
                  0000aecc    000000a0     stk.aem4f : ip.oem4f (.text:IPGetRoute)
                  0000af6c    000000a0     auto_init.aem4f : auto_init.oem4f (.text)
                  0000b00c    000000a0     ti.targets.arm.rtsarm.aem4f : Text.oem4f (.text:xdc_runtime_Text_putMod__E)
                  0000b0ac    0000009e     stk.aem4f : nimu.oem4f (.text:NIMUAddEthernetHeader)
                  0000b14a    0000009e     nettool_ipv4.aem4f : dhcpbild.oem4f (.text:dhcpBuildRequest)
                  0000b1e8    0000009c     stk.aem4f : exec.oem4f (.text:ExecOpen)
                  0000b284    0000009c     rtsv7M4_T_le_v4SPD16_eabi.lib : memcpy_t2.asm.obj (.text)
                  0000b320    0000009a     ti.targets.arm.rtsarm.aem4f : Text.oem4f (.text:xdc_runtime_Text_putSite__E)
                  0000b3ba    00000002     rtsv7M4_T_le_v4SPD16_eabi.lib : _lock.c.obj (.text:_nop)
                  0000b3bc    00000098     netctrl_min_ipv4.aem4f : netctrl.oem4f (.text:NC_SystemOpen)
                  0000b454    00000098                            : netsrv.oem4f (.text:ServiceScan)
                  0000b4ec    00000098     Boot.aem4f : Boot.oem4f (.text:ti_catalog_arm_cortexm4_tiva_ce_Boot_sysCtlClockFreqSet__E)
                  0000b584    00000004     rtsv7M4_T_le_v4SPD16_eabi.lib : printf.c.obj (.text:_outs)
                  0000b588    00000098     sysbios.aem4f : BIOS.obj (.text:ti_sysbios_knl_Task_schedule__I)
                  0000b620    00000096     rtsv7M4_T_le_v4SPD16_eabi.lib : ull_div_t2.asm.obj (.text)
                  0000b6b6    00000002     hal_ser_stub.aem4f : llserstb.oem4f (.text:llSerialService)
                  0000b6b8    00000094     nettool_ipv4.aem4f : config.oem4f (.text:CfgRemoveEntry)
                  0000b74c    00000004     rtsv7M4_T_le_v4SPD16_eabi.lib : exit.c.obj (.text:abort:abort)
                  0000b750    00000094     sysbios.aem4f : BIOS.obj (.text:ti_sysbios_family_arm_m3_Hwi_Instance_init__E)
                  0000b7e4    00000004     stk.aem4f : listlib.oem4f (.text:list_get_head)
                  0000b7e8    00000094     sysbios.aem4f : BIOS.obj (.text:ti_sysbios_family_arm_m3_Hwi_initNVIC__E)
                  0000b87c    00000090     nettool_ipv4.aem4f : config.oem4f (.text:CfgExecute)
                  0000b90c    00000090     stk.aem4f : igmp.oem4f (.text:IGMPMsg)
                  0000b99c    00000090     os.aem4f : mem.oem4f (.text:mmBulkAlloc)
                  0000ba2c    00000090     httpget.obj (.text:netIPAddrHook)
                  0000babc    00000004     stk.aem4f : listlib.oem4f (.text:list_get_next)
                  0000bac0    00000090     sysbios.aem4f : BIOS.obj (.text:ti_sysbios_knl_Task_Module_startup__E)
                  0000bb50    00000090                   : BIOS.obj (.text:ti_sysbios_knl_Task_startCore__E)
                  0000bbe0    0000008c     drivers_tivaware.aem4f : GPIOTiva.oem4f (.text:GPIO_init)
                  0000bc6c    0000008c     stk.aem4f : ip.oem4f (.text:IPMsg)
                  0000bcf8    0000008c     os.aem4f : mem.oem4f (.text:_mmInit)
                  0000bd84    0000008c     rtsv7M4_T_le_v4SPD16_eabi.lib : fputc.c.obj (.text:fputc)
                  0000be10    0000008c     os.aem4f : mem.oem4f (.text:mmInitPage)
                  0000be9c    0000008c     sysbios.aem4f : m3_TaskSupport_asm.obj (.text:ti_sysbios_family_arm_m3_TaskSupport_buildTaskStack)
                  0000bf28    0000008c                   : BIOS.obj (.text:ti_sysbios_knl_Event_post__E)
                  0000bfb4    0000008a     netctrl_min_ipv4.aem4f : netsrv.oem4f (.text:SPRoute)
                  0000c03e    00000002     rtsv7M4_T_le_v4SPD16_eabi.lib : div0.asm.obj (.text)
                  0000c040    00000088     netctrl_min_ipv4.aem4f : netsrv.oem4f (.text:ServiceSpawn)
                  0000c0c8    00000088     stk.aem4f : sockpcb.oem4f (.text:SockPcbCtlError)
                  0000c150    00000088     sysbios.aem4f : BIOS.obj (.text:ti_sysbios_knl_Mailbox_post__E)
                  0000c1d8    00000087     httpget_pem4f.oem4f (.text:ti_ndk_config_Global_NetworkIPAddr)
                  0000c25f    00000001     --HOLE-- [fill = 0]
                  0000c260    00000086     nettool_ipv4.aem4f : dhcpsm.oem4f (.text:StateRequesting)
                  0000c2e6    00000086     rtsv7M4_T_le_v4SPD16_eabi.lib : fd_cmp_t2.asm.obj (.text:__aeabi_cdcmple)
                  0000c36c    00000086                                   : fd_cmp_t2.asm.obj (.text:__aeabi_cdrcmple)
                  0000c3f2    00000002     httpget_pem4f.oem4f (.text:ti_ndk_config_Global_NetworkClose)
                  0000c3f4    00000084     nettool_ipv4.aem4f : config.oem4f (.text:CfgGetEntry)
                  0000c478    00000084     drivers_tivaware.aem4f : EMACSnow.oem4f (.text:EMACSnow_processPhyInterrupt)
                  0000c4fc    00000084     stk.aem4f : tcpprot.oem4f (.text:TcpPrAttach)
                  0000c580    00000084     os.aem4f : mem.oem4f (.text:mmBulkFree)
                  0000c604    00000084              : mem.oem4f (.text:mmFree)
                  0000c688    00000084     sysbios.aem4f : BIOS.obj (.text:ti_sysbios_family_arm_m3_Hwi_postInit__I)
                  0000c70c    00000082     nettool_ipv4.aem4f : dhcpsm.oem4f (.text:StateRenewRebind)
                  0000c78e    00000002     httpget_pem4f.oem4f (.text:ti_ndk_config_Global_NetworkOpen)
                  0000c790    00000080     drivers_tivaware.aem4f : EMACSnow.oem4f (.text:EMACSnow_emacStop)
                  0000c810    00000080                            : EMACSnow.oem4f (.text:EMACSnow_processPendingTx)
                  0000c890    00000080     stk.aem4f : lli.oem4f (.text:LLINew)
                  0000c910    00000080     netctrl_min_ipv4.aem4f : netsrv.oem4f (.text:NS_BootTask)
                  0000c990    00000080     stk.aem4f : pbm.oem4f (.text:PBM_alloc)
                  0000ca10    00000080               : raw.oem4f (.text:RawOutput)
                  0000ca90    0000007e               : fileuser.oem4f (.text:fdClose)
                  0000cb0e    00000002     httpget_pem4f.oem4f (.text:ti_sysbios_BIOS_nullFunc__I)
                  0000cb10    0000007c     nettool_ipv4.aem4f : config.oem4f (.text:CfgGetNextEntry)
                  0000cb8c    0000007c     drivers_tivaware.aem4f : EMACSnow.oem4f (.text:EMACSnow_hwiIntFxn)
                  0000cc08    0000007c     stk.aem4f : igmp.oem4f (.text:IGMPDoMCast)
                  0000cc84    0000007c               : igmp.oem4f (.text:IGMPJoin)
                  0000cd00    0000007c               : socket.oem4f (.text:NDK_setsockopt)
                  0000cd7c    0000007c               : nimu.oem4f (.text:NIMURegister)
                  0000cdf8    0000007c               : pbm.oem4f (.text:PBM_free)
                  0000ce74    00000004     httpget_pem4f.oem4f (.text:ti_sysbios_BIOS_RtsGateProxy_enter__E)
                  0000ce78    0000007c     sysbios.aem4f : BIOS.obj (.text:ti_sysbios_heaps_HeapMem_free__E)
                  0000cef4    0000007a     stk.aem4f : sock.oem4f (.text:SockAccept)
                  0000cf6e    0000007a     rtsv7M4_T_le_v4SPD16_eabi.lib : memset_t2.asm.obj (.text)
                  0000cfe8    00000078     driverlib.lib : emac.obj (.text:EMACInit)
                  0000d060    00000078     stk.aem4f : socket.oem4f (.text:NDK_sendto)
                  0000d0d8    00000078               : tcptime.oem4f (.text:TcpXmitTimer)
                  0000d150    00000078               : fileuser.oem4f (.text:fdOpenSession)
                  0000d1c8    00000078     os.aem4f : task.oem4f (.text:llExit)
                  0000d240    00000076     stk.aem4f : pipe.oem4f (.text:PipeSend)
                  0000d2b6    00000002     httpget_pem4f.oem4f (.text:xdc_runtime_Startup_reset__I)
                  0000d2b8    00000075     stk.aem4f : tcptime.oem4f (.text:TcpTimeoutSackRexmt)
                  0000d32d    00000003     --HOLE-- [fill = 0]
                  0000d330    00000074               : igmp.oem4f (.text:IGMPLeaveHostGroup)
                  0000d3a4    00000074               : nimu.oem4f (.text:NIMUShutdown)
                  0000d418    00000074               : raweth.oem4f (.text:RawEthRxPacket)
                  0000d48c    00000074               : sockpcb.oem4f (.text:SockPcbConnect)
                  0000d500    00000074     rtsv7M4_T_le_v4SPD16_eabi.lib : fclose.c.obj (.text:__TI_closefile)
                  0000d574    00000004     httpget_pem4f.oem4f (.text:ti_sysbios_BIOS_RtsGateProxy_leave__E)
                  0000d578    00000074     sysbios.aem4f : BIOS.obj (.text:ti_sysbios_knl_Mailbox_pend__E)
                  0000d5ec    00000072     os.aem4f : semaphore.oem4f (.text:SemCreateBinary)
                  0000d65e    00000070     stk.aem4f : socket.oem4f (.text:NDK_accept)
                  0000d6ce    00000070               : socket.oem4f (.text:NDK_send)
                  0000d73e    00000002     --HOLE-- [fill = 0]
                  0000d740    00000070               : rtable.oem4f (.text:RtFlush)
                  0000d7b0    00000070     netctrl_min_ipv4.aem4f : netsrv.oem4f (.text:SPConfig)
                  0000d820    00000070     stk.aem4f : sock.oem4f (.text:SockShutdown)
                  0000d890    00000070     nettool_ipv4.aem4f : dhcptags.oem4f (.text:dhcpDecodeType)
                  0000d900    00000070     sysbios.aem4f : BIOS.obj (.text:ti_sysbios_knl_Clock_workFunc__E)
                  0000d970    0000006e     stk.aem4f : socket.oem4f (.text:NDK_recv)
                  0000d9de    00000002     --HOLE-- [fill = 0]
                  0000d9e0    0000006e               : rtable.oem4f (.text:RtWalkNext)
                  0000da4e    0000006e               : sockpcb.oem4f (.text:SockPcbFindRaw)
                  0000dabc    0000006e     rtsv7M4_T_le_v4SPD16_eabi.lib : _printfi.c.obj (.text:_mcpy)
                  0000db2a    00000002     --HOLE-- [fill = 0]
                  0000db2c    0000006d     stk.aem4f : node.oem4f (.text:NodeNew)
                  0000db99    00000003     --HOLE-- [fill = 0]
                  0000db9c    0000006d     ti.targets.arm.rtsarm.aem4f : System.oem4f (.text:xdc_runtime_System_formatNum__I)
                  0000dc09    00000003     --HOLE-- [fill = 0]
                  0000dc0c    0000006c     os.aem4f : ossys.oem4f (.text:DbgPrintf)
                  0000dc78    0000006c     rtsv7M4_T_le_v4SPD16_eabi.lib : hostrename.c.obj (.text:HOSTrename)
                  0000dce4    0000006c     stk.aem4f : node.oem4f (.text:NodeTreeNew)
                  0000dd50    0000006c               : raweth.oem4f (.text:RawEthTxPacket)
                  0000ddbc    0000006c               : udp.oem4f (.text:UdpChecksum)
                  0000de28    0000006c     httpget_pem4f.oem4f (.text:ti_ndk_config_ip_init)
                  0000de94    00000004     sysbios.aem4f : BIOS.obj (.text:ti_sysbios_family_arm_lm4_Timer_masterEnable__I)
                  0000de98    0000006c                   : BIOS.obj (.text:ti_sysbios_knl_Swi_restoreHwi__E)
                  0000df04    0000006c     ti.targets.arm.rtsarm.aem4f : Error.oem4f (.text:xdc_runtime_Error_print__E)
                  0000df70    0000006c                                 : Memory.oem4f (.text:xdc_runtime_Memory_alloc__E)
                  0000dfdc    0000006a     stk.aem4f : tcpprot.oem4f (.text:TcpPrInherit)
                  0000e046    00000002     --HOLE-- [fill = 0]
                  0000e048    00000068     rtsv7M4_T_le_v4SPD16_eabi.lib : hostlseek.c.obj (.text:HOSTlseek)
                  0000e0b0    00000068     stk.aem4f : socket.oem4f (.text:NDK_socket)
                  0000e118    00000068               : pbm.oem4f (.text:PBM_open)
                  0000e180    00000068               : sock.oem4f (.text:SockListen)
                  0000e1e8    00000068               : rtable.oem4f (.text:_RtNodeInsert)
                  0000e250    00000068     rtsv7M4_T_le_v4SPD16_eabi.lib : copy_decompress_lzss.c.obj (.text:decompress:lzss:__TI_decompress_lzss)
                  0000e2b8    00000068                                   : printf.c.obj (.text:printf)
                  0000e320    00000066     ti.targets.arm.rtsarm.aem4f : Core-mem.oem4f (.text:xdc_runtime_Core_deleteObject__I)
                  0000e386    00000002     --HOLE-- [fill = 0]
                  0000e388    00000064     nettool_ipv4.aem4f : config.oem4f (.text:CfgFree)
                  0000e3ec    00000064     drivers_tivaware.aem4f : GPIOTiva.oem4f (.text:GPIO_hwiIntFxn)
                  0000e450    00000064     stk.aem4f : pbm.oem4f (.text:PBMQ_enq)
                  0000e4b4    00000064               : sockint.oem4f (.text:SockSpawnAbort)
                  0000e518    00000064     rtsv7M4_T_le_v4SPD16_eabi.lib : s_frexp.c.obj (.text:frexp)
                  0000e57c    00000064                                   : fseek.c.obj (.text:fseek)
                  0000e5e0    00000064     hal_timer_bios.aem4f : lltimer.oem4f (.text:llTimerTick)
                  0000e644    00000064     httpget.obj (.text:task0Function)
                  0000e6a8    00000064     sysbios.aem4f : BIOS.obj (.text:ti_sysbios_family_arm_lm4_Timer_Module_startup__E)
                  0000e70c    00000064     httpget_pem4f.oem4f (.text:ti_sysbios_family_arm_m3_Hwi_create)
                  0000e770    00000064     sysbios.aem4f : BIOS.obj (.text:ti_sysbios_family_arm_m3_Hwi_dispatchC__I)
                  0000e7d4    00000004     httpget_pem4f.oem4f (.text:ti_sysbios_family_arm_m3_Hwi_delete)
                  0000e7d8    00000064     sysbios.aem4f : BIOS.obj (.text:ti_sysbios_knl_Semaphore_post__E)
                  0000e83c    00000064     stk.aem4f : lliin.oem4f (.text:updateRtTable)
                  0000e8a0    00000062               : ipin.oem4f (.text:IPRouteIP)
                  0000e902    00000002     --HOLE-- [fill = 0]
                  0000e904    00000062               : sb.oem4f (.text:SBNew)
                  0000e966    00000062     rtsv7M4_T_le_v4SPD16_eabi.lib : _io_perm.c.obj (.text:__TI_wrt_ok)
                  0000e9c8    00000060     nettool_ipv4.aem4f : config.oem4f (.text:CfgGetEntryCnt)
                  0000ea28    00000060     stk.aem4f : file.oem4f (.text:FdWaitEvent)
                  0000ea88    00000060     rtsv7M4_T_le_v4SPD16_eabi.lib : hostopen.c.obj (.text:HOSTopen)
                  0000eae8    00000060     stk.aem4f : nimu.oem4f (.text:NIMUUnregister)
                  0000eb48    00000060               : node.oem4f (.text:NodeFind)
                  0000eba8    00000060               : rtc.oem4f (.text:RTCMsg)
                  0000ec08    00000060               : tcp.oem4f (.text:TcpChecksum)
                  0000ec68    00000060     nettool_ipv4.aem4f : dhcptags.oem4f (.text:dhcpBuildOptions)
                  0000ecc8    00000060     httpget_pem4f.oem4f (.text:ti_ndk_config_Global_serviceReport)
                  0000ed28    0000005e     stk.aem4f : route.oem4f (.text:RtRemove)
                  0000ed86    0000005e     nettool_ipv4.aem4f : dhcpsm.oem4f (.text:StateSelecting)
                  0000ede4    0000005e     stk.aem4f : vlan.oem4f (.text:VLANReceivePacket)
                  0000ee42    00000002     --HOLE-- [fill = 0]
                  0000ee44    0000005c     nettool_ipv4.aem4f : config.oem4f (.text:CfgSetExecuteOrder)
                  0000eea0    0000005c     stk.aem4f : nimu.oem4f (.text:NIMUIoctlSpecialCmd)
                  0000eefc    0000005c     netctrl_min_ipv4.aem4f : netsrv.oem4f (.text:SPService)
                  0000ef58    0000005c     rtsv7M4_T_le_v4SPD16_eabi.lib : close.c.obj (.text:close)
                  0000efb4    0000005c     httpget_pem4f.oem4f (.text:ti_sysbios_knl_Swi_create)
                  0000f010    0000005c     sysbios.aem4f : BIOS.obj (.text:ti_sysbios_knl_Swi_run__I)
                  0000f06c    00000004     httpget_pem4f.oem4f (.text:ti_sysbios_family_arm_m3_TaskSupport_Module__startupDone__S)
                  0000f070    0000005c     sysbios.aem4f : BIOS.obj (.text:ti_sysbios_knl_Swi_schedule__I)
                  0000f0cc    0000005c     httpget_pem4f.oem4f (.text:ti_sysbios_knl_Task_create)
                  0000f128    0000005c     sysbios.aem4f : BIOS.obj (.text:ti_sysbios_knl_Task_unblockI__E)
                  0000f184    0000005b     ti.targets.arm.rtsarm.aem4f : Text.oem4f (.text:xdc_runtime_Text_putLab__E)
                  0000f1df    00000001     --HOLE-- [fill = 0]
                  0000f1e0    0000005a     stk.aem4f : route.oem4f (.text:RtRedirect)
                  0000f23a    0000005a               : tcpprot.oem4f (.text:TcpValidateMetrics)
                  0000f294    0000005a     nettool_ipv4.aem4f : dhcpbild.oem4f (.text:dhcpBuildDecline)
                  0000f2ee    0000005a     os.aem4f : mem.oem4f (.text:mmCopy)
                  0000f348    0000005a     httpget_pem4f.oem4f (.text:ti_ndk_config_tcp_init)
                  0000f3a2    00000002     --HOLE-- [fill = 0]
                  0000f3a4    00000058     stk.aem4f : bind.oem4f (.text:BindFree)
                  0000f3fc    00000058     boot.aem4f : boot.oem4f (.text)
                  0000f454    00000058     driverlib.lib : emac.obj (.text:EMACPHYConfigSet)
                  0000f4ac    00000058     rtsv7M4_T_le_v4SPD16_eabi.lib : hostread.c.obj (.text:HOSTread)
                  0000f504    00000058                                   : hostwrite.c.obj (.text:HOSTwrite)
                  0000f55c    00000058     stk.aem4f : igmp.oem4f (.text:IGMPTimer)
                  0000f5b4    00000058     os.aem4f : semaphore.oem4f (.text:SemCreate)
                  0000f60c    00000058     sysbios.aem4f : m3_Hwi_asm_switch.obj (.text:ti_sysbios_family_arm_m3_Hwi_initStacks__E)
                  0000f664    00000056     driverlib.lib : gpio.obj (.text:GPIOIntTypeSet)
                  0000f6ba    00000056     rtsv7M4_T_le_v4SPD16_eabi.lib : _printfi.c.obj (.text:_pconv_f)
                  0000f710    00000054     nettool_ipv4.aem4f : config.oem4f (.text:CfgEntryDeRef)
                  0000f764    00000054     stk.aem4f : igmp.oem4f (.text:IGMPLeave)
                  0000f7b8    00000054               : rawethsock_pcb.oem4f (.text:RawEthSockPcbAttach)
                  0000f80c    00000054               : sockpcb.oem4f (.text:SockCleanPcb)
                  0000f860    00000054               : tcptime.oem4f (.text:TcpTimeoutPersist)
                  0000f8b4    00000054     rtsv7M4_T_le_v4SPD16_eabi.lib : _ltoa.c.obj (.text:__TI_ltoa)
                  0000f908    00000054     sysbios.aem4f : BIOS.obj (.text:ti_sysbios_family_arm_lm4_Timer_initDevice__I)
                  0000f95c    00000004     httpget_pem4f.oem4f (.text:ti_sysbios_heaps_HeapMem_Module_GateProxy_enter__E)
                  0000f960    00000054     sysbios.aem4f : BIOS.obj (.text:ti_sysbios_knl_Swi_Instance_init__E)
                  0000f9b4    00000054     ti.targets.arm.rtsarm.aem4f : Assert.oem4f (.text:xdc_runtime_Assert_raise__I)
                  0000fa08    00000052     stk.aem4f : tcpprot.oem4f (.text:TcpPrDetach)
                  0000fa5a    00000052     rtsv7M4_T_le_v4SPD16_eabi.lib : _printfi.c.obj (.text:_ecpy)
                  0000faac    00000050     drivers_tivaware.aem4f : GPIOTiva.oem4f (.text:GPIO_setCallback)
                  0000fafc    00000050                            : GPIOTiva.oem4f (.text:GPIO_write)
                  0000fb4c    00000050     stk.aem4f : socket.oem4f (.text:NDK_bind)
                  0000fb9c    00000050               : route.oem4f (.text:RtNew)
                  0000fbec    00000050     driverlib.lib : sysctl.obj (.text:SysCtlPeripheralReset)
                  0000fc3c    00000050     Boot.aem4f : Boot_sysctl.oem4f (.text:_SysCtlFrequencyGet)
                  0000fc8c    00000004     httpget_pem4f.oem4f (.text:ti_sysbios_heaps_HeapMem_Module_GateProxy_leave__E)
                  0000fc90    00000050     sysbios.aem4f : BIOS.obj (.text:ti_sysbios_family_arm_m3_Hwi_Module_startup__E)
                  0000fce0    00000050                   : BIOS.obj (.text:ti_sysbios_knl_Clock_Instance_init__E)
                  0000fd30    00000050     ti.targets.arm.rtsarm.aem4f : Startup.oem4f (.text:xdc_runtime_Startup_exec__E)
                  0000fd80    00000050                                 : Text.oem4f (.text:xdc_runtime_Text_visitRope2__I)
                  0000fdd0    0000004e     stk.aem4f : node.oem4f (.text:NodeDeRef)
                  0000fe1e    0000004e     nettool_ipv4.aem4f : config.oem4f (.text:_CfgEntryScan)
                  0000fe6c    0000004c                        : ipaddr.oem4f (.text:NtAddNetwork)
                  0000feb8    0000004c     stk.aem4f : sockint.oem4f (.text:SockValidateRoute)
                  0000ff04    0000004c     rtsv7M4_T_le_v4SPD16_eabi.lib : fflush.c.obj (.text:__TI_doflush)
                  0000ff50    0000004c                                   : atoi.c.obj (.text:atoi)
                  0000ff9c    0000004c                                   : cpy_tbl.c.obj (.text:copy_in)
                  0000ffe8    0000004c     sysbios.aem4f : BIOS.obj (.text:ti_sysbios_heaps_HeapMem_getStats__E)
                  00010034    00000004     httpget_pem4f.oem4f (.text:ti_sysbios_knl_Clock_TimerProxy_getMaxTicks__E)
                  00010038    0000004c     sysbios.aem4f : BIOS.obj (.text:ti_sysbios_knl_Swi_runLoop__I)
                  00010084    00000004     httpget_pem4f.oem4f (.text:ti_sysbios_knl_Queue_destruct)
                  00010088    0000004c     sysbios.aem4f : BIOS.obj (.text:ti_sysbios_knl_Task_allBlockedFunction__I)
                  000100d4    0000004a     netctrl_min_ipv4.aem4f : netsrv.oem4f (.text:ServiceKill)
                  0001011e    0000004a     stk.aem4f : sock.oem4f (.text:SockDisconnect)
                  00010168    0000004a               : timer.oem4f (.text:TimerNew)
                  000101b2    00000048     nettool_ipv4.aem4f : config.oem4f (.text:CfgNew)
                  000101fa    00000002     --HOLE-- [fill = 0]
                  000101fc    00000048     driverlib.lib : gpio.obj (.text:GPIOPinConfigure)
                  00010244    00000048     stk.aem4f : lli.oem4f (.text:LLIMsg)
                  0001028c    00000048               : node.oem4f (.text:NodeWalk)
                  000102d4    00000048               : rawethsock_pcb.oem4f (.text:RawEthSockPcbDetach)
                  0001031c    00000048               : sockpcb.oem4f (.text:SockPcbResolveChain)
                  00010364    00000048               : tcpprot.oem4f (.text:TcpDrop)
                  000103ac    00000048               : lli.oem4f (.text:_LLIExpListInsert)
                  000103f4    00000048               : rtable.oem4f (.text:_RtExpListInsert)
                  0001043c    00000048     rtsv7M4_T_le_v4SPD16_eabi.lib : exit.c.obj (.text:exit)
                  00010484    00000048     stk.aem4f : file.oem4f (.text:fdint_lockfd)
                  000104cc    00000048     rtsv7M4_T_le_v4SPD16_eabi.lib : fd_toi_t2.asm.obj (.text)
                  00010514    00000004     httpget_pem4f.oem4f (.text:ti_sysbios_knl_Semaphore_delete)
                  00010518    00000048     sysbios.aem4f : BIOS.obj (.text:ti_sysbios_family_arm_lm4_Timer_enableTimers__I)
                  00010560    00000048                   : BIOS.obj (.text:ti_sysbios_family_arm_m3_Hwi_disableInterrupt__E)
                  000105a8    00000048                   : BIOS.obj (.text:ti_sysbios_family_arm_m3_Hwi_enableInterrupt__E)
                  000105f0    00000048                   : BIOS.obj (.text:ti_sysbios_family_arm_m3_Hwi_excReserved__I)
                  00010638    00000048                   : BIOS.obj (.text:ti_sysbios_knl_Mailbox_Module_startup__E)
                  00010680    00000048                   : BIOS.obj (.text:ti_sysbios_knl_Task_deleteTerminatedTasksFunc__I)
                  000106c8    00000046     nettool_ipv4.aem4f : ipaddr.oem4f (.text:NtIfIdx2Ip)
                  0001070e    00000046     stk.aem4f : rawethsock.oem4f (.text:RawEthSockSend)
                  00010754    00000046               : tcpprot.oem4f (.text:TcpPrCtlError)
                  0001079a    00000046     os.aem4f : mem.oem4f (.text:mmZeroInit)
                  000107e0    00000046     ti.targets.arm.rtsarm.aem4f : Core-params.oem4f (.text:xdc_runtime_Core_assignParams__I)
                  00010826    00000002     --HOLE-- [fill = 0]
                  00010828    00000044     drivers_tivaware.aem4f : EMACSnow.oem4f (.text:EMACSnow_processTransmitted)
                  0001086c    00000044     rtsv7M4_T_le_v4SPD16_eabi.lib : hostclose.c.obj (.text:HOSTclose)
                  000108b0    00000044                                   : hostunlink.c.obj (.text:HOSTunlink)
                  000108f4    00000044     stk.aem4f : icmp.oem4f (.text:ICMPChecksum)
                  00010938    00000044               : ipfrag.oem4f (.text:IPReasmFree)
                  0001097c    00000044               : lli.oem4f (.text:LLIGetValidTime)
                  000109c0    00000044               : rtable.oem4f (.text:RouteMsg)
                  00010a04    00000044               : rtable.oem4f (.text:RtWalkEnd)
                  00010a48    00000044               : sockpcb.oem4f (.text:SockPcbDetach)
                  00010a8c    00000044               : timer.oem4f (.text:TimerListInsert)
                  00010ad0    00000044     rtsv7M4_T_le_v4SPD16_eabi.lib : getdevice.c.obj (.text:getdevice)
                  00010b14    00000044     hal_timer_bios.aem4f : lltimer.oem4f (.text:llTimerGetTime)
                  00010b58    00000044     sysbios.aem4f : BIOS.obj (.text:ti_sysbios_family_arm_lm4_Timer_isrStub__E)
                  00010b9c    00000004     httpget_pem4f.oem4f (.text:ti_sysbios_knl_Semaphore_destruct)
                  00010ba0    00000044     sysbios.aem4f : BIOS.obj (.text:ti_sysbios_family_arm_m3_Hwi_getStackInfo__E)
                  00010be4    00000004     httpget_pem4f.oem4f (.text:ti_sysbios_knl_Swi_delete)
                  00010be8    00000044     sysbios.aem4f : BIOS.obj (.text:ti_sysbios_knl_Mailbox_postInit__I)
                  00010c2c    00000004     httpget_pem4f.oem4f (.text:ti_sysbios_knl_Task_delete)
                  00010c30    00000044     sysbios.aem4f : BIOS.obj (.text:ti_sysbios_knl_Swi_post__E)
                  00010c74    00000044     ti.targets.arm.rtsarm.aem4f : Error.oem4f (.text:xdc_runtime_Error_setX__E)
                  00010cb8    00000044                                 : SysMin.oem4f (.text:xdc_runtime_SysMin_flush__E)
                  00010cfc    00000044                                 : Text.oem4f (.text:xdc_runtime_Text_xprintf__I)
                  00010d40    00000042     stk.aem4f : socket.oem4f (.text:NDK_listen)
                  00010d82    00000042               : tcpprot.oem4f (.text:TcpPrSendOOB)
                  00010dc4    00000042               : fileuser.oem4f (.text:fdCloseSession)
                  00010e06    00000002     --HOLE-- [fill = 0]
                  00010e08    00000040               : lliin.oem4f (.text:LLIValidateRoute)
                  00010e48    00000040               : pbm.oem4f (.text:PBM_copy)
                  00010e88    00000040               : sockpcb.oem4f (.text:SockPcbRtChange)
                  00010ec8    00000040               : tcpprot.oem4f (.text:TcpPrSend)
                  00010f08    00000040     rtsv7M4_T_le_v4SPD16_eabi.lib : u_divt2.asm.obj (.text)
                  00010f48    00000040                                   : strtok.c.obj (.text:strtok)
                  00010f88    00000040     sysbios.aem4f : BIOS.obj (.text:ti_sysbios_family_arm_lm4_Timer_startup__E)
                  00010fc8    00000040                   : BIOS.obj (.text:ti_sysbios_heaps_HeapMem_Instance_init__E)
                  00011008    0000003e     nettool_ipv4.aem4f : dhcpmain.oem4f (.text:DHCPClose)
                  00011046    00000002     --HOLE-- [fill = 0]
                  00011048    0000003e     stk.aem4f : nimu.oem4f (.text:NIMUAllocateName)
                  00011086    0000003e     os.aem4f : task.oem4f (.text:TaskCreate)
                  000110c4    0000003e     stk.aem4f : tcpprot.oem4f (.text:TcpPrDisconnect)
                  00011102    0000003e     rtsv7M4_T_le_v4SPD16_eabi.lib : _printfi.c.obj (.text:_fcpy)
                  00011140    0000003e     stk.aem4f : file.oem4f (.text:fdint_unlockfd)
                  0001117e    0000003c     nettool_ipv4.aem4f : config.oem4f (.text:CfgEntryGetData)
                  000111ba    0000003c     driverlib.lib : emac.obj (.text:EMACIntDisable)
                  000111f6    0000003c     stk.aem4f : node.oem4f (.text:NodeUpdatePL)
                  00011232    00000002     --HOLE-- [fill = 0]
                  00011234    0000003c               : rtable.oem4f (.text:RtWalkBegin)
                  00011270    0000003c               : tcpprot.oem4f (.text:TcpPrConnect)
                  000112ac    0000003c               : tcptime.oem4f (.text:TcpSetPersist)
                  000112e8    0000003c               : rtc.oem4f (.text:_RTCSendRtAdv)
                  00011324    0000003c               : rtable.oem4f (.text:_RtNodeRemove)
                  00011360    0000003c     hal_timer_bios.aem4f : lltimer.oem4f (.text:_llTimerInit)
                  0001139c    00000004     ti.targets.arm.rtsarm.aem4f : Error.oem4f (.text:xdc_runtime_Error_getMsg__E)
                  000113a0    0000003c     sysbios.aem4f : BIOS.obj (.text:ti_sysbios_family_arm_m3_Hwi_excSvCall__I)
                  000113dc    00000004     ti.targets.arm.rtsarm.aem4f : Error.oem4f (.text:xdc_runtime_Error_getSite__E)
                  000113e0    0000003c     sysbios.aem4f : BIOS.obj (.text:ti_sysbios_heaps_HeapMem_init__I)
                  0001141c    00000004     httpget_pem4f.oem4f (.text:xdc_runtime_System_Module_GateProxy_enter__E)
                  00011420    0000003c     sysbios.aem4f : BIOS.obj (.text:ti_sysbios_knl_Swi_restore__E)
                  0001145c    0000003a     driverlib.lib : emac.obj (.text:EMACIntEnable)
                  00011496    00000002     --HOLE-- [fill = 0]
                  00011498    00000038                   : emac.obj (.text:EMACConfigGet)
                  000114d0    00000038     stk.aem4f : ipfrag.oem4f (.text:IPReasmTimeout)
                  00011508    00000038               : node.oem4f (.text:NodeGetRt)
                  00011540    00000038     driverlib.lib : sysctl.obj (.text:SysCtlPeripheralReady)
                  00011578    00000038     stk.aem4f : tcpprot.oem4f (.text:TcpClose)
                  000115b0    00000038               : timer.oem4f (.text:TimerHSTick)
                  000115e8    00000038     rtsv7M4_T_le_v4SPD16_eabi.lib : trgmsg.c.obj (.text:__TI_writemsg)
                  00011620    00000038     nettool_ipv4.aem4f : dhcpbild.oem4f (.text:dhcpBuildDiscover)
                  00011658    00000038                        : dhcptags.oem4f (.text:dhcpOptionsClear)
                  00011690    00000038     stk.aem4f : file.oem4f (.text:fdint_waitevent)
                  000116c8    00000038     sysbios.aem4f : BIOS.obj (.text:ti_sysbios_family_arm_m3_Hwi_excNoIsr__I)
                  00011700    00000038     httpget_pem4f.oem4f (.text:ti_sysbios_knl_Clock_create)
                  00011738    00000038     sysbios.aem4f : BIOS.obj (.text:ti_sysbios_knl_Task_processVitalTaskFlag__I)
                  00011770    00000038     ti.targets.arm.rtsarm.aem4f : SysMin.oem4f (.text:xdc_runtime_SysMin_putch__E)
                  000117a8    00000038                                 : System.oem4f (.text:xdc_runtime_System_atexit__E)
                  000117e0    00000036     stk.aem4f : ip.oem4f (.text:IPChecksum)
                  00011816    00000036     rtsv7M4_T_le_v4SPD16_eabi.lib : strncpy.c.obj (.text:strncpy)
                  0001184c    00000035     httpget.obj (.text:printError)
                  00011881    00000003     --HOLE-- [fill = 0]
                  00011884    00000034     nettool_ipv4.aem4f : config.oem4f (.text:CfgSetService)
                  000118b8    00000034     driverlib.lib : emac.obj (.text:EMACConfigSet)
                  000118ec    00000034                   : emac.obj (.text:EMACIntClear)
                  00011920    00000034     drivers_tivaware.aem4f : EMACSnow.oem4f (.text:EMACSnow_emacPoll)
                  00011954    00000034                            : EMACSnow.oem4f (.text:EMACSnow_isLinkUp)
                  00011988    00000034                            : EMAC.oem4f (.text:EMAC_init)
                  000119bc    00000034     stk.aem4f : exec.oem4f (.text:ExecClose)
                  000119f0    00000034               : nimu.oem4f (.text:NIMUFindByName)
                  00011a24    00000034               : nimu.oem4f (.text:NIMUInit)
                  00011a58    00000034               : rawethsock.oem4f (.text:RawEthSockNotify)
                  00011a8c    00000034               : sockprot.oem4f (.text:SockPrCtlError)
                  00011ac0    00000034     driverlib.lib : sysctl.obj (.text:SysCtlPeripheralEnable)
                  00011af4    00000034     rtsv7M4_T_le_v4SPD16_eabi.lib : fopen.c.obj (.text:__TI_cleanup)
                  00011b28    00000034                                   : trgmsg.c.obj (.text:__TI_readmsg)
                  00011b5c    00000034     os.aem4f : mem.oem4f (.text:mmUnInitPage)
                  00011b90    00000034     sysbios.aem4f : BIOS.obj (.text:ti_sysbios_family_arm_m3_Hwi_Instance_finalize__E)
                  00011bc4    00000004     httpget_pem4f.oem4f (.text:xdc_runtime_System_Module_GateProxy_leave__E)
                  00011bc8    00000034     sysbios.aem4f : BIOS.obj (.text:ti_sysbios_family_arm_m3_Hwi_excNmi__I)
                  00011bfc    00000004     ti.targets.arm.rtsarm.aem4f : System.oem4f (.text:xdc_runtime_System_aprintf_va__F)
                  00011c00    00000034     sysbios.aem4f : BIOS.obj (.text:ti_sysbios_hal_Hwi_checkStack)
                  00011c34    00000034     httpget_pem4f.oem4f (.text:ti_sysbios_knl_Semaphore_create)
                  00011c68    00000034     ti.targets.arm.rtsarm.aem4f : Core-label.oem4f (.text:xdc_runtime_Core_assignLabel__I)
                  00011c9c    00000033                                 : Text.oem4f (.text:xdc_runtime_Text_printVisFxn__I)
                  00011ccf    00000001     --HOLE-- [fill = 0]
                  00011cd0    00000032     nettool_ipv4.aem4f : config.oem4f (.text:CfgGetImmediate)
                  00011d02    00000032     stk.aem4f : route.oem4f (.text:RtDeRef)
                  00011d34    00000032               : route.oem4f (.text:RtSetFailure)
                  00011d66    00000032               : sb.oem4f (.text:SBFlush)
                  00011d98    00000032               : sb.oem4f (.text:SBSetMax)
                  00011dca    00000032               : sock.oem4f (.text:SockIntAbort)
                  00011dfc    00000032     nettool_ipv4.aem4f : config.oem4f (.text:_CfgAcquire)
                  00011e2e    00000032                        : dhcpsm.oem4f (.text:dhcpIPRemove)
                  00011e60    00000032     sysbios.aem4f : BIOS.obj (.text:ti_sysbios_hal_Hwi_initStack)
                  00011e92    00000006     driverlib.lib : emac.obj (.text:EMACRxDMADescriptorListSet)
                  00011e98    00000032     sysbios.aem4f : BIOS.obj (.text:ti_sysbios_knl_Event_pendTimeout__I)
                  00011eca    00000006     driverlib.lib : emac.obj (.text:EMACTxDMADescriptorListSet)
                  00011ed0    00000032     sysbios.aem4f : BIOS.obj (.text:ti_sysbios_knl_Semaphore_pendTimeout__I)
                  00011f02    00000030     driverlib.lib : emac.obj (.text:EMACAddrSet)
                  00011f32    00000002     --HOLE-- [fill = 0]
                  00011f34    00000030     drivers_tivaware.aem4f : EMACSnow.oem4f (.text:EMACSnow_handlePackets)
                  00011f64    00000030     netctrl_min_ipv4.aem4f : netsrv.oem4f (.text:NS_PreBoot)
                  00011f94    00000030     stk.aem4f : sock.oem4f (.text:SockBind)
                  00011fc4    00000030               : sock.oem4f (.text:SockGetName)
                  00011ff4    00000030     nettool_ipv4.aem4f : dhcpsock.oem4f (.text:dhcpPacketSend)
                  00012024    00000030     rtsv7M4_T_le_v4SPD16_eabi.lib : getdevice.c.obj (.text:finddevice)
                  00012054    00000030     stk.aem4f : listlib.oem4f (.text:list_remove_node)
                  00012084    00000030     httpget_pem4f.oem4f (.text:ti_sysbios_BIOS_atExitFunc__I)
                  000120b4    00000004     ti.targets.arm.rtsarm.aem4f : System.oem4f (.text:xdc_runtime_System_printf_va__F)
                  000120b8    00000030     sysbios.aem4f : BIOS.obj (.text:ti_sysbios_family_arm_lm4_Timer_stop__E)
                  000120e8    00000030                   : BIOS.obj (.text:ti_sysbios_family_arm_m3_TaskSupport_start__E)
                  00012118    00000030     httpget_pem4f.oem4f (.text:ti_sysbios_gates_GateHwi_Object__create__S)
                  00012148    00000030     httpget_pem4f.oem4f (.text:ti_sysbios_gates_GateMutex_Object__create__S)
                  00012178    00000030     sysbios.aem4f : BIOS.obj (.text:ti_sysbios_gates_GateMutex_enter__E)
                  000121a8    00000030     httpget_pem4f.oem4f (.text:ti_sysbios_heaps_HeapMem_Object__create__S)
                  000121d8    00000030     httpget_pem4f.oem4f (.text:ti_sysbios_knl_Semaphore_construct)
                  00012208    00000030     ti.targets.arm.rtsarm.aem4f : SysMin.oem4f (.text:xdc_runtime_SysMin_abort__E)
                  00012238    00000030                                 : System.oem4f (.text:xdc_runtime_System_processAtExit__E)
                  00012268    0000002e     stk.aem4f : sb.oem4f (.text:SBFree)
                  00012296    0000002e     httpget_pem4f.oem4f (.text:malloc)
                  000122c4    0000002e     rtsv7M4_T_le_v4SPD16_eabi.lib : i_tofd_t2.asm.obj (.text)
                  000122f2    0000002c     driverlib.lib : emac.obj (.text:EMACIntStatus)
                  0001231e    0000002c     stk.aem4f : file.oem4f (.text:FdSignalEvent)
                  0001234a    00000002     --HOLE-- [fill = 0]
                  0001234c    0000002c               : igmp.oem4f (.text:IGMPTestGroup)
                  00012378    0000002c     os.aem4f : task.oem4f (.text:NDK_hookCreate)
                  000123a4    0000002c     stk.aem4f : nimu.oem4f (.text:NIMUAllocateIndex)
                  000123d0    0000002c               : nimu.oem4f (.text:NIMUPacketServiceCheck)
                  000123fc    0000002c               : pipe.oem4f (.text:PipeClose)
                  00012428    0000002c               : sockpcb.oem4f (.text:SockPcbAttach)
                  00012454    0000002c               : lli.oem4f (.text:_LLIExpListRemove)
                  00012480    0000002c               : lli.oem4f (.text:_LLITimeoutFlush)
                  000124ac    0000002c               : rtable.oem4f (.text:_RtExpListRemove)
                  000124d8    0000002c     httpget_pem4f.oem4f (.text:ti_sysbios_knl_Clock_doTick__I)
                  00012504    0000002c     httpget_pem4f.oem4f (.text:ti_sysbios_knl_Queue_construct)
                  00012530    0000002c     sysbios.aem4f : BIOS.obj (.text:ti_sysbios_knl_Task_restore__E)
                  0001255c    0000002c     rtsv7M4_T_le_v4SPD16_eabi.lib : unlink.c.obj (.text:unlink)
                  00012588    0000002c     ti.targets.arm.rtsarm.aem4f : Text.oem4f (.text:xdc_runtime_Text_cordText__E)
                  000125b4    0000002a     driverlib.lib : gpio.obj (.text:GPIODirModeSet)
                  000125de    0000002a     stk.aem4f : pbm.oem4f (.text:PBMQ_deq)
                  00012608    0000002a     netctrl_min_ipv4.aem4f : netsrv.oem4f (.text:ServiceCallback)
                  00012632    0000002a     nettool_ipv4.aem4f : config.oem4f (.text:_CfgRelease)
                  0001265c    0000002a     rtsv7M4_T_le_v4SPD16_eabi.lib : strspn.c.obj (.text:strspn)
                  00012686    0000002a     ti.targets.arm.rtsarm.aem4f : System.oem4f (.text:xdc_runtime_System_putchar__I)
                  000126b0    00000028     stk.aem4f : bind.oem4f (.text:BindFindByNet)
                  000126d8    00000028               : lli.oem4f (.text:LLIFree)
                  00012700    00000028     netctrl_min_ipv4.aem4f : netctrl.oem4f (.text:NC_SystemClose)
                  00012728    00000028     stk.aem4f : nimu.oem4f (.text:NIMUCreatePacket)
                  00012750    00000028               : nimu.oem4f (.text:NIMUPacketService)
                  00012778    00000028               : tcpin.oem4f (.text:TcpEnterTimeWait)
                  000127a0    00000028               : timer.oem4f (.text:TimerListRemove)
                  000127c8    00000028               : vlan.oem4f (.text:VLANFindSourceInterface)
                  000127f0    00000028               : vlan.oem4f (.text:VLANInit)
                  00012818    00000028     nettool_ipv4.aem4f : dhcpsock.oem4f (.text:dhcpPacketReceive)
                  00012840    00000028     rtsv7M4_T_le_v4SPD16_eabi.lib : lseek.c.obj (.text:lseek)
                  00012868    00000028     drivers_tivaware.aem4f : EMACSnow.oem4f (.text:signalLinkChange)
                  00012890    00000028     sysbios.aem4f : BIOS.obj (.text:ti_sysbios_knl_Swi_Module_startup__E)
                  000128b8    00000028     rtsv7M4_T_le_v4SPD16_eabi.lib : write.c.obj (.text:write)
                  000128e0    00000026     nettool_ipv4.aem4f : config.oem4f (.text:CfgEntryInfo)
                  00012906    00000026     driverlib.lib : emac.obj (.text:EMACPHYRead)
                  0001292c    00000026                   : emac.obj (.text:EMACPHYWrite)
                  00012952    00000026     stk.aem4f : rawethsock.oem4f (.text:RawEthSockClose)
                  00012978    00000026     sysbios.aem4f : m3_Hwi_asm.obj (.text:ti_sysbios_family_arm_m3_Hwi_pendSV__I)
                  0001299e    00000026     ti.targets.arm.rtsarm.aem4f : System.oem4f (.text:xdc_runtime_System_avprintf__E)
                  000129c4    00000024     stk.aem4f : bind.oem4f (.text:BindFindByHost)
                  000129e8    00000024               : bind.oem4f (.text:BindGetIFByDBCast)
                  00012a0c    00000024     drivers_tivaware.aem4f : EMACSnow.oem4f (.text:EMACSnow_pkt_service)
                  00012a30    00000024                            : EMACSnow.oem4f (.text:EMACSnow_primeRx)
                  00012a54    00000024     stk.aem4f : exec.oem4f (.text:ExecTimer)
                  00012a78    00000024               : nimu.oem4f (.text:NIMUFindByIndex)
                  00012a9c    00000024               : rtc.oem4f (.text:RTCAddHook)
                  00012ac0    00000024               : rawethsock_pcb.oem4f (.text:RawEthSockPcbFind)
                  00012ae4    00000024               : route.oem4f (.text:RtFree)
                  00012b08    00000024               : route.oem4f (.text:RtSetTimeout)
                  00012b2c    00000024               : sockpcb.oem4f (.text:SockPcbCleanup)
                  00012b50    00000024               : tcpprot.oem4f (.text:TcpPrListen)
                  00012b74    00000024               : tcptime.oem4f (.text:TcpTimeoutWait2)
                  00012b98    00000024     nettool_ipv4.aem4f : config.oem4f (.text:_CfgEntryProcess)
                  00012bbc    00000024     httpget.obj (.text:getTimeStr)
                  00012be0    00000024     rtsv7M4_T_le_v4SPD16_eabi.lib : strcspn.c.obj (.text:strcspn)
                  00012c04    00000024     httpget_pem4f.oem4f (.text:ti_sysbios_BIOS_errorRaiseHook__I)
                  00012c28    00000024     httpget_pem4f.oem4f (.text:ti_sysbios_BIOS_registerRTSLock__I)
                  00012c4c    00000024     httpget_pem4f.oem4f (.text:ti_sysbios_BIOS_removeRTSLock__I)
                  00012c70    00000024     httpget_pem4f.oem4f (.text:ti_sysbios_BIOS_startFunc__I)
                  00012c94    00000024     httpget_pem4f.oem4f (.text:ti_sysbios_gates_GateMutex_Object__delete__S)
                  00012cb8    00000024     sysbios.aem4f : BIOS.obj (.text:ti_sysbios_knl_Clock_Module_startup__E)
                  00012cdc    00000004     --HOLE-- [fill = 0]
                  00012ce0    00000024                   : BIOS.obj (.text:ti_sysbios_knl_Semaphore_Instance_init__E)
                  00012d04    00000024     httpget_pem4f.oem4f (.text:ti_sysbios_knl_Semaphore_Object__delete__S)
                  00012d28    00000024     sysbios.aem4f : BIOS.obj (.text:ti_sysbios_knl_Task_restoreHwi__E)
                  00012d4c    00000024     ti.targets.arm.rtsarm.aem4f : System.oem4f (.text:xdc_runtime_System_vprintf__E)
                  00012d70    00000022     nettool_ipv4.aem4f : config.oem4f (.text:CfgEntryRef)
                  00012d92    00000022     stk.aem4f : vlan.oem4f (.text:VLANFindNode)
                  00012db4    00000004     --HOLE-- [fill = 0]
                  00012db8    00000022     sysbios.aem4f : BIOS.obj (.text:ti_sysbios_family_arm_lm4_Timer_write__I)
                  00012dda    00000022     httpget_pem4f.oem4f (.text:xdc_runtime_SysMin_output__I)
                  00012dfc    00000020     netctrl_min_ipv4.aem4f : netctrl.oem4f (.text:NC_BootComplete)
                  00012e1c    00000020     stk.aem4f : nimu.oem4f (.text:NIMUGetNumOfObject)
                  00012e3c    00000020               : rtc.oem4f (.text:RTCRemoveHook)
                  00012e5c    00000020               : tcp.oem4f (.text:TcpTimeoutRemove)
                  00012e7c    00000020     Boot.aem4f : Boot_sysctl.oem4f (.text:_SysCtlMemTimingGet)
                  00012e9c    00000020     rtsv7M4_T_le_v4SPD16_eabi.lib : memchr.c.obj (.text:memchr)
                  00012ebc    00000020     httpget_pem4f.oem4f (.text:ti_sysbios_BIOS_rtsLock__I)
                  00012edc    00000020     httpget_pem4f.oem4f (.text:ti_sysbios_family_arm_m3_Hwi_Object__delete__S)
                  00012efc    00000020     sysbios.aem4f : m3_Hwi_asm.obj (.text:ti_sysbios_family_arm_m3_Hwi_excHandlerAsm__I)
                  00012f1c    00000004     --HOLE-- [fill = 0]
                  00012f20    00000020                   : BIOS.obj (.text:ti_sysbios_family_arm_m3_Hwi_excHandler__I)
                  00012f40    00000020     httpget_pem4f.oem4f (.text:ti_sysbios_gates_GateHwi_Object__delete__S)
                  00012f60    00000020     httpget_pem4f.oem4f (.text:ti_sysbios_heaps_HeapMem_Object__delete__S)
                  00012f80    00000020     sysbios.aem4f : BIOS.obj (.text:ti_sysbios_knl_Idle_run__E)
                  00012fa0    00000020     httpget_pem4f.oem4f (.text:ti_sysbios_knl_Semaphore_Object__destruct__S)
                  00012fc0    00000020     httpget_pem4f.oem4f (.text:ti_sysbios_knl_Swi_Object__delete__S)
                  00012fe0    00000020     httpget_pem4f.oem4f (.text:ti_sysbios_knl_Task_Object__delete__S)
                  00013000    00000020     ti.targets.arm.rtsarm.aem4f : Registry.oem4f (.text:xdc_runtime_Registry_findById__E)
                  00013020    00000020                                 : SysMin.oem4f (.text:xdc_runtime_SysMin_Module_startup__E)
                  00013040    0000001e     stk.aem4f : listlib.oem4f (.text:list_remove)
                  0001305e    0000001e     httpget.obj (.text:recv)
                  0001307c    0000001e     httpget.obj (.text:send)
                  0001309a    0000001e     rtsv7M4_T_le_v4SPD16_eabi.lib : strcat.c.obj (.text:strcat)
                  000130b8    0000001e     sysbios.aem4f : m3_Hwi_asm_switch.obj (.text:ti_sysbios_family_xxx_Hwi_switchAndRunFunc)
                  000130d6    00000002     --HOLE-- [fill = 0]
                  000130d8    0000001c     stk.aem4f : bind.oem4f (.text:BindFindByIF)
                  000130f4    0000001c               : exec.oem4f (.text:ExecBroadcast)
                  00013110    0000001c     os.aem4f : ossys.oem4f (.text:NDK_sprintf)
                  0001312c    0000001c     stk.aem4f : nimu.oem4f (.text:NIMUAddHeader)
                  00013148    0000001c               : sockprot.oem4f (.text:SockPrDetach)
                  00013164    0000001c     os.aem4f : task.oem4f (.text:TaskDestroy)
                  00013180    0000001c     drivers_tivaware.aem4f : GPIOTiva.oem4f (.text:getGpioIntIndex)
                  0001319c    0000001c     rtsv7M4_T_le_v4SPD16_eabi.lib : memccpy.c.obj (.text:memccpy)
                  000131b8    0000001c     httpget_pem4f.oem4f (.text:ti_ndk_config_global_taskCreateHook)
                  000131d4    00000004     --HOLE-- [fill = 0]
                  000131d8    0000001c     sysbios.aem4f : BIOS.obj (.text:ti_sysbios_gates_GateMutex_Instance_init__E)
                  000131f4    0000001c     httpget_pem4f.oem4f (.text:ti_sysbios_knl_Queue_Object__destruct__S)
                  00013210    0000001c     sysbios.aem4f : BIOS.obj (.text:ti_sysbios_knl_Queue_get__E)
                  0001322c    00000004     --HOLE-- [fill = 0]
                  00013230    0000001c                   : BIOS.obj (.text:ti_sysbios_knl_Queue_put__E)
                  0001324c    00000004     --HOLE-- [fill = 0]
                  00013250    0000001c                   : BIOS.obj (.text:ti_sysbios_knl_Task_enter__I)
                  0001326c    0000001c     ti.targets.arm.rtsarm.aem4f : Error.oem4f (.text:xdc_runtime_Error_raiseX__E)
                  00013288    0000001c                                 : Memory.oem4f (.text:xdc_runtime_Memory_valloc__E)
                  000132a4    0000001c                                 : SysMin.oem4f (.text:xdc_runtime_SysMin_exit__E)
                  000132c0    0000001c                                 : System.oem4f (.text:xdc_runtime_System_abort__E)
                  000132dc    0000001a     stk.aem4f : bind.oem4f (.text:BindGetIP)
                  000132f6    0000001a               : sockint.oem4f (.text:SockSetOOBMark)
                  00013310    0000001a     rtsv7M4_T_le_v4SPD16_eabi.lib : s_copysign.c.obj (.text:copysign)
                  0001332a    0000001a     stk.aem4f : file.oem4f (.text:fdint_getfdt)
                  00013344    0000001a     httpget_pem4f.oem4f (.text:free)
                  0001335e    0000001a     httpget_pem4f.oem4f (.text:ti_sysbios_family_arm_m3_Hwi_Handle__label__S)
                  00013378    0000001a     httpget_pem4f.oem4f (.text:ti_sysbios_gates_GateHwi_Handle__label__S)
                  00013392    0000001a     httpget_pem4f.oem4f (.text:ti_sysbios_gates_GateMutex_Handle__label__S)
                  000133ac    0000001a     httpget_pem4f.oem4f (.text:ti_sysbios_heaps_HeapMem_Handle__label__S)
                  000133c6    0000001a     httpget_pem4f.oem4f (.text:ti_sysbios_knl_Swi_Handle__label__S)
                  000133e0    0000001a     httpget_pem4f.oem4f (.text:ti_sysbios_knl_Task_Handle__label__S)
                  000133fa    00000006     driverlib.lib : gpio.obj (.text:GPIOIntClear)
                  00013400    0000001a     sysbios.aem4f : BIOS.obj (.text:ti_sysbios_knl_Task_sleepTimeout__I)
                  0001341a    0000001a     httpget_pem4f.oem4f (.text:xdc_runtime_System_aprintf__E)
                  00013434    0000001a     httpget_pem4f.oem4f (.text:xdc_runtime_System_printf__E)
                  0001344e    00000002     --HOLE-- [fill = 0]
                  00013450    00000018     drivers_tivaware.aem4f : EMACSnow.oem4f (.text:EMACSnow_emacSend)
                  00013468    00000018     driverlib.lib : gpio.obj (.text:GPIOPinTypeGPIOOutput)
                  00013480    00000018     stk.aem4f : ip.oem4f (.text:IPRtChange)
                  00013498    00000018               : rawethsock_pcb.oem4f (.text:RawEthSockPcbCleanup)
                  000134b0    00000018     nettool_ipv4.aem4f : ipaddr.oem4f (.text:RouteHook)
                  000134c8    00000018     stk.aem4f : tcpin.oem4f (.text:SEQ_GEQ)
                  000134e0    00000018               : tcpout.oem4f (.text:SEQ_GEQ)
                  000134f8    00000018               : tcpin.oem4f (.text:SEQ_GT)
                  00013510    00000018               : tcpout.oem4f (.text:SEQ_GT)
                  00013528    00000018               : tcpin.oem4f (.text:SEQ_LEQ)
                  00013540    00000018               : tcpout.oem4f (.text:SEQ_LEQ)
                  00013558    00000018               : tcpin.oem4f (.text:SEQ_LT)
                  00013570    00000018               : tcpout.oem4f (.text:SEQ_LT)
                  00013588    00000018               : tcp.oem4f (.text:TcpTimeoutAdd)
                  000135a0    00000018     rtsv7M4_T_le_v4SPD16_eabi.lib : args_main.c.obj (.text:_args_main)
                  000135b8    00000018     nettool_ipv4.aem4f : dhcpsock.oem4f (.text:dhcpSocketClose)
                  000135d0    00000018     stk.aem4f : listlib.oem4f (.text:list_add)
                  000135e8    00000018     rtsv7M4_T_le_v4SPD16_eabi.lib : strcmp.c.obj (.text:strcmp)
                  00013600    00000018     httpget_pem4f.oem4f (.text:ti_sysbios_BIOS_rtsUnlock__I)
                  00013618    00000018     httpget_pem4f.oem4f (.text:ti_sysbios_family_arm_lm4_Timer_Module__startupDone__F)
                  00013630    00000018     httpget_pem4f.oem4f (.text:ti_sysbios_family_arm_m3_Hwi_Module__startupDone__F)
                  00013648    00000018     sysbios.aem4f : m3_TaskSupport_asm.obj (.text:ti_sysbios_family_arm_m3_TaskSupport_swap__E)
                  00013660    00000018                   : BIOS.obj (.text:ti_sysbios_gates_GateMutex_leave__E)
                  00013678    00000018     ti.targets.arm.rtsarm.aem4f : Error.oem4f (.text:xdc_runtime_Error_check__E)
                  00013690    00000018                                 : System.oem4f (.text:xdc_runtime_System_exit__E)
                  000136a8    00000018                                 : Text.oem4f (.text:xdc_runtime_Text_ropeText__E)
                  000136c0    00000016     driverlib.lib : emac.obj (.text:EMACReset)
                  000136d6    00000016                   : emac.obj (.text:EMACRxEnable)
                  000136ec    00000016                   : emac.obj (.text:EMACTxEnable)
                  00013702    00000016     stk.aem4f : file.oem4f (.text:fdint_freefdt)
                  00013718    00000016     rtsv7M4_T_le_v4SPD16_eabi.lib : strchr.c.obj (.text:strchr)
                  0001372e    00000016     httpget_pem4f.oem4f (.text:ti_sysbios_BIOS_exitFunc__I)
                  00013744    00000016     httpget.obj (.text:ti_sysbios_knl_Task_Params_init)
                  0001375a    00000016     ti.targets.arm.rtsarm.aem4f : System.oem4f (.text:xdc_runtime_System_vsprintf__E)
                  00013770    00000014     stk.aem4f : bind.oem4f (.text:BindIPHost2IF)
                  00013784    00000014     driverlib.lib : flash.obj (.text:FlashUserGet)
                  00013798    00000014     netctrl_min_ipv4.aem4f : netctrl.oem4f (.text:NC_NetStop)
                  000137ac    00000014     os.aem4f : task.oem4f (.text:NDK_hookExit)
                  000137c0    00000014     stk.aem4f : nimu.oem4f (.text:NIMUSendPacket)
                  000137d4    00000014     nettool_ipv4.aem4f : ipaddr.oem4f (.text:NtRemoveNetwork)
                  000137e8    00000014     stk.aem4f : rawethsock_pcb.oem4f (.text:RawEthSockPcbInit)
                  000137fc    00000014               : timer.oem4f (.text:TimerFree)
                  00013810    00000014     httpget.obj (.text:accept)
                  00013824    00000014     httpget.obj (.text:bind)
                  00013838    00000014     httpget.obj (.text:socket)
                  0001384c    00000014     rtsv7M4_T_le_v4SPD16_eabi.lib : strcpy.c.obj (.text:strcpy)
                  00013860    00000014                                   : strlen.c.obj (.text:strlen)
                  00013874    00000014     httpget_pem4f.oem4f (.text:ti_ndk_config_global_taskExitHook)
                  00013888    00000014     httpget_pem4f.oem4f (.text:ti_sysbios_family_arm_m3_Hwi_Object__get__S)
                  0001389c    00000004     --HOLE-- [fill = 0]
                  000138a0    00000014     sysbios.aem4f : BIOS.obj (.text:ti_sysbios_family_arm_m3_Hwi_switchFromBootStack__E)
                  000138b4    00000014     httpget_pem4f.oem4f (.text:ti_sysbios_heaps_HeapMem_Object__get__S)
                  000138c8    00000014     httpget_pem4f.oem4f (.text:ti_sysbios_knl_Mailbox_Object__get__S)
                  000138dc    00000014     httpget_pem4f.oem4f (.text:ti_sysbios_knl_Swi_Object__get__S)
                  000138f0    00000014     httpget_pem4f.oem4f (.text:ti_sysbios_knl_Task_Object__first__S)
                  00013904    00000014     httpget_pem4f.oem4f (.text:ti_sysbios_knl_Task_Object__next__S)
                  00013918    00000012     driverlib.lib : gpio.obj (.text:GPIOPinTypeEthernetLED)
                  0001392a    00000012     stk.aem4f : sockprot.oem4f (.text:SockPrAttach)
                  0001393c    00000012               : sockint.oem4f (.text:SockSetOOBData)
                  0001394e    00000002     --HOLE-- [fill = 0]
                  00013950    00000012     sysbios.aem4f : BIOS.obj (.text:ti_sysbios_hal_Hwi_Module_startup__E)
                  00013962    00000006     driverlib.lib : gpio.obj (.text:GPIOPinWrite)
                  00013968    00000012     sysbios.aem4f : BIOS.obj (.text:ti_sysbios_knl_Semaphore_reset__E)
                  0001397a    00000012     rtsv7M4_T_le_v4SPD16_eabi.lib : wcslen.c.obj (.text:wcslen)
                  0001398c    00000012     httpget_pem4f.oem4f (.text:xdc_runtime_Startup_exec__I)
                  0001399e    00000002     --HOLE-- [fill = 0]
                  000139a0    00000010     httpget_pem4f.oem4f (.text:.bootCodeSection:ti_catalog_arm_cortexm4_tiva_ce_Boot_init__I)
                  000139b0    00000010     stk.aem4f : bind.oem4f (.text:BindIF2IPHost)
                  000139c0    00000010               : bind.oem4f (.text:BindIFNet2IPHost)
                  000139d0    00000010     driverlib.lib : emac.obj (.text:EMACFrameFilterSet)
                  000139e0    00000010     stk.aem4f : exec.oem4f (.text:ExecHRef)
                  000139f0    00000010     netctrl_min_ipv4.aem4f : netctrl.oem4f (.text:NC_IPUpdate)
                  00013a00    00000010     stk.aem4f : nimu.oem4f (.text:NIMUGetRsvdSizeInfo)
                  00013a10    00000010     httpget.obj (.text:listen)
                  00013a20    00000010     sysbios.aem4f : BIOS.obj (.text:ti_sysbios_BIOS_exit__E)
                  00013a30    00000010                   : BIOS.obj (.text:ti_sysbios_BIOS_getCpuFreq__E)
                  00013a40    00000010                   : BIOS.obj (.text:ti_sysbios_BIOS_setThreadType__E)
                  00013a50    00000010                   : BIOS.obj (.text:ti_sysbios_BIOS_start__E)
                  00013a60    00000010                   : m3_TaskSupport_asm.obj (.text:ti_sysbios_family_arm_m3_TaskSupport_glue)
                  00013a70    00000010                   : BIOS.obj (.text:ti_sysbios_gates_GateMutex_Instance_finalize__E)
                  00013a80    00000010                   : BIOS.obj (.text:ti_sysbios_knl_Semaphore_Instance_finalize__E)
                  00013a90    00000010                   : BIOS.obj (.text:ti_sysbios_knl_Swi_disable__E)
                  00013aa0    00000010     httpget_pem4f.oem4f (.text:ti_sysbios_knl_Task_Object__get__S)
                  00013ab0    00000010     sysbios.aem4f : BIOS.obj (.text:ti_sysbios_knl_Task_disable__E)
                  00013ac0    00000010     ti.targets.arm.rtsarm.aem4f : Gate.oem4f (.text:xdc_runtime_Gate_leaveSystem__E)
                  00013ad0    00000010                                 : Memory.oem4f (.text:xdc_runtime_Memory_free__E)
                  00013ae0    00000010                                 : SysMin.oem4f (.text:xdc_runtime_SysMin_ready__E)
                  00013af0    00000010                                 : System.oem4f (.text:xdc_runtime_System_vsnprintf__E)
                  00013b00    00000010     httpget_pem4f.oem4f (.text:xdc_runtime_Text_visitRope__I)
                  00013b10    0000000e     drivers_tivaware.aem4f : EMACSnow.oem4f (.text:EMACSnow_emacioctl)
                  00013b1e    0000000e     stk.aem4f : exec.oem4f (.text:ExecLowResource)
                  00013b2c    0000000e     driverlib.lib : gpio.obj (.text:GPIOIntStatus)
                  00013b3a    0000000e     rtsv7M4_T_le_v4SPD16_eabi.lib : copy_decompress_none.c.obj (.text:decompress:none:__TI_decompress_none)
                  00013b48    0000000e     sysbios.aem4f : BIOS.obj (.text:ti_sysbios_knl_Idle_loop__E)
                  00013b56    00000002     --HOLE-- [fill = 0]
                  00013b58    0000000e                   : BIOS.obj (.text:ti_sysbios_knl_Queue_empty__E)
                  00013b66    00000002     --HOLE-- [fill = 0]
                  00013b68    0000000c     stk.aem4f : bind.oem4f (.text:BindGetFirst)
                  00013b74    0000000c     nettool_ipv4.aem4f : config.oem4f (.text:CfgSetDefault)
                  00013b80    0000000c     drivers_tivaware.aem4f : EMACSnow.oem4f (.text:EMACSnow_init)
                  00013b8c    0000000c     os.aem4f : task.oem4f (.text:NDK_hookInit)
                  00013b98    0000000c     stk.aem4f : nimu.oem4f (.text:NIMUSetRsvdSizeInfo)
                  00013ba4    0000000c     os.aem4f : task.oem4f (.text:NotifyLowResource)
                  00013bb0    0000000c     stk.aem4f : pbm.oem4f (.text:PBM_close)
                  00013bbc    0000000c     os.aem4f : semaphore.oem4f (.text:SemDelete)
                  00013bc8    0000000c     hal_timer_bios.aem4f : lltimer.oem4f (.text:_llTimerShutdown)
                  00013bd4    0000000c     rtsv7M4_T_le_v4SPD16_eabi.lib : _lock.c.obj (.text:_register_lock)
                  00013be0    0000000c                                   : _lock.c.obj (.text:_register_unlock)
                  00013bec    0000000c     httpget.obj (.text:close)
                  00013bf8    0000000c     rtsv7M4_T_le_v4SPD16_eabi.lib : copy_zero_init.c.obj (.text:decompress:ZI:__TI_zero_init)
                  00013c04    0000000c     hal_timer_bios.aem4f : lltimer.oem4f (.text:llTimerGetStartTime)
                  00013c10    0000000c     sysbios.aem4f : BIOS.obj (.text:ti_sysbios_BIOS_getThreadType__E)
                  00013c1c    00000004     --HOLE-- [fill = 0]
                  00013c20    0000000c                   : BIOS.obj (.text:ti_sysbios_family_arm_lm4_Timer_getMaxTicks__E)
                  00013c2c    0000000c     httpget_pem4f.oem4f (.text:ti_sysbios_family_arm_m3_Hwi_Params__init__S)
                  00013c38    0000000c     sysbios.aem4f : BIOS.obj (.text:ti_sysbios_family_arm_m3_Hwi_disableFxn__E)
                  00013c44    00000004     --HOLE-- [fill = 0]
                  00013c48    0000000c                   : BIOS.obj (.text:ti_sysbios_family_arm_m3_TaskSupport_checkStack__E)
                  00013c54    00000004     --HOLE-- [fill = 0]
                  00013c58    0000000c                   : BIOS.obj (.text:ti_sysbios_family_arm_m3_TaskSupport_getStackAlignment__E)
                  00013c64    00000004     --HOLE-- [fill = 0]
                  00013c68    0000000c                   : BIOS.obj (.text:ti_sysbios_gates_GateHwi_enter__E)
[...]
00016138  ti_sysbios_family_arm_m3_Hwi_excHookFuncs__A                         
00016140  ti_sysbios_knl_Idle_funcList__A                                      
00016148  ti_sysbios_knl_Idle_funcList__C                                      
00016150  ti_sysbios_knl_Task_hooks__C                                         
00016158  xdc_runtime_Startup_firstFxns__C                                     
00016160  xdc_runtime_Startup_lastFxns__C                                      
00016168  ti_catalog_arm_cortexm4_tiva_ce_Boot_A_mustNotUseEnhancedClockMode__C
0001616c  ti_catalog_arm_cortexm4_tiva_ce_Boot_Module__diagsEnabled__C         
00016170  ti_catalog_arm_cortexm4_tiva_ce_Boot_Module__diagsIncluded__C        
00016174  ti_catalog_arm_cortexm4_tiva_ce_Boot_Module__diagsMask__C            
00016178  ti_sysbios_family_arm_lm4_Timer_enableFunc__C                        
0001617c  ti_sysbios_family_arm_lm4_Timer_numTimerDevices__C                   
00016180  ti_sysbios_family_arm_lm4_Timer_startupNeeded__C                     
00016184  ti_sysbios_family_arm_m3_Hwi_E_NMI__C                                
00016188  ti_sysbios_family_arm_m3_Hwi_E_alreadyDefined__C                     
0001618c  ti_sysbios_family_arm_m3_Hwi_E_busFault__C                           
00016190  ti_sysbios_family_arm_m3_Hwi_E_debugMon__C                           
00016194  ti_sysbios_family_arm_m3_Hwi_E_hardFault__C                          
00016198  ti_sysbios_family_arm_m3_Hwi_E_memFault__C                           
0001619c  ti_sysbios_family_arm_m3_Hwi_E_noIsr__C                              
000161a0  ti_sysbios_family_arm_m3_Hwi_E_reserved__C                           
000161a4  ti_sysbios_family_arm_m3_Hwi_E_svCall__C                             
000161a8  ti_sysbios_family_arm_m3_Hwi_E_usageFault__C                         
000161ac  ti_sysbios_family_arm_m3_Hwi_NUM_INTERRUPTS__C                       
000161b0  ti_sysbios_family_arm_m3_Hwi_Object__count__C                        
000161b4  ti_sysbios_family_arm_m3_Hwi_ccr__C                                  
000161b8  ti_sysbios_family_arm_m3_Hwi_excHandlerFunc__C                       
000161bc  ti_sysbios_family_arm_m3_Hwi_excHookFuncs__C                         
000161c0  ti_sysbios_family_arm_m3_Hwi_nullIsrFunc__C                          
000161c4  ti_sysbios_family_arm_m3_Hwi_priGroup__C                             
000161c8  ti_sysbios_family_arm_m3_TaskSupport_stackAlignment__C               
000161cc  ti_sysbios_gates_GateMutex_Instance_State_sem__O                     
000161d0  ti_sysbios_hal_Hwi_E_stackOverflow__C                                
000161d4  ti_sysbios_heaps_HeapMem_E_memory__C                                 
000161d8  ti_sysbios_heaps_HeapMem_Module__gateObj__C                          
000161dc  ti_sysbios_heaps_HeapMem_Object__count__C                            
000161e0  ti_sysbios_heaps_HeapMem_reqAlign__C                                 
000161e4  ti_sysbios_knl_Clock_Module_State_clockQ__O                          
000161e8  ti_sysbios_knl_Event_Instance_State_pendQ__O                         
000161ec  ti_sysbios_knl_Mailbox_Instance_State_dataQue__O                     
000161f0  ti_sysbios_knl_Mailbox_Instance_State_dataSem__O                     
000161f4  ti_sysbios_knl_Mailbox_Instance_State_freeQue__O                     
000161f8  ti_sysbios_knl_Mailbox_Instance_State_freeSem__O                     
000161fc  ti_sysbios_knl_Mailbox_Object__count__C                              
00016200  ti_sysbios_knl_Mailbox_maxTypeAlign__C                               
00016204  ti_sysbios_knl_Semaphore_Instance_State_pendQ__O                     
00016208  ti_sysbios_knl_Swi_Object__count__C                                  
0001620c  ti_sysbios_knl_Task_E_deleteNotAllowed__C                            
00016210  ti_sysbios_knl_Task_E_spOutOfBounds__C                               
00016214  ti_sysbios_knl_Task_E_stackOverflow__C                               
00016218  ti_sysbios_knl_Task_Module_State_inactiveQ__O                        
0001621c  ti_sysbios_knl_Task_Module_State_terminatedQ__O                      
00016220  ti_sysbios_knl_Task_Object__count__C                                 
00016224  ti_sysbios_knl_Task_Object__heap__C                                  
00016228  ti_sysbios_knl_Task_allBlockedFunc__C                                
0001622c  ti_sysbios_knl_Task_defaultStackHeap__C                              
00016230  ti_sysbios_knl_Task_defaultStackSize__C                              
00016234  ti_sysbios_knl_Task_numConstructedTasks__C                           
00016238  xdc_runtime_Assert_E_assertFailed__C                                 
0001623c  xdc_runtime_Core_A_initializedParams__C                              
00016240  xdc_runtime_Core_Module__diagsEnabled__C                             
00016244  xdc_runtime_Core_Module__diagsIncluded__C                            
00016248  xdc_runtime_Core_Module__diagsMask__C                                
0001624c  xdc_runtime_Error_E_memory__C                                        
00016250  xdc_runtime_Error_Module__diagsEnabled__C                            
00016254  xdc_runtime_Error_Module__diagsIncluded__C                           
00016258  xdc_runtime_Error_Module__diagsMask__C                               
0001625c  xdc_runtime_Error_Module__loggerFxn8__C                              
00016260  xdc_runtime_Error_Module__loggerObj__C                               
00016264  xdc_runtime_Error_policyFxn__C                                       
00016268  xdc_runtime_Error_raiseHook__C                                       
0001626c  xdc_runtime_IGateProvider_Interface__BASE__C                         
00016270  xdc_runtime_IHeap_Interface__BASE__C                                 
00016274  xdc_runtime_IModule_Interface__BASE__C                               
00016278  xdc_runtime_Log_L_error__C                                           
0001627c  xdc_runtime_Memory_defaultHeapInstance__C                            
00016280  xdc_runtime_Startup_execImpl__C                                      
00016284  xdc_runtime_Startup_maxPasses__C                                     
00016288  xdc_runtime_Startup_sfxnRts__C                                       
0001628c  xdc_runtime_Startup_sfxnTab__C                                       
00016290  xdc_runtime_SysMin_bufSize__C                                        
00016294  xdc_runtime_SysMin_outputFunc__C                                     
00016298  xdc_runtime_System_Module__gateObj__C                                
0001629c  xdc_runtime_System_abortFxn__C                                       
000162a0  xdc_runtime_System_exitFxn__C                                        
000162a4  xdc_runtime_System_extendFxn__C                                      
000162a8  xdc_runtime_System_maxAtexitHandlers__C                              
000162ac  xdc_runtime_Text_charTab__C                                          
000162b0  xdc_runtime_Text_nameEmpty__C                                        
000162b4  xdc_runtime_Text_nameStatic__C                                       
000162b8  xdc_runtime_Text_nameUnknown__C                                      
000162bc  xdc_runtime_Text_nodeTab__C                                          
000162c0  xdc_runtime_Text_visitRopeFxn__C                                     
000162c4  ti_sysbios_heaps_HeapMem_Module__id__C                               
000162c6  ti_sysbios_knl_Task_Module__id__C                                    
000162c8  xdc_runtime_Core_Module__id__C                                       
000162ca  xdc_runtime_Error_Module__loggerDefined__C                           
000162cc  xdc_runtime_Error_maxDepth__C                                        
000162ce  xdc_runtime_Memory_Module__id__C                                     
000162d0  xdc_runtime_SysMin_flushAtExit__C                                    
000162d2  xdc_runtime_Text_charCnt__C                                          
000162d4  xdc_runtime_Text_isLoaded__C                                         
000162d6  xdc_runtime_Text_registryModsLastId__C                               
000162d8  xdc_runtime_Text_unnamedModsLastId__C                                
000162e0  __TI_static_base__                                                   
00016730  __TI_Handler_Table_Base                                              
0001673c  __TI_Handler_Table_Limit                                             
00016750  __TI_CINIT_Base                                                      
00016768  __TI_CINIT_Limit                                                     
20000000  __start___llvm_prf_cnts                                              
20000000  __stop___llvm_prf_cnts                                               
20000000  ti_sysbios_family_arm_m3_Hwi_ramVectors                              
20000380  ti_ndk_config_Global_pit                                             
20000498  ti_ndk_config_Global_pitBuffer                                       
2000cc98  ti_sysbios_heaps_HeapMem_Instance_State_0_buf__A                     
20014c98  ips                                                                  
20014d00  ti_ndk_config_Global_pBufMem                                         
20018900  ti_ndk_config_Global_pHdrMem                                         
20018bf8  ti_sysbios_knl_Task_Instance_State_0_stack__A                        
200193f8  ti_sysbios_knl_Task_Instance_State_1_stack__A                        
20019bf8  ti_sysbios_knl_Task_Instance_State_2_stack__A                        
2001a1f8  ti_sysbios_knl_Task_Instance_State_3_stack__A                        
2001a3f8  ti_sysbios_family_arm_m3_Hwi_dispatchTable                           
2001a758  __CIOBUF_                                                            
2001a978  tcps                                                                 
2001aae4  __TI_tmpnams                                                         
2001ad34  xdc_runtime_SysMin_Module_State_0_outbuf__A                          
2001adb4  nimu_mcb                                                             
2001ae18  _ICMPIn                                                              
2001ae64  _ICMPOut                                                             
2001aeb0  ti_sysbios_knl_Mailbox_Instance_State_0_allocBuf__A                  
2001af38  vlan_mcb                                                             
2001af60  array1                                                               
2001afac  udps                                                                 
2001afd0  function                                                             
2001aff0  motorFunction                                                        
2001b010  BlockCount                                                           
2001b02c  BlockMax                                                             
2001b048  PageCount                                                            
2001b064  PageMax                                                              
2001b080  stkEvent                                                             
2001b0bc  raweths                                                              
2001b0cc  raws                                                                 
2001b0dc  PBMQ_free                                                            
2001b0e8  tpseudo                                                              
2001b0f4  upseudo                                                              
2001b100  emacObjects                                                          
2001b108  parmbuf                                                              
2001b138  _IGMPInDiscard                                                       
2001b13c  _IGMPInQuery                                                         
2001b140  _IGMPInQueryGroup                                                    
2001b144  _IGMPInResponse                                                      
2001b148  _IGMPOutResponse                                                     
2001b14c  g_ulStatus                                                           
2001b160  raweth_pcb                                                           
2001b164  ti_sysbios_knl_Task_Instance_State_0_hookEnv__A                      
2001b168  ti_sysbios_knl_Task_Instance_State_1_hookEnv__A                      
2001b16c  ti_sysbios_knl_Task_Instance_State_2_hookEnv__A                      
2001b170  ti_sysbios_knl_Task_Instance_State_3_hookEnv__A                      
2001b174  ti_sysbios_knl_Task_Object__table__V                                 
2001b2a4  _ftable                                                              
2001b394  _ipcfg                                                               
2001b448  ti_sysbios_knl_Swi_Module_State_0_readyQ__A                          
2001b4c8  ti_sysbios_knl_Task_Module_State_0_readyQ__A                         
2001b548  _device                                                              
2001b5c0  _stream                                                              
2001b610  ti_sysbios_knl_Mailbox_Object__table__V                              
2001b6ae  ti_sysbios_family_arm_m3_Hwi_Module_State_0_excActive__A             
2001b6b0  ti_sysbios_knl_Task_Module__state__V                                 
2001b774  ti_sysbios_family_arm_lm4_Timer_Module_State_0_device__A             
2001b7b4  ti_sysbios_family_arm_lm4_Timer_Object__table__V                     
2001b7f4  ti_sysbios_gates_GateMutex_Object__table__V                          
2001b860  ti_sysbios_family_arm_m3_Hwi_Module__state__V                        
2001b894  enablePrefetch                                                       
2001b898  phyCounter                                                           
2001b8c6  xdc_runtime_Error_Module__state__V                                   
2001b8f8  ti_sysbios_knl_Swi_Object__table__V                                  
2001b928  ti_sysbios_knl_Clock_Module__state__V                                
2001b954  pstrMsgName                                                          
2001b97c  ti_sysbios_knl_Semaphore_Object__table__V                            
2001b9a4  _oscfg                                                               
2001b9c8  PITCount                                                             
2001b9cc  PITUsed                                                              
2001b9d0  PITHigh                                                              
2001b9ec  ti_sysbios_BIOS_Module__state__V                                     
2001ba10  ti_sysbios_family_arm_lm4_Timer_Module_State_0_handles__A            
2001ba4c  ti_ndk_config_Global_Id2Size                                         
2001ba68  ti_sysbios_knl_Swi_Module__state__V                                  
2001bacc  ti_sysbios_family_arm_m3_Hwi_Object__table__V                        
2001bae4  ti_sysbios_heaps_HeapMem_Object__table__V                            
2001bb38  gpioPinConfigs                                                       
2001bb48  __TI_ft_end                                                          
2001bb4c  __aeabi_stdin                                                        
2001bb50  __aeabi_stdout                                                       
2001bb54  __aeabi_stderr                                                       
2001bb60  _IGMPForceVersion1                                                   
2001bb68  __TI_cleanup_ptr                                                     
2001bb6c  __TI_dtors_ptr                                                       
2001bb70  __TI_enable_exit_profile_output                                      
2001bb74  ti_sysbios_family_arm_lm4_Timer_Module__state__V                     
2001bb80  ti_sysbios_knl_Event_Object__table__V                                
2001bb8c  xdc_runtime_SysMin_Module__state__V                                  
2001bba4  _lock                                                                
2001bba8  _unlock                                                              
2001bbac  NIMUDeviceTable                                                      
2001bbb4  gpioCallbackFunctions                                                
2001bbbc  ti_ndk_config_Global_HostName                                        
2001bbc0  __xdc__init__addr                                                    
2001bbd4  _ICMPInErrors                                                        
2001bbd8  _ICMPOutErrors                                                       
2001bbdc  _IPExecuting                                                         
2001bbf4  tcp_iss                                                              
2001bbf8  ptTimeFirst                                                          
2001bc04  ti_sysbios_family_arm_m3_Hwi_Module__root__V                         
2001bc0c  ti_sysbios_gates_GateHwi_Module__root__V                             
2001bc14  ti_sysbios_gates_GateMutex_Module__root__V                           
2001bc1c  ti_sysbios_heaps_HeapMem_Module__root__V                             
2001bc24  ti_sysbios_knl_Clock_Module__root__V                                 
2001bc2c  ti_sysbios_knl_Queue_Module__root__V                                 
2001bc34  ti_sysbios_knl_Semaphore_Module__root__V                             
2001bc3c  ti_sysbios_knl_Swi_Module__root__V                                   
2001bc44  ti_sysbios_knl_Task_Module__root__V                                  
2001bc4c  xdc_runtime_Registry_Module__state__V                                
2001bc54  xdc_runtime_Startup_Module__state__V                                 
2001bc5c  xdc_runtime_System_Module_State_0_atexitHandlers__A                  
2001bc64  xdc_runtime_System_Module__state__V                                  
2001bc6c  macAddress                                                           
2001bc90  errno                                                                
2001bc94  main_func_sp                                                         
2001bca0  _IPReasmPtr                                                          
2001bcb0  ti_sysbios_family_arm_m3_Hwi_Module_State_0_excContext__A            
2001bcb4  ti_sysbios_family_arm_m3_Hwi_Module_State_0_excStack__A              
2001bcb8  ti_sysbios_gates_GateHwi_Object__table__V                            
2001bcbc  ti_sysbios_knl_Task_Module_State_0_idleTask__A                       
2001bcc0  xdc_runtime_Memory_Module__state__V                                  
2001bcc8  __stack                                                              
2001c4c8  __STACK_END                                                          
e000e000  ti_sysbios_family_arm_m3_Hwi_nvic                                    
ffffffff  __TI_pprof_out_hndl                                                  
ffffffff  __TI_prof_data_size                                                  
ffffffff  __TI_prof_data_start                                                 
ffffffff  __binit__                                                            
ffffffff  __c_args__                                                           
ffffffff  binit                                                                
UNDEFED   SHT$$INIT_ARRAY$$Base                                                
UNDEFED   SHT$$INIT_ARRAY$$Limit                                               

[1083 symbols]
